INFO:2026-08-26 14:36:06,556:abl.webconnector.main:Start
INFO:2026-08-26 14:36:06,558:abl.webconnector.main:Cleanup event logs.
INFO:2026-08-26 14:36:11,565:abl.webconnector.auto_updates:Checking for auto updates from 12.4.5 with tags ['mac-universal', 'suite']
INFO:2026-08-26 14:36:11,807:abl.webconnector.auto_updates:Deltas found {}
INFO:2026-08-26 14:36:11,808:abl.webconnector.auto_updates:No update found; terminating
INFO:2026-08-26 14:36:12,569:abl.webconnector.main:End
INFO:2026-08-27 08:17:15,394:abl.webconnector.main:Start
INFO:2026-08-27 08:17:15,398:abl.webconnector.main:Cleanup event logs.
INFO:2026-08-27 08:17:20,406:abl.webconnector.auto_updates:Checking for auto updates from 12.4.5 with tags ['mac-universal', 'suite']
INFO:2026-08-27 08:17:20,630:abl.webconnector.auto_updates:Deltas found {}
INFO:2026-08-27 08:17:20,630:abl.webconnector.auto_updates:No update found; terminating
INFO:2026-08-27 08:17:21,409:abl.webconnector.main:End
INFO:2026-08-27 10:22:27,825:abl.webconnector.main:Start
INFO:2026-08-27 10:22:27,829:abl.webconnector.main:Cleanup event logs.
INFO:2026-08-27 10:22:32,832:abl.webconnector.auto_updates:Checking for auto updates from 12.4.5 with tags ['mac-universal', 'suite']
INFO:2026-08-27 10:22:33,118:abl.webconnector.auto_updates:Deltas found {}
INFO:2026-08-27 10:22:33,118:abl.webconnector.auto_updates:No update found; terminating
INFO:2026-08-27 10:22:33,838:abl.webconnector.main:End
INFO:2026-08-27 11:00:09,972:abl.webconnector.main:Start
INFO:2026-08-27 11:00:09,975:abl.webconnector.main:Cleanup event logs.
INFO:2026-08-27 11:00:14,978:abl.webconnector.auto_updates:Checking for auto updates from 12.4.5 with tags ['mac-universal', 'suite']
INFO:2026-08-27 11:00:15,186:abl.webconnector.auto_updates:Deltas found {}
INFO:2026-08-27 11:00:15,186:abl.webconnector.auto_updates:No update found; terminating
INFO:2026-08-27 11:00:15,981:abl.webconnector.main:End
INFO:2026-08-27 11:04:55,656:abl.webconnector.main:Start
INFO:2026-08-27 11:04:55,659:abl.webconnector.main:Cleanup event logs.
INFO:2026-08-27 11:05:00,665:abl.webconnector.auto_updates:Checking for auto updates from 12.4.5 with tags ['mac-universal', 'suite']
INFO:2026-08-27 11:05:00,984:abl.webconnector.auto_updates:Deltas found {}
INFO:2026-08-27 11:05:00,985:abl.webconnector.auto_updates:No update found; terminating
INFO:2026-08-27 11:05:01,669:abl.webconnector.main:End
INFO:2026-08-27 11:53:48,279:abl.webconnector.main:Start
INFO:2026-08-27 11:53:48,281:abl.webconnector.main:Cleanup event logs.
INFO:2026-08-27 11:53:53,287:abl.webconnector.auto_updates:Checking for auto updates from 12.4.5 with tags ['mac-universal', 'suite']
INFO:2026-08-27 11:53:53,573:abl.webconnector.auto_updates:Deltas found {}
INFO:2026-08-27 11:53:53,573:abl.webconnector.auto_updates:No update found; terminating
INFO:2026-08-27 11:53:54,291:abl.webconnector.main:End
INFO:2026-08-27 12:04:47,387:abl.webconnector.main:Start
INFO:2026-08-27 12:04:47,389:abl.webconnector.main:Cleanup event logs.
INFO:2026-08-27 12:04:52,396:abl.webconnector.auto_updates:Checking for auto updates from 12.4.5 with tags ['mac-universal', 'suite']
INFO:2026-08-27 12:04:52,643:abl.webconnector.auto_updates:Deltas found {}
INFO:2026-08-27 12:04:52,643:abl.webconnector.auto_updates:No update found; terminating
INFO:2026-08-27 12:04:53,402:abl.webconnector.main:End
INFO:2026-08-27 12:20:00,922:abl.webconnector.main:Start
INFO:2026-08-27 12:20:00,924:abl.webconnector.main:Cleanup event logs.
INFO:2026-08-27 12:20:05,932:abl.webconnector.auto_updates:Checking for auto updates from 12.4.5 with tags ['mac-universal', 'suite']
INFO:2026-08-27 12:20:06,130:abl.webconnector.auto_updates:Deltas found {}
INFO:2026-08-27 12:20:06,130:abl.webconnector.auto_updates:No update found; terminating
INFO:2026-08-27 12:20:06,934:abl.webconnector.main:End
INFO:2026-08-27 12:38:07,769:abl.webconnector.main:Start
INFO:2026-08-27 12:38:07,772:abl.webconnector.main:Cleanup event logs.
INFO:2026-08-27 12:38:12,775:abl.webconnector.auto_updates:Checking for auto updates from 12.4.5 with tags ['mac-universal', 'suite']
INFO:2026-08-27 12:38:13,004:abl.webconnector.auto_updates:Deltas found {}
INFO:2026-08-27 12:38:13,004:abl.webconnector.auto_updates:No update found; terminating
INFO:2026-08-27 12:38:13,776:abl.webconnector.main:End
INFO:2026-08-27 13:03:52,407:abl.webconnector.main:Start
INFO:2026-08-27 13:03:52,411:abl.webconnector.main:Cleanup event logs.
INFO:2026-08-27 13:03:57,413:abl.webconnector.auto_updates:Checking for auto updates from 12.4.5 with tags ['mac-universal', 'suite']
INFO:2026-08-27 13:03:57,653:abl.webconnector.auto_updates:Deltas found {}
INFO:2026-08-27 13:03:57,654:abl.webconnector.auto_updates:No update found; terminating
INFO:2026-08-27 13:03:58,418:abl.webconnector.main:End
INFO:2026-08-27 13:15:34,857:abl.webconnector.main:Start
INFO:2026-08-27 13:15:34,862:abl.webconnector.main:Cleanup event logs.
INFO:2026-08-27 13:15:39,867:abl.webconnector.auto_updates:Checking for auto updates from 12.4.5 with tags ['mac-universal', 'suite']
INFO:2026-08-27 13:15:40,098:abl.webconnector.auto_updates:Deltas found {}
INFO:2026-08-27 13:15:40,098:abl.webconnector.auto_updates:No update found; terminating
INFO:2026-08-27 13:15:40,872:abl.webconnector.main:End
INFO:2026-08-27 13:22:39,358:abl.webconnector.main:Start
INFO:2026-08-27 13:22:39,362:abl.webconnector.main:Cleanup event logs.
INFO:2026-08-27 13:22:44,365:abl.webconnector.auto_updates:Checking for auto updates from 12.4.5 with tags ['mac-universal', 'suite']
INFO:2026-08-27 13:22:44,573:abl.webconnector.auto_updates:Deltas found {}
INFO:2026-08-27 13:22:44,573:abl.webconnector.auto_updates:No update found; terminating
INFO:2026-08-27 13:22:45,368:abl.webconnector.main:End
INFO:2026-08-27 13:31:23,355:abl.webconnector.main:Start
INFO:2026-08-27 13:31:23,363:abl.webconnector.main:Cleanup event logs.
INFO:2026-08-27 13:31:28,376:abl.webconnector.auto_updates:Checking for auto updates from 12.4.5 with tags ['mac-universal', 'suite']
INFO:2026-08-27 13:31:28,705:abl.webconnector.auto_updates:Deltas found {}
INFO:2026-08-27 13:31:28,706:abl.webconnector.auto_updates:No update found; terminating
INFO:2026-08-27 13:31:29,377:abl.webconnector.main:End
INFO:2026-08-27 13:43:15,762:abl.webconnector.main:Start
INFO:2026-08-27 13:43:15,769:abl.webconnector.main:Cleanup event logs.
INFO:2026-08-27 13:43:20,776:abl.webconnector.auto_updates:Checking for auto updates from 12.4.5 with tags ['mac-universal', 'suite']
INFO:2026-08-27 13:43:21,113:abl.webconnector.auto_updates:Deltas found {}
INFO:2026-08-27 13:43:21,114:abl.webconnector.auto_updates:No update found; terminating
INFO:2026-08-27 13:43:21,778:abl.webconnector.main:End
INFO:2026-08-27 14:12:52,779:abl.webconnector.main:Start
INFO:2026-08-27 14:12:52,782:abl.webconnector.main:Cleanup event logs.
INFO:2026-08-27 14:12:57,786:abl.webconnector.auto_updates:Checking for auto updates from 12.4.5 with tags ['mac-universal', 'suite']
INFO:2026-08-27 14:12:58,133:abl.webconnector.auto_updates:Deltas found {}
INFO:2026-08-27 14:12:58,133:abl.webconnector.auto_updates:No update found; terminating
INFO:2026-08-27 14:12:58,789:abl.webconnector.main:End
INFO:2026-08-27 14:54:07,256:abl.webconnector.main:Start
INFO:2026-08-27 14:54:07,259:abl.webconnector.main:Cleanup event logs.
INFO:2026-08-27 14:54:12,263:abl.webconnector.auto_updates:Checking for auto updates from 12.4.5 with tags ['mac-universal', 'suite']
INFO:2026-08-27 14:54:12,571:abl.webconnector.auto_updates:Deltas found {}
INFO:2026-08-27 14:54:12,571:abl.webconnector.auto_updates:No update found; terminating
INFO:2026-08-27 14:54:13,268:abl.webconnector.main:End
INFO:2026-08-27 15:36:30,640:abl.webconnector.main:Start
INFO:2026-08-27 15:36:30,645:abl.webconnector.main:Cleanup event logs.
INFO:2026-08-27 15:36:35,649:abl.webconnector.auto_updates:Checking for auto updates from 12.4.5 with tags ['mac-universal', 'suite']
INFO:2026-08-27 15:36:35,904:abl.webconnector.auto_updates:Deltas found {}
INFO:2026-08-27 15:36:35,904:abl.webconnector.auto_updates:No update found; terminating
INFO:2026-08-27 15:36:36,652:abl.webconnector.main:End
INFO:2026-08-27 16:44:43,065:abl.webconnector.main:Start
INFO:2026-08-27 16:44:43,069:abl.webconnector.main:Cleanup event logs.
INFO:2026-08-27 16:44:48,072:abl.webconnector.auto_updates:Checking for auto updates from 12.4.5 with tags ['mac-universal', 'suite']
INFO:2026-08-27 16:44:48,331:abl.webconnector.auto_updates:Deltas found {}
INFO:2026-08-27 16:44:48,332:abl.webconnector.auto_updates:No update found; terminating
INFO:2026-08-27 16:44:49,073:abl.webconnector.main:End
INFO:2026-08-28 21:19:10,913:abl.webconnector.main:Start
INFO:2026-08-28 21:19:10,916:abl.webconnector.main:Cleanup event logs.
INFO:2026-08-28 21:19:15,922:abl.webconnector.auto_updates:Checking for auto updates from 12.4.5 with tags ['mac-universal', 'suite']
INFO:2026-08-28 21:19:16,095:abl.webconnector.auto_updates:Deltas found {}
INFO:2026-08-28 21:19:16,095:abl.webconnector.auto_updates:No update found; terminating
INFO:2026-08-28 21:19:16,927:abl.webconnector.main:End
INFO:2026-08-28 21:23:42,902:abl.webconnector.main:Start
INFO:2026-08-28 21:23:42,905:abl.webconnector.main:Cleanup event logs.
INFO:2026-08-28 21:23:47,912:abl.webconnector.auto_updates:Checking for auto updates from 12.4.5 with tags ['mac-universal', 'suite']
INFO:2026-08-28 21:23:48,175:abl.webconnector.auto_updates:Deltas found {}
INFO:2026-08-28 21:23:48,175:abl.webconnector.auto_updates:No update found; terminating
INFO:2026-08-28 21:23:48,917:abl.webconnector.main:End
INFO:2026-08-28 22:06:57,056:abl.webconnector.main:Start
INFO:2026-08-28 22:06:57,059:abl.webconnector.main:Cleanup event logs.
INFO:2026-08-28 22:07:02,062:abl.webconnector.auto_updates:Checking for auto updates from 12.4.5 with tags ['mac-universal', 'suite']
INFO:2026-08-28 22:07:02,271:abl.webconnector.auto_updates:Deltas found {}
INFO:2026-08-28 22:07:02,272:abl.webconnector.auto_updates:No update found; terminating
INFO:2026-08-28 22:07:03,062:abl.webconnector.main:End
INFO:2026-08-28 22:36:57,486:abl.webconnector.main:Start
INFO:2026-08-28 22:36:57,490:abl.webconnector.main:Cleanup event logs.
INFO:2026-08-28 22:37:02,498:abl.webconnector.auto_updates:Checking for auto updates from 12.4.5 with tags ['mac-universal', 'suite']
INFO:2026-08-28 22:37:02,737:abl.webconnector.auto_updates:Deltas found {}
INFO:2026-08-28 22:37:02,738:abl.webconnector.auto_updates:No update found; terminating
INFO:2026-08-28 22:37:03,503:abl.webconnector.main:End
INFO:2026-08-28 22:58:12,111:abl.webconnector.main:Start
INFO:2026-08-28 22:58:12,113:abl.webconnector.main:Cleanup event logs.
INFO:2026-08-28 22:58:17,116:abl.webconnector.auto_updates:Checking for auto updates from 12.4.5 with tags ['mac-universal', 'suite']
INFO:2026-08-28 22:58:17,306:abl.webconnector.auto_updates:Deltas found {}
INFO:2026-08-28 22:58:17,306:abl.webconnector.auto_updates:No update found; terminating
INFO:2026-08-28 22:58:18,122:abl.webconnector.main:End
INFO:2026-08-28 23:19:12,235:abl.webconnector.main:Start
INFO:2026-08-28 23:19:12,239:abl.webconnector.main:Cleanup event logs.
INFO:2026-08-28 23:19:17,246:abl.webconnector.auto_updates:Checking for auto updates from 12.4.5 with tags ['mac-universal', 'suite']
INFO:2026-08-28 23:19:17,434:abl.webconnector.auto_updates:Deltas found {}
INFO:2026-08-28 23:19:17,443:abl.webconnector.auto_updates:No update found; terminating
INFO:2026-08-28 23:19:18,251:abl.webconnector.main:End
INFO:2026-08-29 00:24:12,708:abl.webconnector.main:Start
INFO:2026-08-29 00:24:12,713:abl.webconnector.main:Cleanup event logs.
INFO:2026-08-29 00:24:17,723:abl.webconnector.auto_updates:Checking for auto updates from 12.4.5 with tags ['mac-universal', 'suite']
INFO:2026-08-29 00:24:17,883:abl.webconnector.auto_updates:Deltas found {}
INFO:2026-08-29 00:24:17,883:abl.webconnector.auto_updates:No update found; terminating
INFO:2026-08-29 00:24:18,725:abl.webconnector.main:End
INFO:2026-08-29 07:31:19,142:abl.webconnector.main:Start
INFO:2026-08-29 07:31:19,147:abl.webconnector.main:Cleanup event logs.
INFO:2026-08-29 07:31:24,153:abl.webconnector.auto_updates:Checking for auto updates from 12.4.5 with tags ['mac-universal', 'suite']
INFO:2026-08-29 07:31:24,453:abl.webconnector.auto_updates:Deltas found {}
INFO:2026-08-29 07:31:24,453:abl.webconnector.auto_updates:No update found; terminating
INFO:2026-08-29 07:31:25,158:abl.webconnector.main:End
INFO:2026-08-29 08:04:13,644:abl.webconnector.main:Start
INFO:2026-08-29 08:04:13,648:abl.webconnector.main:Cleanup event logs.
INFO:2026-08-29 08:04:18,651:abl.webconnector.auto_updates:Checking for auto updates from 12.4.5 with tags ['mac-universal', 'suite']
INFO:2026-08-29 08:04:19,109:abl.webconnector.auto_updates:Deltas found {}
INFO:2026-08-29 08:04:19,109:abl.webconnector.auto_updates:No update found; terminating
INFO:2026-08-29 08:04:19,655:abl.webconnector.main:End
INFO:2026-08-29 08:23:29,831:abl.webconnector.main:Start
INFO:2026-08-29 08:23:29,835:abl.webconnector.main:Cleanup event logs.
INFO:2026-08-29 08:23:34,837:abl.webconnector.auto_updates:Checking for auto updates from 12.4.5 with tags ['mac-universal', 'suite']
INFO:2026-08-29 08:23:35,180:abl.webconnector.auto_updates:Deltas found {}
INFO:2026-08-29 08:23:35,180:abl.webconnector.auto_updates:No update found; terminating
INFO:2026-08-29 08:23:35,839:abl.webconnector.main:End
INFO:2026-08-29 10:32:38,530:abl.webconnector.main:Start
INFO:2026-08-29 10:32:38,534:abl.webconnector.main:Cleanup event logs.
INFO:2026-08-29 10:32:43,540:abl.webconnector.auto_updates:Checking for auto updates from 12.4.5 with tags ['mac-universal', 'suite']
INFO:2026-08-29 10:32:43,852:abl.webconnector.auto_updates:Deltas found {}
INFO:2026-08-29 10:32:43,852:abl.webconnector.auto_updates:No update found; terminating
INFO:2026-08-29 10:32:44,545:abl.webconnector.main:End
INFO:2026-08-29 11:01:11,271:abl.webconnector.main:Start
INFO:2026-08-29 11:01:11,274:abl.webconnector.main:Cleanup event logs.
INFO:2026-08-29 11:01:16,277:abl.webconnector.auto_updates:Checking for auto updates from 12.4.5 with tags ['mac-universal', 'suite']
INFO:2026-08-29 11:01:16,812:abl.webconnector.auto_updates:Deltas found {}
INFO:2026-08-29 11:01:16,812:abl.webconnector.auto_updates:No update found; terminating
INFO:2026-08-29 11:01:17,282:abl.webconnector.main:End
INFO:2026-08-29 11:26:58,934:abl.webconnector.main:Start
INFO:2026-08-29 11:26:58,938:abl.webconnector.main:Cleanup event logs.
INFO:2026-08-29 11:27:03,944:abl.webconnector.auto_updates:Checking for auto updates from 12.4.5 with tags ['mac-universal', 'suite']
INFO:2026-08-29 11:27:04,228:abl.webconnector.auto_updates:Deltas found {}
INFO:2026-08-29 11:27:04,228:abl.webconnector.auto_updates:No update found; terminating
INFO:2026-08-29 11:27:04,948:abl.webconnector.main:End
INFO:2026-08-29 20:07:00,719:abl.webconnector.main:Start
INFO:2026-08-29 20:07:00,721:abl.webconnector.main:Cleanup event logs.
INFO:2026-08-29 20:07:05,727:abl.webconnector.auto_updates:Checking for auto updates from 12.4.5 with tags ['mac-universal', 'suite']
INFO:2026-08-29 20:07:06,315:abl.webconnector.auto_updates:Deltas found {}
INFO:2026-08-29 20:07:06,315:abl.webconnector.auto_updates:No update found; terminating
INFO:2026-08-29 20:07:06,730:abl.webconnector.main:End
INFO:2026-08-29 20:53:47,035:abl.webconnector.main:Start
INFO:2026-08-29 20:53:47,038:abl.webconnector.main:Cleanup event logs.
INFO:2026-08-29 20:53:52,044:abl.webconnector.auto_updates:Checking for auto updates from 12.4.5 with tags ['mac-universal', 'suite']
INFO:2026-08-29 20:53:52,289:abl.webconnector.auto_updates:Deltas found {}
INFO:2026-08-29 20:53:52,289:abl.webconnector.auto_updates:No update found; terminating
INFO:2026-08-29 20:53:53,045:abl.webconnector.main:End
INFO:2026-08-29 21:26:22,556:abl.webconnector.main:Start
INFO:2026-08-29 21:26:22,558:abl.webconnector.main:Cleanup event logs.
INFO:2026-08-29 21:26:27,565:abl.webconnector.auto_updates:Checking for auto updates from 12.4.5 with tags ['mac-universal', 'suite']
INFO:2026-08-29 21:26:27,803:abl.webconnector.auto_updates:Deltas found {}
INFO:2026-08-29 21:26:27,803:abl.webconnector.auto_updates:No update found; terminating
INFO:2026-08-29 21:26:28,568:abl.webconnector.main:End
INFO:2026-08-29 22:04:21,877:abl.webconnector.main:Start
INFO:2026-08-29 22:04:21,879:abl.webconnector.main:Cleanup event logs.
INFO:2026-08-29 22:04:26,882:abl.webconnector.auto_updates:Checking for auto updates from 12.4.5 with tags ['mac-universal', 'suite']
INFO:2026-08-29 22:04:27,086:abl.webconnector.auto_updates:Deltas found {}
INFO:2026-08-29 22:04:27,086:abl.webconnector.auto_updates:No update found; terminating
INFO:2026-08-29 22:04:27,887:abl.webconnector.main:End
INFO:2026-08-29 22:09:54,785:abl.webconnector.main:Start
INFO:2026-08-29 22:09:54,787:abl.webconnector.main:Cleanup event logs.
INFO:2026-08-29 22:09:59,793:abl.webconnector.auto_updates:Checking for auto updates from 12.4.5 with tags ['mac-universal', 'suite']
INFO:2026-08-29 22:10:00,044:abl.webconnector.auto_updates:Deltas found {}
INFO:2026-08-29 22:10:00,044:abl.webconnector.auto_updates:No update found; terminating
INFO:2026-08-29 22:10:00,798:abl.webconnector.main:End
INFO:2026-08-30 08:16:51,463:abl.webconnector.main:Start
INFO:2026-08-30 08:16:51,468:abl.webconnector.main:Cleanup event logs.
INFO:2026-08-30 08:16:56,481:abl.webconnector.auto_updates:Checking for auto updates from 12.4.5 with tags ['mac-universal', 'suite']
INFO:2026-08-30 08:16:56,815:abl.webconnector.auto_updates:Deltas found {}
INFO:2026-08-30 08:16:56,815:abl.webconnector.auto_updates:No update found; terminating
INFO:2026-08-30 08:16:57,482:abl.webconnector.main:End
INFO:2026-08-30 19:45:57,031:abl.webconnector.main:Start
INFO:2026-08-30 19:45:57,034:abl.webconnector.main:Cleanup event logs.
INFO:2026-08-30 19:46:02,038:abl.webconnector.auto_updates:Checking for auto updates from 12.4.5 with tags ['mac-universal', 'suite']
INFO:2026-08-30 19:46:02,379:abl.webconnector.auto_updates:Deltas found {}
INFO:2026-08-30 19:46:02,379:abl.webconnector.auto_updates:No update found; terminating
INFO:2026-08-30 19:46:03,040:abl.webconnector.main:End
INFO:2026-08-30 20:04:51,988:abl.webconnector.main:Start
INFO:2026-08-30 20:04:51,992:abl.webconnector.main:Cleanup event logs.
INFO:2026-08-30 20:04:56,999:abl.webconnector.auto_updates:Checking for auto updates from 12.4.5 with tags ['mac-universal', 'suite']
INFO:2026-08-30 20:04:57,276:abl.webconnector.auto_updates:Deltas found {}
INFO:2026-08-30 20:04:57,276:abl.webconnector.auto_updates:No update found; terminating
INFO:2026-08-30 20:04:58,004:abl.webconnector.main:End
INFO:2026-08-30 20:23:38,003:abl.webconnector.main:Start
INFO:2026-08-30 20:23:38,012:abl.webconnector.main:Cleanup event logs.
INFO:2026-08-30 20:23:43,028:abl.webconnector.auto_updates:Checking for auto updates from 12.4.5 with tags ['mac-universal', 'suite']
INFO:2026-08-30 20:23:43,386:abl.webconnector.auto_updates:Deltas found {}
INFO:2026-08-30 20:23:43,409:abl.webconnector.auto_updates:No update found; terminating
INFO:2026-08-30 20:23:44,035:abl.webconnector.main:End
INFO:2026-08-30 20:25:48,986:abl.webconnector.main:Start
INFO:2026-08-30 20:25:48,990:abl.webconnector.main:Cleanup event logs.
INFO:2026-08-30 20:25:53,996:abl.webconnector.auto_updates:Checking for auto updates from 12.4.5 with tags ['mac-universal', 'suite']
INFO:2026-08-30 20:25:54,300:abl.webconnector.auto_updates:Deltas found {}
INFO:2026-08-30 20:25:54,301:abl.webconnector.auto_updates:No update found; terminating
INFO:2026-08-30 20:25:54,998:abl.webconnector.main:End
INFO:2026-08-30 22:07:59,885:abl.webconnector.main:Start
INFO:2026-08-30 22:07:59,887:abl.webconnector.main:Cleanup event logs.
INFO:2026-08-30 22:08:04,894:abl.webconnector.auto_updates:Checking for auto updates from 12.4.5 with tags ['mac-universal', 'suite']
INFO:2026-08-30 22:08:05,257:abl.webconnector.auto_updates:Deltas found {}
INFO:2026-08-30 22:08:05,257:abl.webconnector.auto_updates:No update found; terminating
INFO:2026-08-30 22:08:05,897:abl.webconnector.main:End
INFO:2026-08-30 22:27:58,326:abl.webconnector.main:Start
INFO:2026-08-30 22:27:58,330:abl.webconnector.main:Cleanup event logs.
INFO:2026-08-30 22:28:03,334:abl.webconnector.auto_updates:Checking for auto updates from 12.4.5 with tags ['mac-universal', 'suite']
INFO:2026-08-30 22:28:03,639:abl.webconnector.auto_updates:Deltas found {}
INFO:2026-08-30 22:28:03,639:abl.webconnector.auto_updates:No update found; terminating
INFO:2026-08-30 22:28:04,337:abl.webconnector.main:End
INFO:2026-08-30 22:53:50,063:abl.webconnector.main:Start
INFO:2026-08-30 22:53:50,065:abl.webconnector.main:Cleanup event logs.
INFO:2026-08-30 22:53:55,072:abl.webconnector.auto_updates:Checking for auto updates from 12.4.5 with tags ['mac-universal', 'suite']
INFO:2026-08-30 22:53:55,397:abl.webconnector.auto_updates:Deltas found {}
INFO:2026-08-30 22:53:55,397:abl.webconnector.auto_updates:No update found; terminating
INFO:2026-08-30 22:53:56,076:abl.webconnector.main:End
INFO:2026-08-30 23:11:05,832:abl.webconnector.main:Start
INFO:2026-08-30 23:11:05,835:abl.webconnector.main:Cleanup event logs.
INFO:2026-08-30 23:11:10,839:abl.webconnector.auto_updates:Checking for auto updates from 12.4.5 with tags ['mac-universal', 'suite']
INFO:2026-08-30 23:11:11,146:abl.webconnector.auto_updates:Deltas found {}
INFO:2026-08-30 23:11:11,146:abl.webconnector.auto_updates:No update found; terminating
INFO:2026-08-30 23:11:11,844:abl.webconnector.main:End
INFO:2026-08-30 23:29:12,390:abl.webconnector.main:Start
INFO:2026-08-30 23:29:12,394:abl.webconnector.main:Cleanup event logs.
INFO:2026-08-30 23:29:17,402:abl.webconnector.auto_updates:Checking for auto updates from 12.4.5 with tags ['mac-universal', 'suite']
INFO:2026-08-30 23:29:17,732:abl.webconnector.auto_updates:Deltas found {}
INFO:2026-08-30 23:29:17,732:abl.webconnector.auto_updates:No update found; terminating
INFO:2026-08-30 23:29:18,406:abl.webconnector.main:End
INFO:2026-08-30 23:36:54,885:abl.webconnector.main:Start
INFO:2026-08-30 23:36:54,888:abl.webconnector.main:Cleanup event logs.
INFO:2026-08-30 23:36:59,895:abl.webconnector.auto_updates:Checking for auto updates from 12.4.5 with tags ['mac-universal', 'suite']
INFO:2026-08-30 23:37:00,272:abl.webconnector.auto_updates:Deltas found {}
INFO:2026-08-30 23:37:00,272:abl.webconnector.auto_updates:No update found; terminating
INFO:2026-08-30 23:37:00,901:abl.webconnector.main:End
INFO:2026-08-30 23:51:48,782:abl.webconnector.main:Start
INFO:2026-08-30 23:51:48,788:abl.webconnector.main:Cleanup event logs.
INFO:2026-08-30 23:51:53,797:abl.webconnector.auto_updates:Checking for auto updates from 12.4.5 with tags ['mac-universal', 'suite']
INFO:2026-08-30 23:51:54,097:abl.webconnector.auto_updates:Deltas found {}
INFO:2026-08-30 23:51:54,097:abl.webconnector.auto_updates:No update found; terminating
INFO:2026-08-30 23:51:54,802:abl.webconnector.main:End
INFO:2026-08-31 00:13:35,125:abl.webconnector.main:Start
INFO:2026-08-31 00:13:35,128:abl.webconnector.main:Cleanup event logs.
INFO:2026-08-31 00:13:40,136:abl.webconnector.auto_updates:Checking for auto updates from 12.4.5 with tags ['mac-universal', 'suite']
INFO:2026-08-31 00:13:40,470:abl.webconnector.auto_updates:Deltas found {}
INFO:2026-08-31 00:13:40,470:abl.webconnector.auto_updates:No update found; terminating
INFO:2026-08-31 00:13:41,140:abl.webconnector.main:End
INFO:2026-08-31 00:20:40,624:abl.webconnector.main:Start
INFO:2026-08-31 00:20:40,629:abl.webconnector.main:Cleanup event logs.
INFO:2026-08-31 00:20:45,635:abl.webconnector.auto_updates:Checking for auto updates from 12.4.5 with tags ['mac-universal', 'suite']
INFO:2026-08-31 00:20:45,950:abl.webconnector.auto_updates:Deltas found {}
INFO:2026-08-31 00:20:45,950:abl.webconnector.auto_updates:No update found; terminating
INFO:2026-08-31 00:20:46,638:abl.webconnector.main:End
INFO:2026-08-31 00:28:36,565:abl.webconnector.main:Start
INFO:2026-08-31 00:28:36,569:abl.webconnector.main:Cleanup event logs.
INFO:2026-08-31 00:28:41,572:abl.webconnector.auto_updates:Checking for auto updates from 12.4.5 with tags ['mac-universal', 'suite']
INFO:2026-08-31 00:28:41,901:abl.webconnector.auto_updates:Deltas found {}
INFO:2026-08-31 00:28:41,902:abl.webconnector.auto_updates:No update found; terminating
INFO:2026-08-31 00:28:42,573:abl.webconnector.main:End
INFO:2026-08-31 08:12:50,652:abl.webconnector.main:Start
INFO:2026-08-31 08:12:50,654:abl.webconnector.main:Cleanup event logs.
INFO:2026-08-31 08:12:55,661:abl.webconnector.auto_updates:Checking for auto updates from 12.4.5 with tags ['mac-universal', 'suite']
INFO:2026-08-31 08:12:56,000:abl.webconnector.auto_updates:Deltas found {}
INFO:2026-08-31 08:12:56,001:abl.webconnector.auto_updates:No update found; terminating
INFO:2026-08-31 08:12:56,664:abl.webconnector.main:End
INFO:2026-08-31 08:29:01,152:abl.webconnector.main:Start
INFO:2026-08-31 08:29:01,154:abl.webconnector.main:Cleanup event logs.
INFO:2026-08-31 08:29:06,161:abl.webconnector.auto_updates:Checking for auto updates from 12.4.5 with tags ['mac-universal', 'suite']
INFO:2026-08-31 08:29:06,451:abl.webconnector.auto_updates:Deltas found {}
INFO:2026-08-31 08:29:06,452:abl.webconnector.auto_updates:No update found; terminating
INFO:2026-08-31 08:29:07,166:abl.webconnector.main:End
INFO:2026-08-31 08:54:07,487:abl.webconnector.main:Start
INFO:2026-08-31 08:54:07,490:abl.webconnector.main:Cleanup event logs.
INFO:2026-08-31 08:54:12,498:abl.webconnector.auto_updates:Checking for auto updates from 12.4.5 with tags ['mac-universal', 'suite']
INFO:2026-08-31 08:54:12,789:abl.webconnector.auto_updates:Deltas found {}
INFO:2026-08-31 08:54:12,789:abl.webconnector.auto_updates:No update found; terminating
INFO:2026-08-31 08:54:13,503:abl.webconnector.main:End
INFO:2026-08-31 13:11:38,177:abl.webconnector.main:Start
INFO:2026-08-31 13:11:38,181:abl.webconnector.main:Cleanup event logs.
INFO:2026-08-31 13:11:43,187:abl.webconnector.auto_updates:Checking for auto updates from 12.4.5 with tags ['mac-universal', 'suite']
INFO:2026-08-31 13:11:43,475:abl.webconnector.auto_updates:Deltas found {}
INFO:2026-08-31 13:11:43,475:abl.webconnector.auto_updates:No update found; terminating
INFO:2026-08-31 13:11:44,190:abl.webconnector.main:End
INFO:2026-08-31 13:33:55,100:abl.webconnector.main:Start
INFO:2026-08-31 13:33:55,104:abl.webconnector.main:Cleanup event logs.
INFO:2026-08-31 13:34:00,113:abl.webconnector.auto_updates:Checking for auto updates from 12.4.5 with tags ['mac-universal', 'suite']
INFO:2026-08-31 13:34:00,387:abl.webconnector.auto_updates:Deltas found {}
INFO:2026-08-31 13:34:00,387:abl.webconnector.auto_updates:No update found; terminating
INFO:2026-08-31 13:34:01,117:abl.webconnector.main:End
INFO:2026-08-31 13:47:24,102:abl.webconnector.main:Start
INFO:2026-08-31 13:47:24,109:abl.webconnector.main:Cleanup event logs.
INFO:2026-08-31 13:47:29,115:abl.webconnector.auto_updates:Checking for auto updates from 12.4.5 with tags ['mac-universal', 'suite']
INFO:2026-08-31 13:47:29,358:abl.webconnector.auto_updates:Deltas found {}
INFO:2026-08-31 13:47:29,358:abl.webconnector.auto_updates:No update found; terminating
INFO:2026-08-31 13:47:30,119:abl.webconnector.main:End
INFO:2026-08-31 14:00:04,022:abl.webconnector.main:Start
INFO:2026-08-31 14:00:04,028:abl.webconnector.main:Cleanup event logs.
INFO:2026-08-31 14:00:09,032:abl.webconnector.auto_updates:Checking for auto updates from 12.4.5 with tags ['mac-universal', 'suite']
INFO:2026-08-31 14:00:09,419:abl.webconnector.auto_updates:Deltas found {}
INFO:2026-08-31 14:00:09,419:abl.webconnector.auto_updates:No update found; terminating
INFO:2026-08-31 14:00:10,036:abl.webconnector.main:End
INFO:2026-08-31 14:03:13,476:abl.webconnector.main:Start
INFO:2026-08-31 14:03:13,480:abl.webconnector.main:Cleanup event logs.
INFO:2026-08-31 14:03:18,482:abl.webconnector.auto_updates:Checking for auto updates from 12.4.5 with tags ['mac-universal', 'suite']
INFO:2026-08-31 14:03:18,769:abl.webconnector.auto_updates:Deltas found {}
INFO:2026-08-31 14:03:18,769:abl.webconnector.auto_updates:No update found; terminating
INFO:2026-08-31 14:03:19,484:abl.webconnector.main:End
INFO:2026-08-31 15:31:41,976:abl.webconnector.main:Start
INFO:2026-08-31 15:31:41,986:abl.webconnector.main:Cleanup event logs.
INFO:2026-08-31 15:31:47,009:abl.webconnector.auto_updates:Checking for auto updates from 12.4.5 with tags ['mac-universal', 'suite']
INFO:2026-08-31 15:31:47,360:abl.webconnector.auto_updates:Deltas found {}
INFO:2026-08-31 15:31:47,362:abl.webconnector.auto_updates:No update found; terminating
INFO:2026-08-31 15:31:48,015:abl.webconnector.main:End
INFO:2026-08-31 15:51:51,086:abl.webconnector.main:Start
INFO:2026-08-31 15:51:51,089:abl.webconnector.main:Cleanup event logs.
INFO:2026-08-31 15:51:56,096:abl.webconnector.auto_updates:Checking for auto updates from 12.4.5 with tags ['mac-universal', 'suite']
INFO:2026-08-31 15:51:56,397:abl.webconnector.auto_updates:Deltas found {}
INFO:2026-08-31 15:51:56,399:abl.webconnector.auto_updates:No update found; terminating
INFO:2026-08-31 15:51:57,098:abl.webconnector.main:End
INFO:2026-08-31 21:01:33,178:abl.webconnector.main:Start
INFO:2026-08-31 21:01:33,182:abl.webconnector.main:Cleanup event logs.
INFO:2026-08-31 21:01:38,193:abl.webconnector.auto_updates:Checking for auto updates from 12.4.5 with tags ['mac-universal', 'suite']
INFO:2026-08-31 21:01:38,485:abl.webconnector.auto_updates:Deltas found {}
INFO:2026-08-31 21:01:38,485:abl.webconnector.auto_updates:No update found; terminating
INFO:2026-08-31 21:01:39,202:abl.webconnector.main:End
INFO:2026-08-31 21:23:16,146:abl.webconnector.main:Start
INFO:2026-08-31 21:23:16,157:abl.webconnector.main:Cleanup event logs.
INFO:2026-08-31 21:23:21,182:abl.webconnector.auto_updates:Checking for auto updates from 12.4.5 with tags ['mac-universal', 'suite']
INFO:2026-08-31 21:23:21,639:abl.webconnector.auto_updates:Deltas found {}
INFO:2026-08-31 21:23:21,639:abl.webconnector.auto_updates:No update found; terminating
INFO:2026-08-31 21:23:22,181:abl.webconnector.main:End
INFO:2026-08-31 21:46:42,789:abl.webconnector.main:Start
INFO:2026-08-31 21:46:42,794:abl.webconnector.main:Cleanup event logs.
INFO:2026-08-31 21:46:47,800:abl.webconnector.auto_updates:Checking for auto updates from 12.4.5 with tags ['mac-universal', 'suite']
INFO:2026-08-31 21:46:48,090:abl.webconnector.auto_updates:Deltas found {}
INFO:2026-08-31 21:46:48,090:abl.webconnector.auto_updates:No update found; terminating
INFO:2026-08-31 21:46:48,803:abl.webconnector.main:End
INFO:2026-09-01 07:27:37,235:abl.webconnector.main:Start
INFO:2026-09-01 07:27:37,239:abl.webconnector.main:Cleanup event logs.
INFO:2026-09-01 07:27:42,246:abl.webconnector.auto_updates:Checking for auto updates from 12.4.5 with tags ['mac-universal', 'suite']
INFO:2026-09-01 07:27:42,534:abl.webconnector.auto_updates:Deltas found {}
INFO:2026-09-01 07:27:42,535:abl.webconnector.auto_updates:No update found; terminating
INFO:2026-09-01 07:27:43,250:abl.webconnector.main:End
INFO:2026-09-01 09:03:06,188:abl.webconnector.main:Start
INFO:2026-09-01 09:03:06,190:abl.webconnector.main:Cleanup event logs.
INFO:2026-09-01 09:03:11,199:abl.webconnector.auto_updates:Checking for auto updates from 12.4.5 with tags ['mac-universal', 'suite']
INFO:2026-09-01 09:03:11,559:abl.webconnector.auto_updates:Deltas found {}
INFO:2026-09-01 09:03:11,559:abl.webconnector.auto_updates:No update found; terminating
INFO:2026-09-01 09:03:12,201:abl.webconnector.main:End
INFO:2026-09-01 09:07:13,323:abl.webconnector.main:Start
INFO:2026-09-01 09:07:13,332:abl.webconnector.main:Cleanup event logs.
INFO:2026-09-01 09:07:18,366:abl.webconnector.auto_updates:Checking for auto updates from 12.4.5 with tags ['mac-universal', 'suite']
INFO:2026-09-01 09:07:18,837:abl.webconnector.auto_updates:Deltas found {}
INFO:2026-09-01 09:07:18,837:abl.webconnector.auto_updates:No update found; terminating
INFO:2026-09-01 09:07:19,371:abl.webconnector.main:End
INFO:2026-09-02 08:27:05,363:abl.webconnector.main:Start
INFO:2026-09-02 08:27:05,365:abl.webconnector.main:Cleanup event logs.
INFO:2026-09-02 08:27:10,368:abl.webconnector.auto_updates:Checking for auto updates from 12.4.5 with tags ['mac-universal', 'suite']
INFO:2026-09-02 08:27:10,633:abl.webconnector.auto_updates:Deltas found {}
INFO:2026-09-02 08:27:10,633:abl.webconnector.auto_updates:No update found; terminating
INFO:2026-09-02 08:27:11,370:abl.webconnector.main:End
INFO:2026-09-02 09:46:32,237:abl.webconnector.main:Start
INFO:2026-09-02 09:46:32,240:abl.webconnector.main:Cleanup event logs.
INFO:2026-09-02 09:46:37,248:abl.webconnector.auto_updates:Checking for auto updates from 12.4.5 with tags ['mac-universal', 'suite']
INFO:2026-09-02 09:46:37,510:abl.webconnector.auto_updates:Deltas found {}
INFO:2026-09-02 09:46:37,510:abl.webconnector.auto_updates:No update found; terminating
INFO:2026-09-02 09:46:38,250:abl.webconnector.main:End
INFO:2026-09-02 10:01:25,715:abl.webconnector.main:Start
INFO:2026-09-02 10:01:25,718:abl.webconnector.main:Cleanup event logs.
INFO:2026-09-02 10:01:30,723:abl.webconnector.auto_updates:Checking for auto updates from 12.4.5 with tags ['mac-universal', 'suite']
INFO:2026-09-02 10:01:30,959:abl.webconnector.auto_updates:Deltas found {}
INFO:2026-09-02 10:01:30,960:abl.webconnector.auto_updates:No update found; terminating
INFO:2026-09-02 10:01:31,729:abl.webconnector.main:End
INFO:2026-09-02 10:06:06,307:abl.webconnector.main:Start
INFO:2026-09-02 10:06:06,310:abl.webconnector.main:Cleanup event logs.
INFO:2026-09-02 10:06:11,316:abl.webconnector.auto_updates:Checking for auto updates from 12.4.5 with tags ['mac-universal', 'suite']
INFO:2026-09-02 10:06:11,559:abl.webconnector.auto_updates:Deltas found {}
INFO:2026-09-02 10:06:11,559:abl.webconnector.auto_updates:No update found; terminating
INFO:2026-09-02 10:06:12,322:abl.webconnector.main:End
INFO:2026-09-02 10:44:51,809:abl.webconnector.main:Start
INFO:2026-09-02 10:44:51,811:abl.webconnector.main:Cleanup event logs.
INFO:2026-09-02 10:44:56,816:abl.webconnector.auto_updates:Checking for auto updates from 12.4.5 with tags ['mac-universal', 'suite']
INFO:2026-09-02 10:44:57,096:abl.webconnector.auto_updates:Deltas found {}
INFO:2026-09-02 10:44:57,096:abl.webconnector.auto_updates:No update found; terminating
INFO:2026-09-02 10:44:57,822:abl.webconnector.main:End
INFO:2026-09-02 11:31:43,078:abl.webconnector.main:Start
INFO:2026-09-02 11:31:43,082:abl.webconnector.main:Cleanup event logs.
INFO:2026-09-02 11:31:48,088:abl.webconnector.auto_updates:Checking for auto updates from 12.4.5 with tags ['mac-universal', 'suite']
INFO:2026-09-02 11:31:48,330:abl.webconnector.auto_updates:Deltas found {}
INFO:2026-09-02 11:31:48,330:abl.webconnector.auto_updates:No update found; terminating
INFO:2026-09-02 11:31:49,095:abl.webconnector.main:End
INFO:2026-09-02 13:40:15,397:abl.webconnector.main:Start
INFO:2026-09-02 13:40:15,402:abl.webconnector.main:Cleanup event logs.
INFO:2026-09-02 13:40:20,409:abl.webconnector.auto_updates:Checking for auto updates from 12.4.5 with tags ['mac-universal', 'suite']
INFO:2026-09-02 13:40:20,660:abl.webconnector.auto_updates:Deltas found {}
INFO:2026-09-02 13:40:20,660:abl.webconnector.auto_updates:No update found; terminating
INFO:2026-09-02 13:40:21,414:abl.webconnector.main:End
INFO:2026-09-02 13:46:39,911:abl.webconnector.main:Start
INFO:2026-09-02 13:46:39,916:abl.webconnector.main:Cleanup event logs.
INFO:2026-09-02 13:46:44,925:abl.webconnector.auto_updates:Checking for auto updates from 12.4.5 with tags ['mac-universal', 'suite']
INFO:2026-09-02 13:46:45,204:abl.webconnector.auto_updates:Deltas found {}
INFO:2026-09-02 13:46:45,206:abl.webconnector.auto_updates:No update found; terminating
INFO:2026-09-02 13:46:45,931:abl.webconnector.main:End
INFO:2026-09-02 15:26:36,822:abl.webconnector.main:Start
INFO:2026-09-02 15:26:36,824:abl.webconnector.main:Cleanup event logs.
INFO:2026-09-02 15:26:41,832:abl.webconnector.auto_updates:Checking for auto updates from 12.4.5 with tags ['mac-universal', 'suite']
INFO:2026-09-02 15:26:42,078:abl.webconnector.auto_updates:Deltas found {}
INFO:2026-09-02 15:26:42,078:abl.webconnector.auto_updates:No update found; terminating
INFO:2026-09-02 15:26:42,836:abl.webconnector.main:End
INFO:2026-09-02 16:22:25,830:abl.webconnector.main:Start
INFO:2026-09-02 16:22:25,842:abl.webconnector.main:Cleanup event logs.
INFO:2026-09-02 16:22:30,859:abl.webconnector.auto_updates:Checking for auto updates from 12.4.5 with tags ['mac-universal', 'suite']
INFO:2026-09-02 16:22:32,649:abl.webconnector.auto_updates:Deltas found {}
INFO:2026-09-02 16:22:32,649:abl.webconnector.auto_updates:No update found; terminating
INFO:2026-09-02 16:22:32,872:abl.webconnector.main:End
INFO:2026-09-02 18:13:05,159:abl.webconnector.main:Start
INFO:2026-09-02 18:13:05,162:abl.webconnector.main:Cleanup event logs.
INFO:2026-09-02 18:13:10,165:abl.webconnector.auto_updates:Checking for auto updates from 12.4.5 with tags ['mac-universal', 'suite']
INFO:2026-09-02 18:13:10,492:abl.webconnector.auto_updates:Deltas found {}
INFO:2026-09-02 18:13:10,492:abl.webconnector.auto_updates:No update found; terminating
INFO:2026-09-02 18:13:11,167:abl.webconnector.main:End
INFO:2026-09-02 19:54:14,952:abl.webconnector.main:Start
INFO:2026-09-02 19:54:14,954:abl.webconnector.main:Cleanup event logs.
INFO:2026-09-02 19:54:19,962:abl.webconnector.auto_updates:Checking for auto updates from 12.4.5 with tags ['mac-universal', 'suite']
INFO:2026-09-02 19:54:20,259:abl.webconnector.auto_updates:Deltas found {}
INFO:2026-09-02 19:54:20,259:abl.webconnector.auto_updates:No update found; terminating
INFO:2026-09-02 19:54:20,968:abl.webconnector.main:End
INFO:2026-09-02 20:57:44,306:abl.webconnector.main:Start
INFO:2026-09-02 20:57:44,308:abl.webconnector.main:Cleanup event logs.
INFO:2026-09-02 20:57:49,312:abl.webconnector.auto_updates:Checking for auto updates from 12.4.5 with tags ['mac-universal', 'suite']
INFO:2026-09-02 20:57:49,644:abl.webconnector.auto_updates:Deltas found {}
INFO:2026-09-02 20:57:49,644:abl.webconnector.auto_updates:No update found; terminating
INFO:2026-09-02 20:57:50,318:abl.webconnector.main:End
INFO:2026-09-02 21:46:25,676:abl.webconnector.main:Start
INFO:2026-09-02 21:46:25,681:abl.webconnector.main:Cleanup event logs.
INFO:2026-09-02 21:46:30,687:abl.webconnector.auto_updates:Checking for auto updates from 12.4.5 with tags ['mac-universal', 'suite']
INFO:2026-09-02 21:46:30,995:abl.webconnector.auto_updates:Deltas found {}
INFO:2026-09-02 21:46:30,995:abl.webconnector.auto_updates:No update found; terminating
INFO:2026-09-02 21:46:31,690:abl.webconnector.main:End
INFO:2026-09-02 22:15:25,747:abl.webconnector.main:Start
INFO:2026-09-02 22:15:25,757:abl.webconnector.main:Cleanup event logs.
INFO:2026-09-02 22:15:30,767:abl.webconnector.auto_updates:Checking for auto updates from 12.4.5 with tags ['mac-universal', 'suite']
INFO:2026-09-02 22:15:31,213:abl.webconnector.auto_updates:Deltas found {}
INFO:2026-09-02 22:15:31,214:abl.webconnector.auto_updates:No update found; terminating
INFO:2026-09-02 22:15:31,773:abl.webconnector.main:End
INFO:2026-09-02 22:24:56,985:abl.webconnector.main:Start
INFO:2026-09-02 22:24:56,990:abl.webconnector.main:Cleanup event logs.
INFO:2026-09-02 22:25:01,997:abl.webconnector.auto_updates:Checking for auto updates from 12.4.5 with tags ['mac-universal', 'suite']
INFO:2026-09-02 22:25:02,296:abl.webconnector.auto_updates:Deltas found {}
INFO:2026-09-02 22:25:02,297:abl.webconnector.auto_updates:No update found; terminating
INFO:2026-09-02 22:25:03,001:abl.webconnector.main:End
INFO:2026-09-02 22:51:13,002:abl.webconnector.main:Start
INFO:2026-09-02 22:51:13,006:abl.webconnector.main:Cleanup event logs.
INFO:2026-09-02 22:51:18,016:abl.webconnector.auto_updates:Checking for auto updates from 12.4.5 with tags ['mac-universal', 'suite']
INFO:2026-09-02 22:51:18,316:abl.webconnector.auto_updates:Deltas found {}
INFO:2026-09-02 22:51:18,317:abl.webconnector.auto_updates:No update found; terminating
INFO:2026-09-02 22:51:19,022:abl.webconnector.main:End
INFO:2026-09-02 23:13:47,032:abl.webconnector.main:Start
INFO:2026-09-02 23:13:47,033:abl.webconnector.main:Cleanup event logs.
INFO:2026-09-02 23:13:52,040:abl.webconnector.auto_updates:Checking for auto updates from 12.4.5 with tags ['mac-universal', 'suite']
INFO:2026-09-02 23:13:52,323:abl.webconnector.auto_updates:Deltas found {}
INFO:2026-09-02 23:13:52,323:abl.webconnector.auto_updates:No update found; terminating
INFO:2026-09-02 23:13:53,040:abl.webconnector.main:End
INFO:2026-09-03 09:00:47,928:abl.webconnector.main:Start
INFO:2026-09-03 09:00:47,930:abl.webconnector.main:Cleanup event logs.
INFO:2026-09-03 09:00:52,935:abl.webconnector.auto_updates:Checking for auto updates from 12.4.5 with tags ['mac-universal', 'suite']
INFO:2026-09-03 09:00:53,236:abl.webconnector.auto_updates:Deltas found {}
INFO:2026-09-03 09:00:53,236:abl.webconnector.auto_updates:No update found; terminating
INFO:2026-09-03 09:00:53,936:abl.webconnector.main:End
INFO:2026-09-03 12:46:53,056:abl.webconnector.main:Start
INFO:2026-09-03 12:46:53,067:abl.webconnector.main:Cleanup event logs.
INFO:2026-09-03 12:46:58,074:abl.webconnector.auto_updates:Checking for auto updates from 12.4.5 with tags ['mac-universal', 'suite']
INFO:2026-09-03 12:46:58,352:abl.webconnector.auto_updates:Deltas found {}
INFO:2026-09-03 12:46:58,353:abl.webconnector.auto_updates:No update found; terminating
INFO:2026-09-03 12:46:59,076:abl.webconnector.main:End
INFO:2026-09-03 13:03:39,021:abl.webconnector.main:Start
INFO:2026-09-03 13:03:39,024:abl.webconnector.main:Cleanup event logs.
INFO:2026-09-03 13:03:44,031:abl.webconnector.auto_updates:Checking for auto updates from 12.4.5 with tags ['mac-universal', 'suite']
INFO:2026-09-03 13:03:44,305:abl.webconnector.auto_updates:Deltas found {}
INFO:2026-09-03 13:03:44,305:abl.webconnector.auto_updates:No update found; terminating
INFO:2026-09-03 13:03:45,033:abl.webconnector.main:End
INFO:2026-09-03 13:50:30,095:abl.webconnector.main:Start
INFO:2026-09-03 13:50:30,097:abl.webconnector.main:Cleanup event logs.
INFO:2026-09-03 13:50:35,103:abl.webconnector.auto_updates:Checking for auto updates from 12.4.5 with tags ['mac-universal', 'suite']
INFO:2026-09-03 13:50:35,419:abl.webconnector.auto_updates:Deltas found {}
INFO:2026-09-03 13:50:35,419:abl.webconnector.auto_updates:No update found; terminating
INFO:2026-09-03 13:50:36,109:abl.webconnector.main:End
INFO:2026-09-04 16:19:29,927:abl.webconnector.main:Start
INFO:2026-09-04 16:19:29,931:abl.webconnector.main:Cleanup event logs.
INFO:2026-09-04 16:19:34,940:abl.webconnector.auto_updates:Checking for auto updates from 12.4.5 with tags ['mac-universal', 'suite']
INFO:2026-09-04 16:19:35,274:abl.webconnector.auto_updates:Deltas found {}
INFO:2026-09-04 16:19:35,275:abl.webconnector.auto_updates:No update found; terminating
INFO:2026-09-04 16:19:35,942:abl.webconnector.main:End
INFO:2026-09-04 17:34:22,130:abl.webconnector.main:Start
INFO:2026-09-04 17:34:22,137:abl.webconnector.main:Cleanup event logs.
INFO:2026-09-04 17:34:27,141:abl.webconnector.auto_updates:Checking for auto updates from 12.4.5 with tags ['mac-universal', 'suite']
INFO:2026-09-04 17:34:27,411:abl.webconnector.auto_updates:Deltas found {}
INFO:2026-09-04 17:34:27,411:abl.webconnector.auto_updates:No update found; terminating
INFO:2026-09-04 17:34:28,143:abl.webconnector.main:End
INFO:2026-09-04 22:50:42,441:abl.webconnector.main:Start
INFO:2026-09-04 22:50:42,442:abl.webconnector.main:Cleanup event logs.
INFO:2026-09-04 22:50:47,444:abl.webconnector.auto_updates:Checking for auto updates from 12.4.5 with tags ['mac-universal', 'suite']
INFO:2026-09-04 22:50:47,827:abl.webconnector.auto_updates:Deltas found {}
INFO:2026-09-04 22:50:47,827:abl.webconnector.auto_updates:No update found; terminating
INFO:2026-09-04 22:50:48,449:abl.webconnector.main:End
INFO:2026-09-05 09:00:51,067:abl.webconnector.main:Start
INFO:2026-09-05 09:00:51,070:abl.webconnector.main:Cleanup event logs.
INFO:2026-09-05 09:00:56,075:abl.webconnector.auto_updates:Checking for auto updates from 12.4.5 with tags ['mac-universal', 'suite']
INFO:2026-09-05 09:00:56,445:abl.webconnector.auto_updates:Deltas found {}
INFO:2026-09-05 09:00:56,445:abl.webconnector.auto_updates:No update found; terminating
INFO:2026-09-05 09:00:57,080:abl.webconnector.main:End
INFO:2026-09-05 10:28:32,177:abl.webconnector.main:Start
INFO:2026-09-05 10:28:32,182:abl.webconnector.main:Cleanup event logs.
INFO:2026-09-05 10:28:37,189:abl.webconnector.auto_updates:Checking for auto updates from 12.4.5 with tags ['mac-universal', 'suite']
INFO:2026-09-05 10:28:37,502:abl.webconnector.auto_updates:Deltas found {}
INFO:2026-09-05 10:28:37,503:abl.webconnector.auto_updates:No update found; terminating
INFO:2026-09-05 10:28:38,193:abl.webconnector.main:End
INFO:2026-09-05 10:43:29,680:abl.webconnector.main:Start
INFO:2026-09-05 10:43:29,682:abl.webconnector.main:Cleanup event logs.
INFO:2026-09-05 10:43:34,689:abl.webconnector.auto_updates:Checking for auto updates from 12.4.5 with tags ['mac-universal', 'suite']
INFO:2026-09-05 10:43:34,951:abl.webconnector.auto_updates:Deltas found {}
INFO:2026-09-05 10:43:34,951:abl.webconnector.auto_updates:No update found; terminating
INFO:2026-09-05 10:43:35,690:abl.webconnector.main:End
INFO:2026-09-05 11:11:48,467:abl.webconnector.main:Start
INFO:2026-09-05 11:11:48,469:abl.webconnector.main:Cleanup event logs.
INFO:2026-09-05 11:11:53,477:abl.webconnector.auto_updates:Checking for auto updates from 12.4.5 with tags ['mac-universal', 'suite']
INFO:2026-09-05 11:11:53,731:abl.webconnector.auto_updates:Deltas found {}
INFO:2026-09-05 11:11:53,731:abl.webconnector.auto_updates:No update found; terminating
INFO:2026-09-05 11:11:54,477:abl.webconnector.main:End
INFO:2026-09-05 11:50:27,161:abl.webconnector.main:Start
INFO:2026-09-05 11:50:27,163:abl.webconnector.main:Cleanup event logs.
INFO:2026-09-05 11:50:32,170:abl.webconnector.auto_updates:Checking for auto updates from 12.4.5 with tags ['mac-universal', 'suite']
INFO:2026-09-05 11:50:32,458:abl.webconnector.auto_updates:Deltas found {}
INFO:2026-09-05 11:50:32,458:abl.webconnector.auto_updates:No update found; terminating
INFO:2026-09-05 11:50:33,177:abl.webconnector.main:End
INFO:2026-09-05 17:10:48,398:abl.webconnector.main:Start
INFO:2026-09-05 17:10:48,399:abl.webconnector.main:Cleanup event logs.
INFO:2026-09-05 17:10:53,403:abl.webconnector.auto_updates:Checking for auto updates from 12.4.5 with tags ['mac-universal', 'suite']
INFO:2026-09-05 17:10:53,655:abl.webconnector.auto_updates:Deltas found {}
INFO:2026-09-05 17:10:53,656:abl.webconnector.auto_updates:No update found; terminating
INFO:2026-09-05 17:10:54,404:abl.webconnector.main:End
INFO:2026-09-05 22:18:45,923:abl.webconnector.main:Start
INFO:2026-09-05 22:18:45,925:abl.webconnector.main:Cleanup event logs.
INFO:2026-09-05 22:18:50,932:abl.webconnector.auto_updates:Checking for auto updates from 12.4.5 with tags ['mac-universal', 'suite']
INFO:2026-09-05 22:18:51,217:abl.webconnector.auto_updates:Deltas found {}
INFO:2026-09-05 22:18:51,217:abl.webconnector.auto_updates:No update found; terminating
INFO:2026-09-05 22:18:51,932:abl.webconnector.main:End
INFO:2026-09-05 22:41:05,053:abl.webconnector.main:Start
INFO:2026-09-05 22:41:05,055:abl.webconnector.main:Cleanup event logs.
INFO:2026-09-05 22:41:10,062:abl.webconnector.auto_updates:Checking for auto updates from 12.4.5 with tags ['mac-universal', 'suite']
INFO:2026-09-05 22:41:10,368:abl.webconnector.auto_updates:Deltas found {}
INFO:2026-09-05 22:41:10,368:abl.webconnector.auto_updates:No update found; terminating
INFO:2026-09-05 22:41:11,064:abl.webconnector.main:End
INFO:2026-09-05 22:46:17,869:abl.webconnector.main:Start
INFO:2026-09-05 22:46:17,871:abl.webconnector.main:Cleanup event logs.
INFO:2026-09-05 22:46:22,875:abl.webconnector.auto_updates:Checking for auto updates from 12.4.5 with tags ['mac-universal', 'suite']
INFO:2026-09-05 22:46:23,155:abl.webconnector.auto_updates:Deltas found {}
INFO:2026-09-05 22:46:23,155:abl.webconnector.auto_updates:No update found; terminating
INFO:2026-09-05 22:46:23,880:abl.webconnector.main:End
INFO:2026-09-06 16:00:11,885:abl.webconnector.main:Start
INFO:2026-09-06 16:00:11,887:abl.webconnector.main:Cleanup event logs.
INFO:2026-09-06 16:00:16,890:abl.webconnector.auto_updates:Checking for auto updates from 12.4.5 with tags ['mac-universal', 'suite']
INFO:2026-09-06 16:00:17,234:abl.webconnector.auto_updates:Deltas found {}
INFO:2026-09-06 16:00:17,234:abl.webconnector.auto_updates:No update found; terminating
INFO:2026-09-06 16:00:17,894:abl.webconnector.main:End
INFO:2026-09-06 16:03:45,168:abl.webconnector.main:Start
INFO:2026-09-06 16:03:45,171:abl.webconnector.main:Cleanup event logs.
INFO:2026-09-06 16:03:50,177:abl.webconnector.auto_updates:Checking for auto updates from 12.4.5 with tags ['mac-universal', 'suite']
INFO:2026-09-06 16:03:50,722:abl.webconnector.auto_updates:Deltas found {}
INFO:2026-09-06 16:03:50,722:abl.webconnector.auto_updates:No update found; terminating
INFO:2026-09-06 16:03:51,179:abl.webconnector.main:End
INFO:2026-09-06 16:08:05,779:abl.webconnector.main:Start
INFO:2026-09-06 16:08:05,781:abl.webconnector.main:Cleanup event logs.
INFO:2026-09-06 16:08:10,787:abl.webconnector.auto_updates:Checking for auto updates from 12.4.5 with tags ['mac-universal', 'suite']
INFO:2026-09-06 16:08:11,044:abl.webconnector.auto_updates:Deltas found {}
INFO:2026-09-06 16:08:11,045:abl.webconnector.auto_updates:No update found; terminating
INFO:2026-09-06 16:08:11,787:abl.webconnector.main:End
INFO:2026-09-06 17:41:27,813:abl.webconnector.main:Start
INFO:2026-09-06 17:41:27,818:abl.webconnector.main:Cleanup event logs.
INFO:2026-09-06 17:41:32,828:abl.webconnector.auto_updates:Checking for auto updates from 12.4.5 with tags ['mac-universal', 'suite']
INFO:2026-09-06 17:41:33,218:abl.webconnector.auto_updates:Deltas found {}
INFO:2026-09-06 17:41:33,218:abl.webconnector.auto_updates:No update found; terminating
INFO:2026-09-06 17:41:33,832:abl.webconnector.main:End
INFO:2026-09-06 20:41:35,327:abl.webconnector.main:Start
INFO:2026-09-06 20:41:35,330:abl.webconnector.main:Cleanup event logs.
INFO:2026-09-06 20:41:40,333:abl.webconnector.auto_updates:Checking for auto updates from 12.4.5 with tags ['mac-universal', 'suite']
INFO:2026-09-06 20:41:40,610:abl.webconnector.auto_updates:Deltas found {}
INFO:2026-09-06 20:41:40,610:abl.webconnector.auto_updates:No update found; terminating
INFO:2026-09-06 20:41:41,338:abl.webconnector.main:End
INFO:2026-09-06 23:49:56,445:abl.webconnector.main:Start
INFO:2026-09-06 23:49:56,448:abl.webconnector.main:Cleanup event logs.
INFO:2026-09-06 23:50:01,455:abl.webconnector.auto_updates:Checking for auto updates from 12.4.5 with tags ['mac-universal', 'suite']
INFO:2026-09-06 23:50:01,715:abl.webconnector.auto_updates:Deltas found {}
INFO:2026-09-06 23:50:01,716:abl.webconnector.auto_updates:No update found; terminating
INFO:2026-09-06 23:50:02,459:abl.webconnector.main:End
INFO:2026-09-07 08:18:44,742:abl.webconnector.main:Start
INFO:2026-09-07 08:18:44,744:abl.webconnector.main:Cleanup event logs.
INFO:2026-09-07 08:18:49,751:abl.webconnector.auto_updates:Checking for auto updates from 12.4.5 with tags ['mac-universal', 'suite']
INFO:2026-09-07 08:18:50,089:abl.webconnector.auto_updates:Deltas found {}
INFO:2026-09-07 08:18:50,089:abl.webconnector.auto_updates:No update found; terminating
INFO:2026-09-07 08:18:50,753:abl.webconnector.main:End
INFO:2026-09-07 08:58:05,613:abl.webconnector.main:Start
INFO:2026-09-07 08:58:05,618:abl.webconnector.main:Cleanup event logs.
INFO:2026-09-07 08:58:10,624:abl.webconnector.auto_updates:Checking for auto updates from 12.4.5 with tags ['mac-universal', 'suite']
INFO:2026-09-07 08:58:10,920:abl.webconnector.auto_updates:Deltas found {}
INFO:2026-09-07 08:58:10,920:abl.webconnector.auto_updates:No update found; terminating
INFO:2026-09-07 08:58:11,629:abl.webconnector.main:End
INFO:2026-09-07 13:23:34,874:abl.webconnector.main:Start
INFO:2026-09-07 13:23:34,877:abl.webconnector.main:Cleanup event logs.
INFO:2026-09-07 13:23:39,883:abl.webconnector.auto_updates:Checking for auto updates from 12.4.5 with tags ['mac-universal', 'suite']
INFO:2026-09-07 13:23:40,214:abl.webconnector.auto_updates:Deltas found {}
INFO:2026-09-07 13:23:40,214:abl.webconnector.auto_updates:No update found; terminating
INFO:2026-09-07 13:23:40,890:abl.webconnector.main:End
INFO:2026-09-07 14:53:30,470:abl.webconnector.main:Start
INFO:2026-09-07 14:53:30,473:abl.webconnector.main:Cleanup event logs.
INFO:2026-09-07 14:53:35,479:abl.webconnector.auto_updates:Checking for auto updates from 12.4.5 with tags ['mac-universal', 'suite']
INFO:2026-09-07 14:53:35,726:abl.webconnector.auto_updates:Deltas found {}
INFO:2026-09-07 14:53:35,727:abl.webconnector.auto_updates:No update found; terminating
INFO:2026-09-07 14:53:36,480:abl.webconnector.main:End
INFO:2026-09-07 16:20:31,996:abl.webconnector.main:Start
INFO:2026-09-07 16:20:31,998:abl.webconnector.main:Cleanup event logs.
INFO:2026-09-07 16:20:37,006:abl.webconnector.auto_updates:Checking for auto updates from 12.4.5 with tags ['mac-universal', 'suite']
INFO:2026-09-07 16:20:37,255:abl.webconnector.auto_updates:Deltas found {}
INFO:2026-09-07 16:20:37,256:abl.webconnector.auto_updates:No update found; terminating
INFO:2026-09-07 16:20:38,011:abl.webconnector.main:End
INFO:2026-09-07 17:02:37,113:abl.webconnector.main:Start
INFO:2026-09-07 17:02:37,116:abl.webconnector.main:Cleanup event logs.
INFO:2026-09-07 17:02:42,122:abl.webconnector.auto_updates:Checking for auto updates from 12.4.5 with tags ['mac-universal', 'suite']
INFO:2026-09-07 17:02:42,395:abl.webconnector.auto_updates:Deltas found {}
INFO:2026-09-07 17:02:42,396:abl.webconnector.auto_updates:No update found; terminating
INFO:2026-09-07 17:02:43,125:abl.webconnector.main:End
INFO:2026-09-07 17:09:03,518:abl.webconnector.main:Start
INFO:2026-09-07 17:09:03,520:abl.webconnector.main:Cleanup event logs.
INFO:2026-09-07 17:09:08,529:abl.webconnector.auto_updates:Checking for auto updates from 12.4.5 with tags ['mac-universal', 'suite']
INFO:2026-09-07 17:09:08,867:abl.webconnector.auto_updates:Deltas found {}
INFO:2026-09-07 17:09:08,868:abl.webconnector.auto_updates:No update found; terminating
INFO:2026-09-07 17:09:09,531:abl.webconnector.main:End
INFO:2026-09-07 20:09:58,704:abl.webconnector.main:Start
INFO:2026-09-07 20:09:58,708:abl.webconnector.main:Cleanup event logs.
INFO:2026-09-07 20:10:03,715:abl.webconnector.auto_updates:Checking for auto updates from 12.4.5 with tags ['mac-universal', 'suite']
INFO:2026-09-07 20:10:03,978:abl.webconnector.auto_updates:Deltas found {}
INFO:2026-09-07 20:10:03,978:abl.webconnector.auto_updates:No update found; terminating
INFO:2026-09-07 20:10:04,716:abl.webconnector.main:End
INFO:2026-09-08 19:06:57,073:abl.webconnector.main:Start
INFO:2026-09-08 19:06:57,079:abl.webconnector.main:Cleanup event logs.
INFO:2026-09-08 19:07:02,086:abl.webconnector.auto_updates:Checking for auto updates from 12.4.5 with tags ['mac-universal', 'suite']
INFO:2026-09-08 19:07:02,336:abl.webconnector.auto_updates:Deltas found {}
INFO:2026-09-08 19:07:02,336:abl.webconnector.auto_updates:No update found; terminating
INFO:2026-09-08 19:07:03,090:abl.webconnector.main:End
INFO:2026-09-08 20:08:53,302:abl.webconnector.main:Start
INFO:2026-09-08 20:08:53,305:abl.webconnector.main:Cleanup event logs.
INFO:2026-09-08 20:08:58,309:abl.webconnector.auto_updates:Checking for auto updates from 12.4.5 with tags ['mac-universal', 'suite']
INFO:2026-09-08 20:08:58,590:abl.webconnector.auto_updates:Deltas found {}
INFO:2026-09-08 20:08:58,590:abl.webconnector.auto_updates:No update found; terminating
INFO:2026-09-08 20:08:59,314:abl.webconnector.main:End
INFO:2026-09-08 21:18:49,254:abl.webconnector.main:Start
INFO:2026-09-08 21:18:49,256:abl.webconnector.main:Cleanup event logs.
INFO:2026-09-08 21:18:54,263:abl.webconnector.auto_updates:Checking for auto updates from 12.4.5 with tags ['mac-universal', 'suite']
INFO:2026-09-08 21:18:54,666:abl.webconnector.auto_updates:Deltas found {}
INFO:2026-09-08 21:18:54,666:abl.webconnector.auto_updates:No update found; terminating
INFO:2026-09-08 21:18:55,267:abl.webconnector.main:End
INFO:2026-09-09 09:42:38,220:abl.webconnector.main:Start
INFO:2026-09-09 09:42:38,225:abl.webconnector.main:Cleanup event logs.
INFO:2026-09-09 09:42:43,228:abl.webconnector.auto_updates:Checking for auto updates from 12.4.5 with tags ['mac-universal', 'suite']
INFO:2026-09-09 09:42:43,479:abl.webconnector.auto_updates:Deltas found {}
INFO:2026-09-09 09:42:43,479:abl.webconnector.auto_updates:No update found; terminating
INFO:2026-09-09 09:42:44,235:abl.webconnector.main:End
INFO:2026-09-09 10:34:23,310:abl.webconnector.main:Start
INFO:2026-09-09 10:34:23,312:abl.webconnector.main:Cleanup event logs.
INFO:2026-09-09 10:34:28,319:abl.webconnector.auto_updates:Checking for auto updates from 12.4.5 with tags ['mac-universal', 'suite']
INFO:2026-09-09 10:34:28,527:abl.webconnector.auto_updates:Deltas found {}
INFO:2026-09-09 10:34:28,527:abl.webconnector.auto_updates:No update found; terminating
INFO:2026-09-09 10:34:29,325:abl.webconnector.main:End
INFO:2026-09-09 11:05:33,259:abl.webconnector.main:Start
INFO:2026-09-09 11:05:33,262:abl.webconnector.main:Cleanup event logs.
INFO:2026-09-09 11:05:38,269:abl.webconnector.auto_updates:Checking for auto updates from 12.4.5 with tags ['mac-universal', 'suite']
INFO:2026-09-09 11:05:38,595:abl.webconnector.auto_updates:Deltas found {}
INFO:2026-09-09 11:05:38,595:abl.webconnector.auto_updates:No update found; terminating
INFO:2026-09-09 11:05:39,274:abl.webconnector.main:End
INFO:2026-09-09 11:59:18,334:abl.webconnector.main:Start
INFO:2026-09-09 11:59:18,336:abl.webconnector.main:Cleanup event logs.
INFO:2026-09-09 11:59:23,344:abl.webconnector.auto_updates:Checking for auto updates from 12.4.5 with tags ['mac-universal', 'suite']
INFO:2026-09-09 11:59:23,584:abl.webconnector.auto_updates:Deltas found {}
INFO:2026-09-09 11:59:23,587:abl.webconnector.auto_updates:No update found; terminating
INFO:2026-09-09 11:59:24,346:abl.webconnector.main:End
INFO:2026-09-09 14:10:06,340:abl.webconnector.main:Start
INFO:2026-09-09 14:10:06,343:abl.webconnector.main:Cleanup event logs.
INFO:2026-09-09 14:10:11,352:abl.webconnector.auto_updates:Checking for auto updates from 12.4.5 with tags ['mac-universal', 'suite']
INFO:2026-09-09 14:10:11,599:abl.webconnector.auto_updates:Deltas found {}
INFO:2026-09-09 14:10:11,599:abl.webconnector.auto_updates:No update found; terminating
INFO:2026-09-09 14:10:12,354:abl.webconnector.main:End
INFO:2026-09-09 15:39:57,980:abl.webconnector.main:Start
INFO:2026-09-09 15:39:57,983:abl.webconnector.main:Cleanup event logs.
INFO:2026-09-09 15:40:02,990:abl.webconnector.auto_updates:Checking for auto updates from 12.4.5 with tags ['mac-universal', 'suite']
INFO:2026-09-09 15:40:03,261:abl.webconnector.auto_updates:Deltas found {}
INFO:2026-09-09 15:40:03,261:abl.webconnector.auto_updates:No update found; terminating
INFO:2026-09-09 15:40:03,995:abl.webconnector.main:End
INFO:2026-09-09 16:59:11,138:abl.webconnector.main:Start
INFO:2026-09-09 16:59:11,142:abl.webconnector.main:Cleanup event logs.
INFO:2026-09-09 16:59:16,150:abl.webconnector.auto_updates:Checking for auto updates from 12.4.5 with tags ['mac-universal', 'suite']
INFO:2026-09-09 16:59:16,428:abl.webconnector.auto_updates:Deltas found {}
INFO:2026-09-09 16:59:16,428:abl.webconnector.auto_updates:No update found; terminating
INFO:2026-09-09 16:59:17,155:abl.webconnector.main:End
INFO:2026-09-09 17:34:28,230:abl.webconnector.main:Start
INFO:2026-09-09 17:34:28,233:abl.webconnector.main:Cleanup event logs.
INFO:2026-09-09 17:34:33,240:abl.webconnector.auto_updates:Checking for auto updates from 12.4.5 with tags ['mac-universal', 'suite']
INFO:2026-09-09 17:34:33,520:abl.webconnector.auto_updates:Deltas found {}
INFO:2026-09-09 17:34:33,520:abl.webconnector.auto_updates:No update found; terminating
INFO:2026-09-09 17:34:34,245:abl.webconnector.main:End
INFO:2026-09-09 19:23:58,349:abl.webconnector.main:Start
INFO:2026-09-09 19:23:58,352:abl.webconnector.main:Cleanup event logs.
INFO:2026-09-09 19:24:03,356:abl.webconnector.auto_updates:Checking for auto updates from 12.4.5 with tags ['mac-universal', 'suite']
INFO:2026-09-09 19:24:03,651:abl.webconnector.auto_updates:Deltas found {}
INFO:2026-09-09 19:24:03,651:abl.webconnector.auto_updates:No update found; terminating
INFO:2026-09-09 19:24:04,364:abl.webconnector.main:End
INFO:2026-09-09 19:30:22,347:abl.webconnector.main:Start
INFO:2026-09-09 19:30:22,350:abl.webconnector.main:Cleanup event logs.
INFO:2026-09-09 19:30:27,355:abl.webconnector.auto_updates:Checking for auto updates from 12.4.5 with tags ['mac-universal', 'suite']
INFO:2026-09-09 19:30:27,702:abl.webconnector.auto_updates:Deltas found {}
INFO:2026-09-09 19:30:27,702:abl.webconnector.auto_updates:No update found; terminating
INFO:2026-09-09 19:30:28,357:abl.webconnector.main:End
INFO:2026-09-09 20:21:24,930:abl.webconnector.main:Start
INFO:2026-09-09 20:21:24,933:abl.webconnector.main:Cleanup event logs.
INFO:2026-09-09 20:21:29,940:abl.webconnector.auto_updates:Checking for auto updates from 12.4.5 with tags ['mac-universal', 'suite']
INFO:2026-09-09 20:21:30,191:abl.webconnector.auto_updates:Deltas found {}
INFO:2026-09-09 20:21:30,192:abl.webconnector.auto_updates:No update found; terminating
INFO:2026-09-09 20:21:30,944:abl.webconnector.main:End
INFO:2026-09-09 21:33:45,681:abl.webconnector.main:Start
INFO:2026-09-09 21:33:45,684:abl.webconnector.main:Cleanup event logs.
INFO:2026-09-09 21:33:50,694:abl.webconnector.auto_updates:Checking for auto updates from 12.4.5 with tags ['mac-universal', 'suite']
INFO:2026-09-09 21:33:51,026:abl.webconnector.auto_updates:Deltas found {}
INFO:2026-09-09 21:33:51,026:abl.webconnector.auto_updates:No update found; terminating
INFO:2026-09-09 21:33:51,695:abl.webconnector.main:End
INFO:2026-09-10 08:28:59,847:abl.webconnector.main:Start
INFO:2026-09-10 08:28:59,851:abl.webconnector.main:Cleanup event logs.
INFO:2026-09-10 08:29:04,862:abl.webconnector.auto_updates:Checking for auto updates from 12.4.5 with tags ['mac-universal', 'suite']
INFO:2026-09-10 08:29:05,294:abl.webconnector.auto_updates:Deltas found {}
INFO:2026-09-10 08:29:05,294:abl.webconnector.auto_updates:No update found; terminating
INFO:2026-09-10 08:29:05,868:abl.webconnector.main:End
INFO:2026-09-10 12:29:47,599:abl.webconnector.main:Start
INFO:2026-09-10 12:29:47,602:abl.webconnector.main:Cleanup event logs.
INFO:2026-09-10 12:29:52,609:abl.webconnector.auto_updates:Checking for auto updates from 12.4.5 with tags ['mac-universal', 'suite']
INFO:2026-09-10 12:29:52,906:abl.webconnector.auto_updates:Deltas found {}
INFO:2026-09-10 12:29:52,910:abl.webconnector.auto_updates:No update found; terminating
INFO:2026-09-10 12:29:53,611:abl.webconnector.main:End
INFO:2026-09-10 14:36:04,454:abl.webconnector.main:Start
INFO:2026-09-10 14:36:04,457:abl.webconnector.main:Cleanup event logs.
INFO:2026-09-10 14:36:09,461:abl.webconnector.auto_updates:Checking for auto updates from 12.4.5 with tags ['mac-universal', 'suite']
INFO:2026-09-10 14:36:10,174:abl.webconnector.auto_updates:Deltas found {}
INFO:2026-09-10 14:36:10,175:abl.webconnector.auto_updates:No update found; terminating
INFO:2026-09-10 14:36:10,462:abl.webconnector.main:End
INFO:2026-09-10 15:27:35,282:abl.webconnector.main:Start
INFO:2026-09-10 15:27:35,286:abl.webconnector.main:Cleanup event logs.
INFO:2026-09-10 15:27:40,289:abl.webconnector.auto_updates:Checking for auto updates from 12.4.5 with tags ['mac-universal', 'suite']
INFO:2026-09-10 15:27:40,599:abl.webconnector.auto_updates:Deltas found {}
INFO:2026-09-10 15:27:40,599:abl.webconnector.auto_updates:No update found; terminating
INFO:2026-09-10 15:27:41,292:abl.webconnector.main:End
INFO:2026-09-10 16:38:30,026:abl.webconnector.main:Start
INFO:2026-09-10 16:38:30,031:abl.webconnector.main:Cleanup event logs.
INFO:2026-09-10 16:38:35,038:abl.webconnector.auto_updates:Checking for auto updates from 12.4.5 with tags ['mac-universal', 'suite']
INFO:2026-09-10 16:38:35,423:abl.webconnector.auto_updates:Deltas found {}
INFO:2026-09-10 16:38:35,423:abl.webconnector.auto_updates:No update found; terminating
INFO:2026-09-10 16:38:36,041:abl.webconnector.main:End
INFO:2026-09-10 17:04:37,175:abl.webconnector.main:Start
INFO:2026-09-10 17:04:37,179:abl.webconnector.main:Cleanup event logs.
INFO:2026-09-10 17:04:42,186:abl.webconnector.auto_updates:Checking for auto updates from 12.4.5 with tags ['mac-universal', 'suite']
INFO:2026-09-10 17:04:42,519:abl.webconnector.auto_updates:Deltas found {}
INFO:2026-09-10 17:04:42,519:abl.webconnector.auto_updates:No update found; terminating
INFO:2026-09-10 17:04:43,191:abl.webconnector.main:End
INFO:2026-09-10 17:05:31,032:abl.webconnector.main:Start
INFO:2026-09-10 17:05:31,034:abl.webconnector.main:Cleanup event logs.
INFO:2026-09-10 17:05:36,043:abl.webconnector.auto_updates:Checking for auto updates from 12.4.5 with tags ['mac-universal', 'suite']
INFO:2026-09-10 17:05:36,318:abl.webconnector.auto_updates:Deltas found {}
INFO:2026-09-10 17:05:36,318:abl.webconnector.auto_updates:No update found; terminating
INFO:2026-09-10 17:05:37,049:abl.webconnector.main:End
INFO:2026-09-10 17:15:14,089:abl.webconnector.main:Start
INFO:2026-09-10 17:15:14,092:abl.webconnector.main:Cleanup event logs.
INFO:2026-09-10 17:15:19,099:abl.webconnector.auto_updates:Checking for auto updates from 12.4.5 with tags ['mac-universal', 'suite']
INFO:2026-09-10 17:15:19,365:abl.webconnector.auto_updates:Deltas found {}
INFO:2026-09-10 17:15:19,365:abl.webconnector.auto_updates:No update found; terminating
INFO:2026-09-10 17:15:20,104:abl.webconnector.main:End
INFO:2026-09-10 17:17:26,881:abl.webconnector.main:Start
INFO:2026-09-10 17:17:26,884:abl.webconnector.main:Cleanup event logs.
INFO:2026-09-10 17:17:31,889:abl.webconnector.auto_updates:Checking for auto updates from 12.4.5 with tags ['mac-universal', 'suite']
INFO:2026-09-10 17:17:32,182:abl.webconnector.auto_updates:Deltas found {}
INFO:2026-09-10 17:17:32,182:abl.webconnector.auto_updates:No update found; terminating
INFO:2026-09-10 17:17:32,892:abl.webconnector.main:End
INFO:2026-09-10 17:22:27,859:abl.webconnector.main:Start
INFO:2026-09-10 17:22:27,864:abl.webconnector.main:Cleanup event logs.
INFO:2026-09-10 17:22:32,872:abl.webconnector.auto_updates:Checking for auto updates from 12.4.5 with tags ['mac-universal', 'suite']
INFO:2026-09-10 17:22:33,259:abl.webconnector.auto_updates:Deltas found {}
INFO:2026-09-10 17:22:33,260:abl.webconnector.auto_updates:No update found; terminating
INFO:2026-09-10 17:22:33,877:abl.webconnector.main:End
INFO:2026-09-10 20:29:28,641:abl.webconnector.main:Start
INFO:2026-09-10 20:29:28,644:abl.webconnector.main:Cleanup event logs.
INFO:2026-09-10 20:29:33,648:abl.webconnector.auto_updates:Checking for auto updates from 12.4.5 with tags ['mac-universal', 'suite']
INFO:2026-09-10 20:29:34,104:abl.webconnector.auto_updates:Deltas found {}
INFO:2026-09-10 20:29:34,104:abl.webconnector.auto_updates:No update found; terminating
INFO:2026-09-10 20:29:34,649:abl.webconnector.main:End
INFO:2026-09-11 07:57:18,124:abl.webconnector.main:Start
INFO:2026-09-11 07:57:18,127:abl.webconnector.main:Cleanup event logs.
INFO:2026-09-11 07:57:23,132:abl.webconnector.auto_updates:Checking for auto updates from 12.4.5 with tags ['mac-universal', 'suite']
INFO:2026-09-11 07:57:23,364:abl.webconnector.auto_updates:Deltas found {}
INFO:2026-09-11 07:57:23,364:abl.webconnector.auto_updates:No update found; terminating
INFO:2026-09-11 07:57:24,137:abl.webconnector.main:End
INFO:2026-09-11 08:34:11,479:abl.webconnector.main:Start
INFO:2026-09-11 08:34:11,482:abl.webconnector.main:Cleanup event logs.
INFO:2026-09-11 08:34:16,484:abl.webconnector.auto_updates:Checking for auto updates from 12.4.5 with tags ['mac-universal', 'suite']
INFO:2026-09-11 08:34:16,755:abl.webconnector.auto_updates:Deltas found {}
INFO:2026-09-11 08:34:16,755:abl.webconnector.auto_updates:No update found; terminating
INFO:2026-09-11 08:34:17,486:abl.webconnector.main:End
INFO:2026-09-11 08:36:02,779:abl.webconnector.main:Start
INFO:2026-09-11 08:36:02,786:abl.webconnector.main:Cleanup event logs.
INFO:2026-09-11 08:36:07,791:abl.webconnector.auto_updates:Checking for auto updates from 12.4.5 with tags ['mac-universal', 'suite']
INFO:2026-09-11 08:36:08,067:abl.webconnector.auto_updates:Deltas found {}
INFO:2026-09-11 08:36:08,067:abl.webconnector.auto_updates:No update found; terminating
INFO:2026-09-11 08:36:08,796:abl.webconnector.main:End
INFO:2026-09-11 09:30:12,973:abl.webconnector.main:Start
INFO:2026-09-11 09:30:12,976:abl.webconnector.main:Cleanup event logs.
INFO:2026-09-11 09:30:17,978:abl.webconnector.auto_updates:Checking for auto updates from 12.4.5 with tags ['mac-universal', 'suite']
INFO:2026-09-11 09:30:18,278:abl.webconnector.auto_updates:Deltas found {}
INFO:2026-09-11 09:30:18,278:abl.webconnector.auto_updates:No update found; terminating
INFO:2026-09-11 09:30:18,983:abl.webconnector.main:End
INFO:2026-09-11 11:35:27,533:abl.webconnector.main:Start
INFO:2026-09-11 11:35:27,537:abl.webconnector.main:Cleanup event logs.
INFO:2026-09-11 11:35:32,542:abl.webconnector.auto_updates:Checking for auto updates from 12.4.5 with tags ['mac-universal', 'suite']
INFO:2026-09-11 11:35:32,794:abl.webconnector.auto_updates:Deltas found {}
INFO:2026-09-11 11:35:32,795:abl.webconnector.auto_updates:No update found; terminating
INFO:2026-09-11 11:35:33,547:abl.webconnector.main:End
INFO:2026-09-11 11:44:45,362:abl.webconnector.main:Start
INFO:2026-09-11 11:44:45,366:abl.webconnector.main:Cleanup event logs.
INFO:2026-09-11 11:44:50,368:abl.webconnector.auto_updates:Checking for auto updates from 12.4.5 with tags ['mac-universal', 'suite']
INFO:2026-09-11 11:44:50,596:abl.webconnector.auto_updates:Deltas found {}
INFO:2026-09-11 11:44:50,596:abl.webconnector.auto_updates:No update found; terminating
INFO:2026-09-11 11:44:51,374:abl.webconnector.main:End
INFO:2026-09-11 11:55:24,429:abl.webconnector.main:Start
INFO:2026-09-11 11:55:24,435:abl.webconnector.main:Cleanup event logs.
INFO:2026-09-11 11:55:29,442:abl.webconnector.auto_updates:Checking for auto updates from 12.4.5 with tags ['mac-universal', 'suite']
INFO:2026-09-11 11:55:29,764:abl.webconnector.auto_updates:Deltas found {}
INFO:2026-09-11 11:55:29,764:abl.webconnector.auto_updates:No update found; terminating
INFO:2026-09-11 11:55:30,446:abl.webconnector.main:End
INFO:2026-09-11 11:58:26,116:abl.webconnector.main:Start
INFO:2026-09-11 11:58:26,118:abl.webconnector.main:Cleanup event logs.
INFO:2026-09-11 11:58:31,121:abl.webconnector.auto_updates:Checking for auto updates from 12.4.5 with tags ['mac-universal', 'suite']
INFO:2026-09-11 11:58:31,425:abl.webconnector.auto_updates:Deltas found {}
INFO:2026-09-11 11:58:31,425:abl.webconnector.auto_updates:No update found; terminating
INFO:2026-09-11 11:58:32,126:abl.webconnector.main:End
INFO:2026-09-11 12:16:46,533:abl.webconnector.main:Start
INFO:2026-09-11 12:16:46,536:abl.webconnector.main:Cleanup event logs.
INFO:2026-09-11 12:16:51,541:abl.webconnector.auto_updates:Checking for auto updates from 12.4.5 with tags ['mac-universal', 'suite']
INFO:2026-09-11 12:16:51,787:abl.webconnector.auto_updates:Deltas found {}
INFO:2026-09-11 12:16:51,787:abl.webconnector.auto_updates:No update found; terminating
INFO:2026-09-11 12:16:52,543:abl.webconnector.main:End
INFO:2026-09-11 13:37:15,235:abl.webconnector.main:Start
INFO:2026-09-11 13:37:15,238:abl.webconnector.main:Cleanup event logs.
INFO:2026-09-11 13:37:20,243:abl.webconnector.auto_updates:Checking for auto updates from 12.4.5 with tags ['mac-universal', 'suite']
INFO:2026-09-11 13:37:20,491:abl.webconnector.auto_updates:Deltas found {}
INFO:2026-09-11 13:37:20,491:abl.webconnector.auto_updates:No update found; terminating
INFO:2026-09-11 13:37:21,248:abl.webconnector.main:End
INFO:2026-09-11 13:41:47,113:abl.webconnector.main:Start
INFO:2026-09-11 13:41:47,115:abl.webconnector.main:Cleanup event logs.
INFO:2026-09-11 13:41:52,126:abl.webconnector.auto_updates:Checking for auto updates from 12.4.5 with tags ['mac-universal', 'suite']
INFO:2026-09-11 13:41:52,388:abl.webconnector.auto_updates:Deltas found {}
INFO:2026-09-11 13:41:52,388:abl.webconnector.auto_updates:No update found; terminating
INFO:2026-09-11 13:41:53,131:abl.webconnector.main:End
INFO:2026-09-11 13:44:09,577:abl.webconnector.main:Start
INFO:2026-09-11 13:44:09,581:abl.webconnector.main:Cleanup event logs.
INFO:2026-09-11 13:44:14,586:abl.webconnector.auto_updates:Checking for auto updates from 12.4.5 with tags ['mac-universal', 'suite']
INFO:2026-09-11 13:44:14,881:abl.webconnector.auto_updates:Deltas found {}
INFO:2026-09-11 13:44:14,881:abl.webconnector.auto_updates:No update found; terminating
INFO:2026-09-11 13:44:15,587:abl.webconnector.main:End
INFO:2026-09-11 14:00:57,086:abl.webconnector.main:Start
INFO:2026-09-11 14:00:57,092:abl.webconnector.main:Cleanup event logs.
INFO:2026-09-11 14:01:02,095:abl.webconnector.auto_updates:Checking for auto updates from 12.4.5 with tags ['mac-universal', 'suite']
INFO:2026-09-11 14:01:02,381:abl.webconnector.auto_updates:Deltas found {}
INFO:2026-09-11 14:01:02,382:abl.webconnector.auto_updates:No update found; terminating
INFO:2026-09-11 14:01:03,100:abl.webconnector.main:End
INFO:2026-09-11 14:06:43,350:abl.webconnector.main:Start
INFO:2026-09-11 14:06:43,352:abl.webconnector.main:Cleanup event logs.
INFO:2026-09-11 14:06:48,354:abl.webconnector.auto_updates:Checking for auto updates from 12.4.5 with tags ['mac-universal', 'suite']
INFO:2026-09-11 14:06:48,653:abl.webconnector.auto_updates:Deltas found {}
INFO:2026-09-11 14:06:48,653:abl.webconnector.auto_updates:No update found; terminating
INFO:2026-09-11 14:06:49,360:abl.webconnector.main:End
INFO:2026-09-11 14:31:02,794:abl.webconnector.main:Start
INFO:2026-09-11 14:31:02,805:abl.webconnector.main:Cleanup event logs.
INFO:2026-09-11 14:31:07,808:abl.webconnector.auto_updates:Checking for auto updates from 12.4.5 with tags ['mac-universal', 'suite']
INFO:2026-09-11 14:31:08,066:abl.webconnector.auto_updates:Deltas found {}
INFO:2026-09-11 14:31:08,067:abl.webconnector.auto_updates:No update found; terminating
INFO:2026-09-11 14:31:08,813:abl.webconnector.main:End
INFO:2026-09-11 15:22:06,708:abl.webconnector.main:Start
INFO:2026-09-11 15:22:06,711:abl.webconnector.main:Cleanup event logs.
INFO:2026-09-11 15:22:11,718:abl.webconnector.auto_updates:Checking for auto updates from 12.4.5 with tags ['mac-universal', 'suite']
INFO:2026-09-11 15:22:12,020:abl.webconnector.auto_updates:Deltas found {}
INFO:2026-09-11 15:22:12,021:abl.webconnector.auto_updates:No update found; terminating
INFO:2026-09-11 15:22:12,718:abl.webconnector.main:End
INFO:2026-09-11 15:25:02,750:abl.webconnector.main:Start
INFO:2026-09-11 15:25:02,755:abl.webconnector.main:Cleanup event logs.
INFO:2026-09-11 15:25:07,757:abl.webconnector.auto_updates:Checking for auto updates from 12.4.5 with tags ['mac-universal', 'suite']
INFO:2026-09-11 15:25:08,020:abl.webconnector.auto_updates:Deltas found {}
INFO:2026-09-11 15:25:08,020:abl.webconnector.auto_updates:No update found; terminating
INFO:2026-09-11 15:25:08,761:abl.webconnector.main:End
INFO:2026-09-11 15:33:01,174:abl.webconnector.main:Start
INFO:2026-09-11 15:33:01,177:abl.webconnector.main:Cleanup event logs.
INFO:2026-09-11 15:33:06,182:abl.webconnector.auto_updates:Checking for auto updates from 12.4.5 with tags ['mac-universal', 'suite']
INFO:2026-09-11 15:33:06,574:abl.webconnector.auto_updates:Deltas found {}
INFO:2026-09-11 15:33:06,574:abl.webconnector.auto_updates:No update found; terminating
INFO:2026-09-11 15:33:07,187:abl.webconnector.main:End
INFO:2026-09-11 17:13:43,396:abl.webconnector.main:Start
INFO:2026-09-11 17:13:43,399:abl.webconnector.main:Cleanup event logs.
INFO:2026-09-11 17:13:48,404:abl.webconnector.auto_updates:Checking for auto updates from 12.4.5 with tags ['mac-universal', 'suite']
INFO:2026-09-11 17:13:48,764:abl.webconnector.auto_updates:Deltas found {}
INFO:2026-09-11 17:13:48,764:abl.webconnector.auto_updates:No update found; terminating
INFO:2026-09-11 17:13:49,407:abl.webconnector.main:End
INFO:2026-09-11 17:32:07,024:abl.webconnector.main:Start
INFO:2026-09-11 17:32:07,026:abl.webconnector.main:Cleanup event logs.
INFO:2026-09-11 17:32:12,033:abl.webconnector.auto_updates:Checking for auto updates from 12.4.5 with tags ['mac-universal', 'suite']
INFO:2026-09-11 17:32:12,343:abl.webconnector.auto_updates:Deltas found {}
INFO:2026-09-11 17:32:12,343:abl.webconnector.auto_updates:No update found; terminating
INFO:2026-09-11 17:32:13,037:abl.webconnector.main:End
INFO:2026-09-11 20:00:17,209:abl.webconnector.main:Start
INFO:2026-09-11 20:00:17,212:abl.webconnector.main:Cleanup event logs.
INFO:2026-09-11 20:00:22,223:abl.webconnector.auto_updates:Checking for auto updates from 12.4.5 with tags ['mac-universal', 'suite']
INFO:2026-09-11 20:00:22,497:abl.webconnector.auto_updates:Deltas found {}
INFO:2026-09-11 20:00:22,498:abl.webconnector.auto_updates:No update found; terminating
INFO:2026-09-11 20:00:23,227:abl.webconnector.main:End
INFO:2026-09-12 08:55:04,437:abl.webconnector.main:Start
INFO:2026-09-12 08:55:04,441:abl.webconnector.main:Cleanup event logs.
INFO:2026-09-12 08:55:09,448:abl.webconnector.auto_updates:Checking for auto updates from 12.4.5 with tags ['mac-universal', 'suite']
INFO:2026-09-12 08:55:09,765:abl.webconnector.auto_updates:Deltas found {}
INFO:2026-09-12 08:55:09,765:abl.webconnector.auto_updates:No update found; terminating
INFO:2026-09-12 08:55:10,453:abl.webconnector.main:End
INFO:2026-09-12 09:30:35,948:abl.webconnector.main:Start
INFO:2026-09-12 09:30:35,953:abl.webconnector.main:Cleanup event logs.
INFO:2026-09-12 09:30:40,957:abl.webconnector.auto_updates:Checking for auto updates from 12.4.5 with tags ['mac-universal', 'suite']
INFO:2026-09-12 09:30:41,306:abl.webconnector.auto_updates:Deltas found {}
INFO:2026-09-12 09:30:41,307:abl.webconnector.auto_updates:No update found; terminating
INFO:2026-09-12 09:30:41,960:abl.webconnector.main:End
INFO:2026-09-12 10:04:23,321:abl.webconnector.main:Start
INFO:2026-09-12 10:04:23,325:abl.webconnector.main:Cleanup event logs.
INFO:2026-09-12 10:04:28,331:abl.webconnector.auto_updates:Checking for auto updates from 12.4.5 with tags ['mac-universal', 'suite']
INFO:2026-09-12 10:04:28,692:abl.webconnector.auto_updates:Deltas found {}
INFO:2026-09-12 10:04:28,692:abl.webconnector.auto_updates:No update found; terminating
INFO:2026-09-12 10:04:29,334:abl.webconnector.main:End
INFO:2026-09-12 10:08:28,608:abl.webconnector.main:Start
INFO:2026-09-12 10:08:28,610:abl.webconnector.main:Cleanup event logs.
INFO:2026-09-12 10:08:33,621:abl.webconnector.auto_updates:Checking for auto updates from 12.4.5 with tags ['mac-universal', 'suite']
INFO:2026-09-12 10:08:33,893:abl.webconnector.auto_updates:Deltas found {}
INFO:2026-09-12 10:08:33,893:abl.webconnector.auto_updates:No update found; terminating
INFO:2026-09-12 10:08:34,625:abl.webconnector.main:End
INFO:2026-09-12 10:19:28,443:abl.webconnector.main:Start
INFO:2026-09-12 10:19:28,445:abl.webconnector.main:Cleanup event logs.
INFO:2026-09-12 10:19:33,448:abl.webconnector.auto_updates:Checking for auto updates from 12.4.5 with tags ['mac-universal', 'suite']
INFO:2026-09-12 10:19:33,853:abl.webconnector.auto_updates:Deltas found {}
INFO:2026-09-12 10:19:33,853:abl.webconnector.auto_updates:No update found; terminating
INFO:2026-09-12 10:19:34,450:abl.webconnector.main:End
INFO:2026-09-12 10:25:06,822:abl.webconnector.main:Start
INFO:2026-09-12 10:25:06,825:abl.webconnector.main:Cleanup event logs.
INFO:2026-09-12 10:25:11,830:abl.webconnector.auto_updates:Checking for auto updates from 12.4.5 with tags ['mac-universal', 'suite']
INFO:2026-09-12 10:25:12,117:abl.webconnector.auto_updates:Deltas found {}
INFO:2026-09-12 10:25:12,117:abl.webconnector.auto_updates:No update found; terminating
INFO:2026-09-12 10:25:12,834:abl.webconnector.main:End
INFO:2026-09-12 13:38:13,024:abl.webconnector.main:Start
INFO:2026-09-12 13:38:13,028:abl.webconnector.main:Cleanup event logs.
INFO:2026-09-12 13:38:18,035:abl.webconnector.auto_updates:Checking for auto updates from 12.4.5 with tags ['mac-universal', 'suite']
INFO:2026-09-12 13:38:18,281:abl.webconnector.auto_updates:Deltas found {}
INFO:2026-09-12 13:38:18,281:abl.webconnector.auto_updates:No update found; terminating
INFO:2026-09-12 13:38:19,037:abl.webconnector.main:End
INFO:2026-09-12 14:43:49,313:abl.webconnector.main:Start
INFO:2026-09-12 14:43:49,316:abl.webconnector.main:Cleanup event logs.
INFO:2026-09-12 14:43:54,324:abl.webconnector.auto_updates:Checking for auto updates from 12.4.5 with tags ['mac-universal', 'suite']
INFO:2026-09-12 14:43:54,601:abl.webconnector.auto_updates:Deltas found {}
INFO:2026-09-12 14:43:54,602:abl.webconnector.auto_updates:No update found; terminating
INFO:2026-09-12 14:43:55,328:abl.webconnector.main:End
INFO:2026-09-12 16:40:38,410:abl.webconnector.main:Start
INFO:2026-09-12 16:40:38,414:abl.webconnector.main:Cleanup event logs.
INFO:2026-09-12 16:40:43,422:abl.webconnector.auto_updates:Checking for auto updates from 12.4.5 with tags ['mac-universal', 'suite']
INFO:2026-09-12 16:40:43,795:abl.webconnector.auto_updates:Deltas found {}
INFO:2026-09-12 16:40:43,797:abl.webconnector.auto_updates:No update found; terminating
INFO:2026-09-12 16:40:44,428:abl.webconnector.main:End
INFO:2026-09-12 20:49:53,586:abl.webconnector.main:Start
INFO:2026-09-12 20:49:53,588:abl.webconnector.main:Cleanup event logs.
INFO:2026-09-12 20:49:58,592:abl.webconnector.auto_updates:Checking for auto updates from 12.4.5 with tags ['mac-universal', 'suite']
INFO:2026-09-12 20:49:58,941:abl.webconnector.auto_updates:Deltas found {}
INFO:2026-09-12 20:49:58,943:abl.webconnector.auto_updates:No update found; terminating
INFO:2026-09-12 20:49:59,598:abl.webconnector.main:End
INFO:2026-09-13 09:57:31,009:abl.webconnector.main:Start
INFO:2026-09-13 09:57:31,013:abl.webconnector.main:Cleanup event logs.
INFO:2026-09-13 09:57:36,021:abl.webconnector.auto_updates:Checking for auto updates from 12.4.5 with tags ['mac-universal', 'suite']
INFO:2026-09-13 09:57:36,297:abl.webconnector.auto_updates:Deltas found {}
INFO:2026-09-13 09:57:36,297:abl.webconnector.auto_updates:No update found; terminating
INFO:2026-09-13 09:57:37,024:abl.webconnector.main:End
INFO:2026-09-14 10:43:02,953:abl.webconnector.main:Start
INFO:2026-09-14 10:43:02,956:abl.webconnector.main:Cleanup event logs.
INFO:2026-09-14 10:43:07,964:abl.webconnector.auto_updates:Checking for auto updates from 12.4.5 with tags ['mac-universal', 'suite']
INFO:2026-09-14 10:43:08,250:abl.webconnector.auto_updates:Deltas found {}
INFO:2026-09-14 10:43:08,250:abl.webconnector.auto_updates:No update found; terminating
INFO:2026-09-14 10:43:08,964:abl.webconnector.main:End
INFO:2026-09-14 14:14:09,023:abl.webconnector.main:Start
INFO:2026-09-14 14:14:09,026:abl.webconnector.main:Cleanup event logs.
INFO:2026-09-14 14:14:14,033:abl.webconnector.auto_updates:Checking for auto updates from 12.4.5 with tags ['mac-universal', 'suite']
INFO:2026-09-14 14:14:14,379:abl.webconnector.auto_updates:Deltas found {}
INFO:2026-09-14 14:14:14,379:abl.webconnector.auto_updates:No update found; terminating
INFO:2026-09-14 14:14:15,037:abl.webconnector.main:End
INFO:2026-09-14 14:54:41,805:abl.webconnector.main:Start
INFO:2026-09-14 14:54:41,808:abl.webconnector.main:Cleanup event logs.
INFO:2026-09-14 14:54:46,814:abl.webconnector.auto_updates:Checking for auto updates from 12.4.5 with tags ['mac-universal', 'suite']
INFO:2026-09-14 14:54:47,088:abl.webconnector.auto_updates:Deltas found {}
INFO:2026-09-14 14:54:47,088:abl.webconnector.auto_updates:No update found; terminating
INFO:2026-09-14 14:54:47,816:abl.webconnector.main:End
INFO:2026-09-14 15:52:13,555:abl.webconnector.main:Start
INFO:2026-09-14 15:52:13,558:abl.webconnector.main:Cleanup event logs.
INFO:2026-09-14 15:52:18,566:abl.webconnector.auto_updates:Checking for auto updates from 12.4.5 with tags ['mac-universal', 'suite']
INFO:2026-09-14 15:52:18,810:abl.webconnector.auto_updates:Deltas found {}
INFO:2026-09-14 15:52:18,810:abl.webconnector.auto_updates:No update found; terminating
INFO:2026-09-14 15:52:19,573:abl.webconnector.main:End
INFO:2026-09-14 17:12:17,235:abl.webconnector.main:Start
INFO:2026-09-14 17:12:17,238:abl.webconnector.main:Cleanup event logs.
INFO:2026-09-14 17:12:22,246:abl.webconnector.auto_updates:Checking for auto updates from 12.4.5 with tags ['mac-universal', 'suite']
INFO:2026-09-14 17:12:22,597:abl.webconnector.auto_updates:Deltas found {}
INFO:2026-09-14 17:12:22,597:abl.webconnector.auto_updates:No update found; terminating
INFO:2026-09-14 17:12:23,250:abl.webconnector.main:End
INFO:2026-09-14 18:27:39,569:abl.webconnector.main:Start
INFO:2026-09-14 18:27:39,571:abl.webconnector.main:Cleanup event logs.
INFO:2026-09-14 18:27:44,577:abl.webconnector.auto_updates:Checking for auto updates from 12.4.5 with tags ['mac-universal', 'suite']
INFO:2026-09-14 18:27:44,974:abl.webconnector.auto_updates:Deltas found {}
INFO:2026-09-14 18:27:44,974:abl.webconnector.auto_updates:No update found; terminating
INFO:2026-09-14 18:27:45,581:abl.webconnector.main:End
INFO:2026-09-15 11:08:45,950:abl.webconnector.main:Start
INFO:2026-09-15 11:08:45,953:abl.webconnector.main:Cleanup event logs.
INFO:2026-09-15 11:08:50,959:abl.webconnector.auto_updates:Checking for auto updates from 12.4.5 with tags ['mac-universal', 'suite']
INFO:2026-09-15 11:08:51,197:abl.webconnector.auto_updates:Deltas found {}
INFO:2026-09-15 11:08:51,198:abl.webconnector.auto_updates:No update found; terminating
INFO:2026-09-15 11:08:51,964:abl.webconnector.main:End
INFO:2026-09-15 11:09:41,046:abl.webconnector.main:Start
INFO:2026-09-15 11:09:41,048:abl.webconnector.main:Cleanup event logs.
INFO:2026-09-15 11:09:46,055:abl.webconnector.auto_updates:Checking for auto updates from 12.4.5 with tags ['mac-universal', 'suite']
INFO:2026-09-15 11:09:46,304:abl.webconnector.auto_updates:Deltas found {}
INFO:2026-09-15 11:09:46,304:abl.webconnector.auto_updates:No update found; terminating
INFO:2026-09-15 11:09:47,061:abl.webconnector.main:End
INFO:2026-09-15 11:50:13,567:abl.webconnector.main:Start
INFO:2026-09-15 11:50:13,570:abl.webconnector.main:Cleanup event logs.
INFO:2026-09-15 11:50:18,575:abl.webconnector.auto_updates:Checking for auto updates from 12.4.5 with tags ['mac-universal', 'suite']
INFO:2026-09-15 11:50:18,818:abl.webconnector.auto_updates:Deltas found {}
INFO:2026-09-15 11:50:18,818:abl.webconnector.auto_updates:No update found; terminating
INFO:2026-09-15 11:50:19,577:abl.webconnector.main:End
INFO:2026-09-15 12:40:20,244:abl.webconnector.main:Start
INFO:2026-09-15 12:40:20,280:abl.webconnector.main:Cleanup event logs.
INFO:2026-09-15 12:40:25,285:abl.webconnector.auto_updates:Checking for auto updates from 12.4.5 with tags ['mac-universal', 'suite']
INFO:2026-09-15 12:40:25,545:abl.webconnector.auto_updates:Deltas found {}
INFO:2026-09-15 12:40:25,545:abl.webconnector.auto_updates:No update found; terminating
INFO:2026-09-15 12:40:26,289:abl.webconnector.main:End
INFO:2026-09-15 14:03:53,721:abl.webconnector.main:Start
INFO:2026-09-15 14:03:53,724:abl.webconnector.main:Cleanup event logs.
INFO:2026-09-15 14:03:58,732:abl.webconnector.auto_updates:Checking for auto updates from 12.4.5 with tags ['mac-universal', 'suite']
INFO:2026-09-15 14:03:58,997:abl.webconnector.auto_updates:Deltas found {}
INFO:2026-09-15 14:03:58,998:abl.webconnector.auto_updates:No update found; terminating
INFO:2026-09-15 14:03:59,736:abl.webconnector.main:End
