anonymous_id=2251f8c41870ceeeb58dbc21acd4ad9a
version=12.4.5
install_variant=Suite
commit_id=225ce5e356e024356d5210512bae46fb466f6968
checksum_1=2a1cea85aa4db1eb250c6415d4b481dc
checksum_2=66eeeaaba613bd21749c789aea2c9840
checksum_3=66eeeaaba613bd21749c789aea2c9840
timestamp=2026-09-15T10:40:15.233038
pid=89232
os=macOS 26.6.2 (25G83), Arch:arm64
language=EN
ram_physical=34359738368
ram_address_space=18446744073709551615
hardware_model=MacBookPro18,3
cpu_name=Apple M1 Pro
cpu_cores=10
cpu_sse2=1
graphics_device_name=
app_wordsize=64
rewire_controlled=0
running_on_native_arch=1
2026-09-15T10:40:16.149117=installed_packs {"names":["Sequencers","Expressive Chords","Beat Selection by Sample Magic","Break Selection by Sample Magic","DM-307A Free Pack by Heavyocity","Drum Booth","Drum Essentials","Glitch and Wash","Build and Drop","Surround Panner","Probability Pack by Sonic Faction","Singularities","Inspired by Nature by Dillon Bastan","Voice Box","Brass Quartet by Spitfire Audio","Granulator III","Trap Drums by Sound Oracle","Generators by Iftah","APC Step Sequencer by Mark Egloff","M4L Big Three"]}
2026-09-15T10:40:16.653574=audio_io_status {"driver-type":"CoreAudio","input_device":"MiniFuse 4 (6 In, 6 Out)","output_device":"MiniFuse 4 (6 In, 6 Out)","input_channels":4,"output_channels":4,"sample_rate":48000.0,"input_buffer_size":64,"input_latency":4.416666507720947,"output_buffer_size":64,"output_latency":1.9166666269302368,"output_latency_with_buffering":1.9166666269302368,"driver_error_compensation_ms":0.0,"overall_latency":6.3333330154418945}
2026-09-15T10:40:16.727561=audio_time_allocations {"allocator":"AudioBuffer","max_capacity":1000,"max_used":0,"num_failures":0}
2026-09-15T10:40:16.727604=audio_time_allocations {"allocator":"AudioBuffer","max_capacity":1956,"max_used":0,"num_failures":0}
2026-09-15T10:40:16.739515=midi_io_status_controlsurface {"slot":1,"name":"Komplete_Kontrol_A","input":"","output":""}
2026-09-15T10:40:16.739598=midi_io_status_controlsurface {"slot":2,"name":"Push2","input":"","output":""}
2026-09-15T10:40:16.739649=midi_io_status_controlsurface {"slot":3,"name":"","input":"","output":""}
2026-09-15T10:40:16.739660=midi_io_status_controlsurface {"slot":4,"name":"","input":"","output":""}
2026-09-15T10:40:16.739669=midi_io_status_controlsurface {"slot":5,"name":"","input":"","output":""}
2026-09-15T10:40:16.739677=midi_io_status_controlsurface {"slot":6,"name":"","input":"","output":""}
2026-09-15T10:40:16.739685=midi_io_status_controlsurface {"slot":7,"name":"","input":"","output":""}
2026-09-15T10:40:16.739724=midi_io_status_generic {"takeover_mode":"None"}
2026-09-15T10:40:16.739740=midi_io_status_inputs {"name":"MiniFuse 4","track":true,"sync":false,"remote":false,"port_type":"","mpe":false,"sync_delay":0.0,"sync_type":"MIDI Clock","mtc_frame_rate":"All","mtc_start_offset":0.0}
2026-09-15T10:40:16.739753=midi_io_status_inputs {"name":"Computer Keyboard","track":true,"sync":false,"remote":false,"port_type":"","mpe":false,"sync_delay":0.0,"sync_type":"MIDI Clock","mtc_frame_rate":"All","mtc_start_offset":0.0}
2026-09-15T10:40:16.739764=midi_io_status_outputs {"name":"MiniFuse 4","track":false,"sync":false,"remote":false,"port_type":"","sync_delay":0.0,"sync_type":"Song","hardware_resync_message":"Stop and Start"}
2026-09-15T10:40:16.759777=rb_tbool_value {"TBool_action":"OnLoad","TBool_name":"SessionAutomationRecordInArmedTracksOnly","TBool_value":"1"}
2026-09-15T10:40:16.759828=rb_tbool_value {"TBool_action":"OnLoad","TBool_name":"StartTransportWithRecord","TBool_value":"1"}
2026-09-15T10:40:16.764534=rb_tbool_value {"TBool_action":"OnLoad","TBool_name":"ArrangementOverdub","TBool_value":"0"}
2026-09-15T10:40:16.875623=audio_time_allocations {"allocator":"Large Sysex Events","max_capacity":7,"max_used":0,"num_failures":0}
2026-09-15T10:40:16.875658=audio_time_allocations {"allocator":"Medium Sysex Events","max_capacity":1985,"max_used":0,"num_failures":0}
2026-09-15T10:40:16.875671=audio_time_allocations {"allocator":"Small Sysex Events","max_capacity":13107,"max_used":0,"num_failures":0}
2026-09-15T10:40:16.875683=audio_time_allocations {"allocator":"Max Remote Automation Events","max_capacity":5041,"max_used":0,"num_failures":0}
2026-09-15T10:40:16.875729=audio_time_allocations {"allocator":"Max Device Automation Events","max_capacity":3196,"max_used":0,"num_failures":0}
2026-09-15T10:40:16.875740=audio_time_allocations {"allocator":"Max Device Midi Events","max_capacity":7710,"max_used":0,"num_failures":0}
2026-09-15T10:40:16.891838=audio_time_allocations {"allocator":"EventBuffering","max_capacity":18724,"max_used":22,"num_failures":0}
2026-09-15T10:40:16.891875=audio_time_allocations {"allocator":"Parameter Compensate Delay","max_capacity":524288,"max_used":0,"num_failures":0}
2026-09-15T10:40:16.927140=midi_io_status_controlsurface {"slot":1,"name":"Komplete_Kontrol_A","input":"","output":""}
2026-09-15T10:40:16.927200=midi_io_status_controlsurface {"slot":2,"name":"Push2","input":"","output":""}
2026-09-15T10:40:16.927211=midi_io_status_controlsurface {"slot":3,"name":"","input":"","output":""}
2026-09-15T10:40:16.927220=midi_io_status_controlsurface {"slot":4,"name":"","input":"","output":""}
2026-09-15T10:40:16.927227=midi_io_status_controlsurface {"slot":5,"name":"","input":"","output":""}
2026-09-15T10:40:16.927235=midi_io_status_controlsurface {"slot":6,"name":"","input":"","output":""}
2026-09-15T10:40:16.927242=midi_io_status_controlsurface {"slot":7,"name":"","input":"","output":""}
2026-09-15T10:40:16.927283=midi_io_status_generic {"takeover_mode":"None"}
2026-09-15T10:40:16.927298=midi_io_status_inputs {"name":"MiniFuse 4","track":true,"sync":false,"remote":false,"port_type":"","mpe":false,"sync_delay":0.0,"sync_type":"MIDI Clock","mtc_frame_rate":"All","mtc_start_offset":0.0}
2026-09-15T10:40:16.927309=midi_io_status_inputs {"name":"Computer Keyboard","track":true,"sync":false,"remote":false,"port_type":"","mpe":false,"sync_delay":0.0,"sync_type":"MIDI Clock","mtc_frame_rate":"All","mtc_start_offset":0.0}
2026-09-15T10:40:16.927319=midi_io_status_outputs {"name":"MiniFuse 4","track":false,"sync":false,"remote":false,"port_type":"","sync_delay":0.0,"sync_type":"Song","hardware_resync_message":"Stop and Start"}
2026-09-15T10:40:18.561900=max_app_status {"version_string":"9.1.5 (3db35fa476d)","max_app_path":"/Applications/Ableton Live 12 Suite.app/Contents/App-Resources/Max/Max.app","patcher_path":"/Applications/Ableton Live 12 Suite.app/Contents/App-Resources/Max/Max.app/Contents/Resources/C74/support/patcher.bundle","checker_path":"/Applications/Ableton Live 12 Suite.app/Contents/App-Resources/Max/Max.app/Contents/Resources/C74/support/maxchecker.bundle","version_major":4,"version_minor":57,"up_and_running":true}
2026-09-15T10:40:18.927395=device_add {"alg_latency":"0","device_architecture":"Ableton","device_name":"Reverb","device_type":"AudioFx","path":"Reverb","preset_name":"Reverb Default"}
2026-09-15T10:40:18.927510=device_add {"alg_latency":"0","device_architecture":"Ableton","device_name":"Delay","device_type":"AudioFx","path":"Delay","preset_name":"Dotted Eighth Note"}
2026-09-15T10:40:19.001296=start
2026-09-15T10:40:19.001345=preferences_loaded {"cpu_multicore_rewire":"0","cpu_multicore_standalone":"1","midi_remote_script_slot_0":"Komplete_Kontrol_A","midi_remote_script_slot_1":"Push2","midi_remote_script_slot_2":"","midi_remote_script_slot_3":"","midi_remote_script_slot_4":"","midi_remote_script_slot_5":"","midi_remote_script_slot_6":""}
2026-09-15T10:40:19.001360=crash_file_upload_data {"collect_crashlog_was_called":"0","found_previous_usage_log":"","found_crash_file":"","copied_crash_file":""}
2026-09-15T10:40:19.001372=device_add {"alg_latency":"0","device_architecture":"Ableton","device_name":"Reverb","device_type":"AudioFx","path":"Reverb","preset_name":"Reverb Default"}
2026-09-15T10:40:19.001383=device_add {"alg_latency":"0","device_architecture":"Ableton","device_name":"Delay","device_type":"AudioFx","path":"Delay","preset_name":"Dotted Eighth Note"}
2026-09-15T10:40:19.001407=status {"audio_usage_average":"","audio_usage_peak":"","mem_private":"0","mem_resident":"775880704","mem_virtual":"448119848960"}
2026-09-15T10:40:19.050263=screen-properties {"config_change_index":0,"screen_index":0,"left":0,"top":0,"width":1512,"height":982}
2026-09-15T10:40:19.070660=link-status {"enabled":false,"peers":0}
2026-09-15T10:40:19.120742=audio_time_allocations {"allocator":"Midi Delay","max_capacity":21845,"max_used":0,"num_failures":0}
2026-09-15T10:40:19.146871=browser_refresh_start
2026-09-15T10:40:19.233467=browser_refresh_start
2026-09-15T10:40:20.210001=device_add {"alg_latency":"0","device_architecture":"VST3","device_name":"SpliceAbletonLive","device_type":"Instrument","path":"SpliceAbletonLive","preset_name":""}
2026-09-15T10:40:20.370658=browser_refresh_start
2026-09-15T10:40:20.940169=browser_refresh_start
2026-09-15T10:40:20.960269=browser_refresh_start
2026-09-15T10:40:24.060330=browser_refresh_start
2026-09-15T10:40:25.039994=browser_refresh_start
2026-09-15T10:40:51.992204=device_remove {"alg_latency":"0","device_architecture":"VST3","device_name":"SpliceAbletonLive","device_type":"Instrument","path":"SpliceAbletonLive","preset_name":""}
2026-09-15T10:40:52.010164=audio_time_allocations {"allocator":"Large Sysex Events","max_capacity":7,"max_used":0,"num_failures":0}
2026-09-15T10:40:52.010197=audio_time_allocations {"allocator":"Medium Sysex Events","max_capacity":1985,"max_used":0,"num_failures":0}
2026-09-15T10:40:52.010210=audio_time_allocations {"allocator":"Small Sysex Events","max_capacity":13107,"max_used":0,"num_failures":0}
2026-09-15T10:40:52.010223=audio_time_allocations {"allocator":"Max Remote Automation Events","max_capacity":5041,"max_used":0,"num_failures":0}
2026-09-15T10:40:52.010235=audio_time_allocations {"allocator":"Max Device Automation Events","max_capacity":3196,"max_used":0,"num_failures":0}
2026-09-15T10:40:52.010246=audio_time_allocations {"allocator":"Max Device Midi Events","max_capacity":7710,"max_used":0,"num_failures":0}
2026-09-15T10:40:52.024693=audio_time_allocations {"allocator":"Parameter Compensate Delay","max_capacity":524288,"max_used":0,"num_failures":0}
2026-09-15T10:40:52.039017=device_remove {"alg_latency":"0","device_architecture":"Ableton","device_name":"Reverb","device_type":"AudioFx","path":"Reverb","preset_name":"Reverb Default"}
2026-09-15T10:40:52.039095=device_remove {"alg_latency":"0","device_architecture":"Ableton","device_name":"Delay","device_type":"AudioFx","path":"Delay","preset_name":"Dotted Eighth Note"}
2026-09-15T10:40:52.044110=midi_io_status_controlsurface {"slot":1,"name":"Komplete_Kontrol_A","input":"","output":""}
2026-09-15T10:40:52.044154=midi_io_status_controlsurface {"slot":2,"name":"Push2","input":"","output":""}
2026-09-15T10:40:52.044165=midi_io_status_controlsurface {"slot":3,"name":"","input":"","output":""}
2026-09-15T10:40:52.044174=midi_io_status_controlsurface {"slot":4,"name":"","input":"","output":""}
2026-09-15T10:40:52.044182=midi_io_status_controlsurface {"slot":5,"name":"","input":"","output":""}
2026-09-15T10:40:52.044189=midi_io_status_controlsurface {"slot":6,"name":"","input":"","output":""}
2026-09-15T10:40:52.044197=midi_io_status_controlsurface {"slot":7,"name":"","input":"","output":""}
2026-09-15T10:40:52.044234=midi_io_status_generic {"takeover_mode":"None"}
2026-09-15T10:40:52.044250=midi_io_status_inputs {"name":"MiniFuse 4","track":true,"sync":false,"remote":false,"port_type":"","mpe":false,"sync_delay":0.0,"sync_type":"MIDI Clock","mtc_frame_rate":"All","mtc_start_offset":0.0}
2026-09-15T10:40:52.044263=midi_io_status_inputs {"name":"Computer Keyboard","track":true,"sync":false,"remote":false,"port_type":"","mpe":false,"sync_delay":0.0,"sync_type":"MIDI Clock","mtc_frame_rate":"All","mtc_start_offset":0.0}
2026-09-15T10:40:52.044274=midi_io_status_outputs {"name":"MiniFuse 4","track":false,"sync":false,"remote":false,"port_type":"","sync_delay":0.0,"sync_type":"Song","hardware_resync_message":"Stop and Start"}
2026-09-15T10:40:52.299986=rb_tbool_value {"TBool_action":"OnLoad","TBool_name":"SessionAutomationRecordInArmedTracksOnly","TBool_value":"1"}
2026-09-15T10:40:52.300039=rb_tbool_value {"TBool_action":"OnLoad","TBool_name":"StartTransportWithRecord","TBool_value":"1"}
2026-09-15T10:40:52.310770=rb_tbool_value {"TBool_action":"OnLoad","TBool_name":"ArrangementOverdub","TBool_value":"0"}
2026-09-15T10:40:53.890257=audio_time_allocations {"allocator":"Large Sysex Events","max_capacity":7,"max_used":0,"num_failures":0}
2026-09-15T10:40:53.890298=audio_time_allocations {"allocator":"Medium Sysex Events","max_capacity":1985,"max_used":0,"num_failures":0}
2026-09-15T10:40:53.890312=audio_time_allocations {"allocator":"Small Sysex Events","max_capacity":13107,"max_used":0,"num_failures":0}
2026-09-15T10:40:53.890329=audio_time_allocations {"allocator":"Max Remote Automation Events","max_capacity":5041,"max_used":0,"num_failures":0}
2026-09-15T10:40:53.890346=audio_time_allocations {"allocator":"Max Device Automation Events","max_capacity":3196,"max_used":0,"num_failures":0}
2026-09-15T10:40:53.890361=audio_time_allocations {"allocator":"Max Device Midi Events","max_capacity":7710,"max_used":0,"num_failures":0}
2026-09-15T10:40:53.891918=audio_time_allocations {"allocator":"Midi Delay","max_capacity":21845,"max_used":0,"num_failures":0}
2026-09-15T10:40:53.912084=audio_time_allocations {"allocator":"EventBuffering","max_capacity":18724,"max_used":39,"num_failures":0}
2026-09-15T10:40:53.912137=audio_time_allocations {"allocator":"Parameter Compensate Delay","max_capacity":524288,"max_used":0,"num_failures":0}
2026-09-15T10:40:54.012068=midi_io_status_controlsurface {"slot":1,"name":"Komplete_Kontrol_A","input":"","output":""}
2026-09-15T10:40:54.012099=midi_io_status_controlsurface {"slot":2,"name":"Push2","input":"","output":""}
2026-09-15T10:40:54.012109=midi_io_status_controlsurface {"slot":3,"name":"","input":"","output":""}
2026-09-15T10:40:54.012119=midi_io_status_controlsurface {"slot":4,"name":"","input":"","output":""}
2026-09-15T10:40:54.012126=midi_io_status_controlsurface {"slot":5,"name":"","input":"","output":""}
2026-09-15T10:40:54.012134=midi_io_status_controlsurface {"slot":6,"name":"","input":"","output":""}
2026-09-15T10:40:54.012141=midi_io_status_controlsurface {"slot":7,"name":"","input":"","output":""}
2026-09-15T10:40:54.012178=midi_io_status_generic {"takeover_mode":"None"}
2026-09-15T10:40:54.012201=midi_io_status_inputs {"name":"MiniFuse 4","track":true,"sync":false,"remote":false,"port_type":"","mpe":false,"sync_delay":0.0,"sync_type":"MIDI Clock","mtc_frame_rate":"All","mtc_start_offset":0.0}
2026-09-15T10:40:54.012217=midi_io_status_inputs {"name":"Computer Keyboard","track":true,"sync":false,"remote":false,"port_type":"","mpe":false,"sync_delay":0.0,"sync_type":"MIDI Clock","mtc_frame_rate":"All","mtc_start_offset":0.0}
2026-09-15T10:40:54.012231=midi_io_status_outputs {"name":"MiniFuse 4","track":false,"sync":false,"remote":false,"port_type":"","sync_delay":0.0,"sync_type":"Song","hardware_resync_message":"Stop and Start"}
2026-09-15T10:40:54.369908=device_add {"alg_latency":"0","device_architecture":"Ableton","device_name":"Audio Effect Rack","device_type":"AudioFx","path":"Guitar Recording Rack","preset_name":"Guitar Recording Rack"}
2026-09-15T10:40:54.369968=device_add {"alg_latency":"0","device_architecture":"VST3","device_name":"NAM Rig","device_type":"AudioFx","path":"Guitar Recording Rack | NAM Rig","preset_name":""}
2026-09-15T10:40:54.369986=device_add {"alg_latency":"0","device_architecture":"Ableton","device_name":"Tuner","device_type":"AudioFx","path":"Guitar Recording Rack | Tuner","preset_name":"Default"}
2026-09-15T10:40:54.370001=device_add {"alg_latency":"0","device_architecture":"Ableton","device_name":"EQ Three","device_type":"AudioFx","path":"EQ Three","preset_name":"Default"}
2026-09-15T10:40:54.370040=device_add {"alg_latency":"0","device_architecture":"Ableton","device_name":"Ext. Audio Effect","device_type":"AudioFx","path":"Ext. Audio Effect","preset_name":"Default"}
2026-09-15T10:40:54.370130=device_add {"alg_latency":"0","device_architecture":"Audio Unit","device_name":"Peak Alpine","device_type":"AudioFx","path":"Peak Alpine","preset_name":"Default"}
2026-09-15T10:40:54.370199=device_add {"alg_latency":"0","device_architecture":"VST3","device_name":"Raum","device_type":"AudioFx","path":"Raum","preset_name":""}
2026-09-15T10:40:54.370218=device_add {"alg_latency":"0","device_architecture":"Ableton","device_name":"Utility","device_type":"AudioFx","path":"Utility","preset_name":"Default"}
2026-09-15T10:40:54.370241=device_add {"alg_latency":"0","device_architecture":"Ableton","device_name":"Reverb","device_type":"AudioFx","path":"Reverb","preset_name":"Reverb Default"}
2026-09-15T10:40:54.370260=device_add {"alg_latency":"0","device_architecture":"Ableton","device_name":"Delay","device_type":"AudioFx","path":"Delay","preset_name":"Dotted Eighth Note"}
2026-09-15T10:40:54.370306=au-plugin-bus-config {"manufacturer":"Synth Peak","name":"Peak Alpine","num-input-buses":1,"num-output-buses":1,"is-using-single-bus-model":false}
2026-09-15T10:40:54.380125=device_add {"alg_latency":"0","device_architecture":"VST3","device_name":"SpliceAbletonLive","device_type":"Instrument","path":"SpliceAbletonLive","preset_name":""}
2026-09-15T10:40:54.417617=browser_refresh_start
2026-09-15T10:40:54.608627=browser_refresh_start
2026-09-15T10:40:54.712260=link-status {"enabled":false,"peers":0}
2026-09-15T10:40:56.822131=browser_refresh_start
2026-09-15T10:40:58.172877=browser_refresh_start
2026-09-15T10:41:04.689411=device_remove {"alg_latency":"576","device_architecture":"Audio Unit","device_name":"Peak Alpine","device_type":"AudioFx","path":"Peak Alpine","preset_name":"Default"}
2026-09-15T10:41:11.370152=device_add {"alg_latency":"0","device_architecture":"Audio Unit","device_name":"Peak Grain","device_type":"AudioFx","path":"Peak Grain","preset_name":"Default"}
2026-09-15T10:41:11.372818=au-plugin-bus-config {"manufacturer":"Synth Peak","name":"Peak Grain","num-input-buses":1,"num-output-buses":1,"is-using-single-bus-model":false}
2026-09-15T10:41:19.022722=status {"audio_drop_outs":"1","audio_usage_average":"10.8865","audio_usage_peak":"17.325","mem_private":"0","mem_resident":"1136132096","mem_virtual":"453260591104"}
2026-09-15T10:42:19.025644=status {"audio_drop_outs":"0","audio_usage_average":"10.1244","audio_usage_peak":"15.225","mem_private":"0","mem_resident":"1136771072","mem_virtual":"453260591104"}
2026-09-15T10:43:19.034667=status {"audio_drop_outs":"0","audio_usage_average":"10.4184","audio_usage_peak":"13.65","mem_private":"0","mem_resident":"1136312320","mem_virtual":"453260001280"}
2026-09-15T10:44:19.034521=status {"audio_drop_outs":"0","audio_usage_average":"10.7527","audio_usage_peak":"15.45","mem_private":"0","mem_resident":"1136459776","mem_virtual":"453260001280"}
2026-09-15T10:45:19.035456=status {"audio_drop_outs":"0","audio_usage_average":"10.8898","audio_usage_peak":"15.675","mem_private":"0","mem_resident":"1136476160","mem_virtual":"453260001280"}
2026-09-15T10:46:19.035830=status {"audio_drop_outs":"0","audio_usage_average":"10.2042","audio_usage_peak":"14.7","mem_private":"0","mem_resident":"1136476160","mem_virtual":"453260001280"}
2026-09-15T10:47:19.036410=status {"audio_drop_outs":"0","audio_usage_average":"10.2043","audio_usage_peak":"15.675","mem_private":"0","mem_resident":"1136476160","mem_virtual":"453260001280"}
2026-09-15T10:48:19.037028=status {"audio_drop_outs":"0","audio_usage_average":"10.2361","audio_usage_peak":"13.5","mem_private":"0","mem_resident":"1136115712","mem_virtual":"453260001280"}
2026-09-15T10:49:19.037563=status {"audio_drop_outs":"0","audio_usage_average":"11.2153","audio_usage_peak":"16.5","mem_private":"0","mem_resident":"1136164864","mem_virtual":"453260574720"}
2026-09-15T10:50:19.038194=status {"audio_drop_outs":"0","audio_usage_average":"10.539","audio_usage_peak":"16.5","mem_private":"0","mem_resident":"1136164864","mem_virtual":"453260574720"}
2026-09-15T10:51:19.040701=status {"audio_drop_outs":"0","audio_usage_average":"9.92","audio_usage_peak":"14.55","mem_private":"0","mem_resident":"1136246784","mem_virtual":"453242060800"}
2026-09-15T10:52:19.040313=status {"audio_drop_outs":"0","audio_usage_average":"10.3613","audio_usage_peak":"15.75","mem_private":"0","mem_resident":"1136246784","mem_virtual":"453242060800"}
2026-09-15T10:53:19.051790=status {"audio_drop_outs":"0","audio_usage_average":"10.0063","audio_usage_peak":"14.625","mem_private":"0","mem_resident":"1136246784","mem_virtual":"453242060800"}
2026-09-15T10:54:19.061288=status {"audio_drop_outs":"0","audio_usage_average":"10.4701","audio_usage_peak":"16.725","mem_private":"0","mem_resident":"1136246784","mem_virtual":"453242060800"}
2026-09-15T10:55:19.061960=status {"audio_drop_outs":"0","audio_usage_average":"10.0399","audio_usage_peak":"13.575","mem_private":"0","mem_resident":"1136246784","mem_virtual":"453242060800"}
2026-09-15T10:56:19.062462=status {"audio_drop_outs":"0","audio_usage_average":"10.25","audio_usage_peak":"15.675","mem_private":"0","mem_resident":"1136279552","mem_virtual":"453241978880"}
2026-09-15T10:57:19.062829=status {"audio_drop_outs":"0","audio_usage_average":"9.89771","audio_usage_peak":"12.675","mem_private":"0","mem_resident":"1136279552","mem_virtual":"453241978880"}
2026-09-15T10:58:19.063294=status {"audio_drop_outs":"0","audio_usage_average":"10.1397","audio_usage_peak":"14.175","mem_private":"0","mem_resident":"1136377856","mem_virtual":"453242552320"}
2026-09-15T10:59:19.064339=status {"audio_drop_outs":"0","audio_usage_average":"10.525","audio_usage_peak":"14.775","mem_private":"0","mem_resident":"1136394240","mem_virtual":"453241405440"}
2026-09-15T11:00:19.064433=status {"audio_drop_outs":"0","audio_usage_average":"9.91778","audio_usage_peak":"14.85","mem_private":"0","mem_resident":"917700608","mem_virtual":"453241405440"}
2026-09-15T11:01:19.065863=status {"audio_drop_outs":"0","audio_usage_average":"10.2338","audio_usage_peak":"15.675","mem_private":"0","mem_resident":"917815296","mem_virtual":"453241405440"}
2026-09-15T11:02:19.066953=status {"audio_drop_outs":"0","audio_usage_average":"10.3217","audio_usage_peak":"14.775","mem_private":"0","mem_resident":"917815296","mem_virtual":"453241405440"}
2026-09-15T11:03:19.067106=status {"audio_drop_outs":"0","audio_usage_average":"10.5814","audio_usage_peak":"14.775","mem_private":"0","mem_resident":"917782528","mem_virtual":"453241405440"}
2026-09-15T11:04:19.048290=status {"audio_drop_outs":"0","audio_usage_average":"10.6268","audio_usage_peak":"18.15","mem_private":"0","mem_resident":"917798912","mem_virtual":"453241405440"}
2026-09-15T11:05:19.050721=status {"audio_drop_outs":"0","audio_usage_average":"10.1992","audio_usage_peak":"14.775","mem_private":"0","mem_resident":"845496320","mem_virtual":"453242552320"}
2026-09-15T11:05:22.802397=device_add {"alg_latency":"0","device_architecture":"Audio Unit","device_name":"Peak Alpine","device_type":"AudioFx","path":"Peak Alpine","preset_name":"Default"}
2026-09-15T11:05:22.805371=au-plugin-bus-config {"manufacturer":"Synth Peak","name":"Peak Alpine","num-input-buses":1,"num-output-buses":1,"is-using-single-bus-model":false}
2026-09-15T11:06:19.051744=status {"audio_drop_outs":"0","audio_usage_average":"10.7242","audio_usage_peak":"15.975","mem_private":"0","mem_resident":"890273792","mem_virtual":"453356077056"}
2026-09-15T11:07:19.051903=status {"audio_drop_outs":"0","audio_usage_average":"12.1121","audio_usage_peak":"18.075","mem_private":"0","mem_resident":"915783680","mem_virtual":"453367627776"}
2026-09-15T11:08:19.061428=status {"audio_drop_outs":"0","audio_usage_average":"11.8031","audio_usage_peak":"19.2","mem_private":"0","mem_resident":"1016430592","mem_virtual":"453478678528"}
2026-09-15T11:09:19.061299=status {"audio_drop_outs":"0","audio_usage_average":"16.1879","audio_usage_peak":"22.575","mem_private":"0","mem_resident":"1017511936","mem_virtual":"453508038656"}
2026-09-15T11:10:19.061668=status {"audio_drop_outs":"0","audio_usage_average":"18.7407","audio_usage_peak":"24.225","mem_private":"0","mem_resident":"917389312","mem_virtual":"453508038656"}
2026-09-15T11:11:19.062895=status {"audio_drop_outs":"0","audio_usage_average":"15.4299","audio_usage_peak":"22.725","mem_private":"0","mem_resident":"920125440","mem_virtual":"453566808064"}
2026-09-15T11:12:19.072394=status {"audio_drop_outs":"0","audio_usage_average":"14.7108","audio_usage_peak":"22.05","mem_private":"0","mem_resident":"920141824","mem_virtual":"453566808064"}
