anonymous_id=2251f8c41870ceeeb58dbc21acd4ad9a
version=12.4.5
install_variant=Suite
commit_id=225ce5e356e024356d5210512bae46fb466f6968
checksum_1=2a1cea85aa4db1eb250c6415d4b481dc
checksum_2=66eeeaaba613bd21749c789aea2c9840
checksum_3=66eeeaaba613bd21749c789aea2c9840
timestamp=2026-09-15T09:09:36.114630
pid=54180
os=macOS 26.6.2 (25G83), Arch:arm64
language=EN
ram_physical=34359738368
ram_address_space=18446744073709551615
hardware_model=MacBookPro18,3
cpu_name=Apple M1 Pro
cpu_cores=10
cpu_sse2=1
graphics_device_name=
app_wordsize=64
rewire_controlled=0
running_on_native_arch=1
2026-09-15T09:09:37.060428=installed_packs {"names":["Sequencers","Expressive Chords","Beat Selection by Sample Magic","Break Selection by Sample Magic","DM-307A Free Pack by Heavyocity","Drum Booth","Drum Essentials","Glitch and Wash","Build and Drop","Surround Panner","Probability Pack by Sonic Faction","Singularities","Inspired by Nature by Dillon Bastan","Voice Box","Brass Quartet by Spitfire Audio","Granulator III","Trap Drums by Sound Oracle","Generators by Iftah","APC Step Sequencer by Mark Egloff","M4L Big Three"]}
2026-09-15T09:09:37.839982=audio_io_status {"driver-type":"CoreAudio","input_device":"MiniFuse 4 (6 In, 6 Out)","output_device":"MiniFuse 4 (6 In, 6 Out)","input_channels":4,"output_channels":4,"sample_rate":48000.0,"input_buffer_size":64,"input_latency":4.416666507720947,"output_buffer_size":64,"output_latency":1.9166666269302368,"output_latency_with_buffering":1.9166666269302368,"driver_error_compensation_ms":0.0,"overall_latency":6.3333330154418945}
2026-09-15T09:09:37.917920=audio_time_allocations {"allocator":"AudioBuffer","max_capacity":1000,"max_used":0,"num_failures":0}
2026-09-15T09:09:37.917963=audio_time_allocations {"allocator":"AudioBuffer","max_capacity":1956,"max_used":0,"num_failures":0}
2026-09-15T09:09:37.929289=midi_io_status_controlsurface {"slot":1,"name":"Komplete_Kontrol_A","input":"","output":""}
2026-09-15T09:09:37.929349=midi_io_status_controlsurface {"slot":2,"name":"Push2","input":"","output":""}
2026-09-15T09:09:37.929360=midi_io_status_controlsurface {"slot":3,"name":"","input":"","output":""}
2026-09-15T09:09:37.929369=midi_io_status_controlsurface {"slot":4,"name":"","input":"","output":""}
2026-09-15T09:09:37.929376=midi_io_status_controlsurface {"slot":5,"name":"","input":"","output":""}
2026-09-15T09:09:37.929384=midi_io_status_controlsurface {"slot":6,"name":"","input":"","output":""}
2026-09-15T09:09:37.929392=midi_io_status_controlsurface {"slot":7,"name":"","input":"","output":""}
2026-09-15T09:09:37.929428=midi_io_status_generic {"takeover_mode":"None"}
2026-09-15T09:09:37.929444=midi_io_status_inputs {"name":"MiniFuse 4","track":true,"sync":false,"remote":false,"port_type":"","mpe":false,"sync_delay":0.0,"sync_type":"MIDI Clock","mtc_frame_rate":"All","mtc_start_offset":0.0}
2026-09-15T09:09:37.929458=midi_io_status_inputs {"name":"Computer Keyboard","track":true,"sync":false,"remote":false,"port_type":"","mpe":false,"sync_delay":0.0,"sync_type":"MIDI Clock","mtc_frame_rate":"All","mtc_start_offset":0.0}
2026-09-15T09:09:37.929471=midi_io_status_outputs {"name":"MiniFuse 4","track":false,"sync":false,"remote":false,"port_type":"","sync_delay":0.0,"sync_type":"Song","hardware_resync_message":"Stop and Start"}
2026-09-15T09:09:37.948095=rb_tbool_value {"TBool_action":"OnLoad","TBool_name":"SessionAutomationRecordInArmedTracksOnly","TBool_value":"1"}
2026-09-15T09:09:37.948145=rb_tbool_value {"TBool_action":"OnLoad","TBool_name":"StartTransportWithRecord","TBool_value":"1"}
2026-09-15T09:09:37.952413=rb_tbool_value {"TBool_action":"OnLoad","TBool_name":"ArrangementOverdub","TBool_value":"0"}
2026-09-15T09:09:38.058266=audio_time_allocations {"allocator":"Large Sysex Events","max_capacity":7,"max_used":0,"num_failures":0}
2026-09-15T09:09:38.058303=audio_time_allocations {"allocator":"Medium Sysex Events","max_capacity":1985,"max_used":0,"num_failures":0}
2026-09-15T09:09:38.058318=audio_time_allocations {"allocator":"Small Sysex Events","max_capacity":13107,"max_used":0,"num_failures":0}
2026-09-15T09:09:38.058331=audio_time_allocations {"allocator":"Max Remote Automation Events","max_capacity":5041,"max_used":0,"num_failures":0}
2026-09-15T09:09:38.058358=audio_time_allocations {"allocator":"Max Device Automation Events","max_capacity":3196,"max_used":0,"num_failures":0}
2026-09-15T09:09:38.058369=audio_time_allocations {"allocator":"Max Device Midi Events","max_capacity":7710,"max_used":0,"num_failures":0}
2026-09-15T09:09:38.073226=audio_time_allocations {"allocator":"EventBuffering","max_capacity":18724,"max_used":22,"num_failures":0}
2026-09-15T09:09:38.073263=audio_time_allocations {"allocator":"Parameter Compensate Delay","max_capacity":524288,"max_used":0,"num_failures":0}
2026-09-15T09:09:38.109740=midi_io_status_controlsurface {"slot":1,"name":"Komplete_Kontrol_A","input":"","output":""}
2026-09-15T09:09:38.109785=midi_io_status_controlsurface {"slot":2,"name":"Push2","input":"","output":""}
2026-09-15T09:09:38.109795=midi_io_status_controlsurface {"slot":3,"name":"","input":"","output":""}
2026-09-15T09:09:38.109804=midi_io_status_controlsurface {"slot":4,"name":"","input":"","output":""}
2026-09-15T09:09:38.109811=midi_io_status_controlsurface {"slot":5,"name":"","input":"","output":""}
2026-09-15T09:09:38.109819=midi_io_status_controlsurface {"slot":6,"name":"","input":"","output":""}
2026-09-15T09:09:38.109826=midi_io_status_controlsurface {"slot":7,"name":"","input":"","output":""}
2026-09-15T09:09:38.109862=midi_io_status_generic {"takeover_mode":"None"}
2026-09-15T09:09:38.109876=midi_io_status_inputs {"name":"MiniFuse 4","track":true,"sync":false,"remote":false,"port_type":"","mpe":false,"sync_delay":0.0,"sync_type":"MIDI Clock","mtc_frame_rate":"All","mtc_start_offset":0.0}
2026-09-15T09:09:38.109887=midi_io_status_inputs {"name":"Computer Keyboard","track":true,"sync":false,"remote":false,"port_type":"","mpe":false,"sync_delay":0.0,"sync_type":"MIDI Clock","mtc_frame_rate":"All","mtc_start_offset":0.0}
2026-09-15T09:09:38.109897=midi_io_status_outputs {"name":"MiniFuse 4","track":false,"sync":false,"remote":false,"port_type":"","sync_delay":0.0,"sync_type":"Song","hardware_resync_message":"Stop and Start"}
2026-09-15T09:09:39.707797=max_app_status {"version_string":"9.1.5 (3db35fa476d)","max_app_path":"/Applications/Ableton Live 12 Suite.app/Contents/App-Resources/Max/Max.app","patcher_path":"/Applications/Ableton Live 12 Suite.app/Contents/App-Resources/Max/Max.app/Contents/Resources/C74/support/patcher.bundle","checker_path":"/Applications/Ableton Live 12 Suite.app/Contents/App-Resources/Max/Max.app/Contents/Resources/C74/support/maxchecker.bundle","version_major":4,"version_minor":57,"up_and_running":true}
2026-09-15T09:09:40.025964=device_add {"alg_latency":"0","device_architecture":"Ableton","device_name":"Reverb","device_type":"AudioFx","path":"Reverb","preset_name":"Reverb Default"}
2026-09-15T09:09:40.025998=device_add {"alg_latency":"0","device_architecture":"Ableton","device_name":"Delay","device_type":"AudioFx","path":"Delay","preset_name":"Dotted Eighth Note"}
2026-09-15T09:09:40.096487=start
2026-09-15T09:09:40.096534=preferences_loaded {"cpu_multicore_rewire":"0","cpu_multicore_standalone":"1","midi_remote_script_slot_0":"Komplete_Kontrol_A","midi_remote_script_slot_1":"Push2","midi_remote_script_slot_2":"","midi_remote_script_slot_3":"","midi_remote_script_slot_4":"","midi_remote_script_slot_5":"","midi_remote_script_slot_6":""}
2026-09-15T09:09:40.096547=crash_file_upload_data {"collect_crashlog_was_called":"0","found_previous_usage_log":"","found_crash_file":"","copied_crash_file":""}
2026-09-15T09:09:40.096559=device_add {"alg_latency":"0","device_architecture":"Ableton","device_name":"Reverb","device_type":"AudioFx","path":"Reverb","preset_name":"Reverb Default"}
2026-09-15T09:09:40.096568=device_add {"alg_latency":"0","device_architecture":"Ableton","device_name":"Delay","device_type":"AudioFx","path":"Delay","preset_name":"Dotted Eighth Note"}
2026-09-15T09:09:40.096588=status {"audio_usage_average":"","audio_usage_peak":"","mem_private":"0","mem_resident":"781320192","mem_virtual":"448096108544"}
2026-09-15T09:09:40.136560=screen-properties {"config_change_index":0,"screen_index":0,"left":0,"top":0,"width":1512,"height":982}
2026-09-15T09:09:40.176362=link-status {"enabled":false,"peers":0}
2026-09-15T09:09:40.206703=audio_time_allocations {"allocator":"Midi Delay","max_capacity":21845,"max_used":0,"num_failures":0}
2026-09-15T09:09:40.236410=browser_refresh_start
2026-09-15T09:09:40.416319=browser_refresh_start
2026-09-15T09:09:41.204297=device_add {"alg_latency":"0","device_architecture":"VST3","device_name":"SpliceAbletonLive","device_type":"Instrument","path":"SpliceAbletonLive","preset_name":""}
2026-09-15T09:09:41.276363=browser_refresh_start
2026-09-15T09:09:41.946200=browser_refresh_start
2026-09-15T09:09:41.946233=browser_refresh_start
2026-09-15T09:09:44.026320=browser_refresh_start
2026-09-15T09:09:44.966211=browser_refresh_start
2026-09-15T09:10:40.107151=status {"audio_drop_outs":"0","audio_usage_average":"2.72125","audio_usage_peak":"3.675","mem_private":"0","mem_resident":"857341952","mem_virtual":"448174817280"}
2026-09-15T09:11:40.116844=status {"audio_drop_outs":"0","audio_usage_average":"2.75071","audio_usage_peak":"3.6","mem_private":"0","mem_resident":"857358336","mem_virtual":"448174817280"}
2026-09-15T09:12:40.117216=status {"audio_drop_outs":"0","audio_usage_average":"2.79906","audio_usage_peak":"3.9","mem_private":"0","mem_resident":"857358336","mem_virtual":"448175390720"}
2026-09-15T09:13:40.117607=status {"audio_drop_outs":"0","audio_usage_average":"2.76239","audio_usage_peak":"3.675","mem_private":"0","mem_resident":"857374720","mem_virtual":"448175390720"}
2026-09-15T09:14:40.119252=status {"audio_drop_outs":"0","audio_usage_average":"2.75613","audio_usage_peak":"3.75","mem_private":"0","mem_resident":"857374720","mem_virtual":"448175390720"}
2026-09-15T09:15:40.129335=status {"audio_drop_outs":"0","audio_usage_average":"2.75826","audio_usage_peak":"3.6","mem_private":"0","mem_resident":"857374720","mem_virtual":"448175390720"}
2026-09-15T09:16:40.129668=status {"audio_drop_outs":"0","audio_usage_average":"2.7529","audio_usage_peak":"3.45","mem_private":"0","mem_resident":"857374720","mem_virtual":"448175390720"}
2026-09-15T09:17:40.140369=status {"audio_drop_outs":"0","audio_usage_average":"2.74488","audio_usage_peak":"3.45","mem_private":"0","mem_resident":"857374720","mem_virtual":"448175390720"}
2026-09-15T09:18:16.337808=screen-properties {"config_change_index":1,"screen_index":0,"left":0,"top":0,"width":1512,"height":982}
2026-09-15T09:18:19.009530=screen-properties {"config_change_index":2,"screen_index":0,"left":0,"top":0,"width":1512,"height":982}
2026-09-15T09:18:40.141950=status {"audio_drop_outs":"0","audio_usage_average":"2.74111","audio_usage_peak":"3.525","mem_private":"0","mem_resident":"857391104","mem_virtual":"448175390720"}
2026-09-15T09:19:40.151678=status {"audio_drop_outs":"0","audio_usage_average":"2.80714","audio_usage_peak":"3.6","mem_private":"0","mem_resident":"857391104","mem_virtual":"448175390720"}
2026-09-15T09:20:21.661574=screen-properties {"config_change_index":3,"screen_index":0,"left":0,"top":0,"width":1512,"height":982}
2026-09-15T09:20:40.161333=status {"audio_drop_outs":"0","audio_usage_average":"2.78092","audio_usage_peak":"3.75","mem_private":"0","mem_resident":"857391104","mem_virtual":"448175390720"}
2026-09-15T09:21:40.171440=status {"audio_drop_outs":"0","audio_usage_average":"2.7","audio_usage_peak":"3.45","mem_private":"0","mem_resident":"857391104","mem_virtual":"448175390720"}
2026-09-15T09:22:40.173116=status {"audio_drop_outs":"0","audio_usage_average":"2.79154","audio_usage_peak":"3.825","mem_private":"0","mem_resident":"857391104","mem_virtual":"448175390720"}
2026-09-15T09:23:40.173599=status {"audio_drop_outs":"0","audio_usage_average":"2.72946","audio_usage_peak":"3.6","mem_private":"0","mem_resident":"857440256","mem_virtual":"448174817280"}
2026-09-15T09:24:27.549001=screen-properties {"config_change_index":4,"screen_index":0,"left":0,"top":0,"width":1512,"height":982}
2026-09-15T09:24:29.282425=screen-properties {"config_change_index":5,"screen_index":0,"left":0,"top":0,"width":1512,"height":982}
2026-09-15T09:24:33.296539=screen-properties {"config_change_index":6,"screen_index":0,"left":0,"top":0,"width":1512,"height":982}
2026-09-15T09:24:36.801919=screen-properties {"config_change_index":7,"screen_index":0,"left":0,"top":0,"width":1512,"height":982}
2026-09-15T09:24:40.174485=status {"audio_drop_outs":"0","audio_usage_average":"2.79851","audio_usage_peak":"3.975","mem_private":"0","mem_resident":"857440256","mem_virtual":"448175390720"}
2026-09-15T09:24:54.870290=screen-properties {"config_change_index":8,"screen_index":0,"left":0,"top":0,"width":1512,"height":982}
2026-09-15T09:25:03.785905=screen-properties {"config_change_index":9,"screen_index":0,"left":0,"top":0,"width":1512,"height":982}
2026-09-15T09:25:07.442146=screen-properties {"config_change_index":10,"screen_index":0,"left":0,"top":0,"width":1512,"height":982}
2026-09-15T09:25:40.184519=status {"audio_drop_outs":"0","audio_usage_average":"2.74869","audio_usage_peak":"3.825","mem_private":"0","mem_resident":"857440256","mem_virtual":"448175390720"}
2026-09-15T09:26:40.185302=status {"audio_drop_outs":"0","audio_usage_average":"2.7385","audio_usage_peak":"3.9","mem_private":"0","mem_resident":"857440256","mem_virtual":"448175390720"}
2026-09-15T09:27:40.185358=status {"audio_drop_outs":"0","audio_usage_average":"2.76897","audio_usage_peak":"3.525","mem_private":"0","mem_resident":"857440256","mem_virtual":"448175390720"}
2026-09-15T09:28:40.186052=status {"audio_drop_outs":"0","audio_usage_average":"2.74611","audio_usage_peak":"3.825","mem_private":"0","mem_resident":"857440256","mem_virtual":"448175390720"}
2026-09-15T09:29:40.195314=status {"audio_drop_outs":"0","audio_usage_average":"2.7225","audio_usage_peak":"3.45","mem_private":"0","mem_resident":"747192320","mem_virtual":"448165871616"}
2026-09-15T09:30:40.209838=status {"audio_drop_outs":"0","audio_usage_average":"2.7347","audio_usage_peak":"3.225","mem_private":"0","mem_resident":"747192320","mem_virtual":"448165871616"}
2026-09-15T09:31:40.223065=status {"audio_drop_outs":"0","audio_usage_average":"2.75062","audio_usage_peak":"3.225","mem_private":"0","mem_resident":"747192320","mem_virtual":"448165871616"}
2026-09-15T09:32:40.224590=status {"audio_drop_outs":"0","audio_usage_average":"2.73429","audio_usage_peak":"3.375","mem_private":"0","mem_resident":"598982656","mem_virtual":"448165871616"}
2026-09-15T09:33:40.225448=status {"audio_drop_outs":"0","audio_usage_average":"2.70434","audio_usage_peak":"3.3","mem_private":"0","mem_resident":"599097344","mem_virtual":"448165871616"}
2026-09-15T09:34:40.225628=status {"audio_drop_outs":"0","audio_usage_average":"2.68611","audio_usage_peak":"4.425","mem_private":"0","mem_resident":"599097344","mem_virtual":"448165871616"}
2026-09-15T09:35:40.226169=status {"audio_drop_outs":"0","audio_usage_average":"2.74563","audio_usage_peak":"3.375","mem_private":"0","mem_resident":"599097344","mem_virtual":"448165871616"}
2026-09-15T09:36:40.236352=status {"audio_drop_outs":"0","audio_usage_average":"2.70059","audio_usage_peak":"3.225","mem_private":"0","mem_resident":"565919744","mem_virtual":"448165871616"}
2026-09-15T09:37:40.237506=status {"audio_drop_outs":"0","audio_usage_average":"2.75433","audio_usage_peak":"3.45","mem_private":"0","mem_resident":"565919744","mem_virtual":"448165871616"}
2026-09-15T09:38:05.459382=device_remove {"alg_latency":"0","device_architecture":"VST3","device_name":"SpliceAbletonLive","device_type":"Instrument","path":"SpliceAbletonLive","preset_name":""}
2026-09-15T09:38:05.478666=audio_time_allocations {"allocator":"Large Sysex Events","max_capacity":7,"max_used":0,"num_failures":0}
2026-09-15T09:38:05.478703=audio_time_allocations {"allocator":"Medium Sysex Events","max_capacity":1985,"max_used":0,"num_failures":0}
2026-09-15T09:38:05.478716=audio_time_allocations {"allocator":"Small Sysex Events","max_capacity":13107,"max_used":0,"num_failures":0}
2026-09-15T09:38:05.478730=audio_time_allocations {"allocator":"Max Remote Automation Events","max_capacity":5041,"max_used":0,"num_failures":0}
2026-09-15T09:38:05.478754=audio_time_allocations {"allocator":"Max Device Automation Events","max_capacity":3196,"max_used":0,"num_failures":0}
2026-09-15T09:38:05.478765=audio_time_allocations {"allocator":"Max Device Midi Events","max_capacity":7710,"max_used":0,"num_failures":0}
2026-09-15T09:38:05.493509=audio_time_allocations {"allocator":"Parameter Compensate Delay","max_capacity":524288,"max_used":0,"num_failures":0}
2026-09-15T09:38:05.509348=device_remove {"alg_latency":"0","device_architecture":"Ableton","device_name":"Reverb","device_type":"AudioFx","path":"Reverb","preset_name":"Reverb Default"}
2026-09-15T09:38:05.509411=device_remove {"alg_latency":"0","device_architecture":"Ableton","device_name":"Delay","device_type":"AudioFx","path":"Delay","preset_name":"Dotted Eighth Note"}
2026-09-15T09:38:05.514546=midi_io_status_controlsurface {"slot":1,"name":"Komplete_Kontrol_A","input":"","output":""}
2026-09-15T09:38:05.514589=midi_io_status_controlsurface {"slot":2,"name":"Push2","input":"","output":""}
2026-09-15T09:38:05.514599=midi_io_status_controlsurface {"slot":3,"name":"","input":"","output":""}
2026-09-15T09:38:05.514606=midi_io_status_controlsurface {"slot":4,"name":"","input":"","output":""}
2026-09-15T09:38:05.514614=midi_io_status_controlsurface {"slot":5,"name":"","input":"","output":""}
2026-09-15T09:38:05.514621=midi_io_status_controlsurface {"slot":6,"name":"","input":"","output":""}
2026-09-15T09:38:05.514629=midi_io_status_controlsurface {"slot":7,"name":"","input":"","output":""}
2026-09-15T09:38:05.514661=midi_io_status_generic {"takeover_mode":"None"}
2026-09-15T09:38:05.514675=midi_io_status_inputs {"name":"MiniFuse 4","track":true,"sync":false,"remote":false,"port_type":"","mpe":false,"sync_delay":0.0,"sync_type":"MIDI Clock","mtc_frame_rate":"All","mtc_start_offset":0.0}
2026-09-15T09:38:05.514686=midi_io_status_inputs {"name":"Computer Keyboard","track":true,"sync":false,"remote":false,"port_type":"","mpe":false,"sync_delay":0.0,"sync_type":"MIDI Clock","mtc_frame_rate":"All","mtc_start_offset":0.0}
2026-09-15T09:38:05.514695=midi_io_status_outputs {"name":"MiniFuse 4","track":false,"sync":false,"remote":false,"port_type":"","sync_delay":0.0,"sync_type":"Song","hardware_resync_message":"Stop and Start"}
2026-09-15T09:38:05.835014=rb_tbool_value {"TBool_action":"OnLoad","TBool_name":"SessionAutomationRecordInArmedTracksOnly","TBool_value":"1"}
2026-09-15T09:38:05.835067=rb_tbool_value {"TBool_action":"OnLoad","TBool_name":"StartTransportWithRecord","TBool_value":"1"}
2026-09-15T09:38:05.846869=rb_tbool_value {"TBool_action":"OnLoad","TBool_name":"ArrangementOverdub","TBool_value":"0"}
2026-09-15T09:38:07.797263=audio_time_allocations {"allocator":"Large Sysex Events","max_capacity":7,"max_used":0,"num_failures":0}
2026-09-15T09:38:07.797298=audio_time_allocations {"allocator":"Medium Sysex Events","max_capacity":1985,"max_used":0,"num_failures":0}
2026-09-15T09:38:07.797312=audio_time_allocations {"allocator":"Small Sysex Events","max_capacity":13107,"max_used":0,"num_failures":0}
2026-09-15T09:38:07.797328=audio_time_allocations {"allocator":"Max Remote Automation Events","max_capacity":5041,"max_used":0,"num_failures":0}
2026-09-15T09:38:07.797339=audio_time_allocations {"allocator":"Max Device Automation Events","max_capacity":3196,"max_used":0,"num_failures":0}
2026-09-15T09:38:07.797350=audio_time_allocations {"allocator":"Max Device Midi Events","max_capacity":7710,"max_used":0,"num_failures":0}
2026-09-15T09:38:07.798925=audio_time_allocations {"allocator":"Midi Delay","max_capacity":21845,"max_used":0,"num_failures":0}
2026-09-15T09:38:07.818655=audio_time_allocations {"allocator":"EventBuffering","max_capacity":18724,"max_used":39,"num_failures":0}
2026-09-15T09:38:07.818692=audio_time_allocations {"allocator":"Parameter Compensate Delay","max_capacity":524288,"max_used":0,"num_failures":0}
2026-09-15T09:38:07.905877=midi_io_status_controlsurface {"slot":1,"name":"Komplete_Kontrol_A","input":"","output":""}
2026-09-15T09:38:07.905925=midi_io_status_controlsurface {"slot":2,"name":"Push2","input":"","output":""}
2026-09-15T09:38:07.905937=midi_io_status_controlsurface {"slot":3,"name":"","input":"","output":""}
2026-09-15T09:38:07.905946=midi_io_status_controlsurface {"slot":4,"name":"","input":"","output":""}
2026-09-15T09:38:07.905953=midi_io_status_controlsurface {"slot":5,"name":"","input":"","output":""}
2026-09-15T09:38:07.905960=midi_io_status_controlsurface {"slot":6,"name":"","input":"","output":""}
2026-09-15T09:38:07.905967=midi_io_status_controlsurface {"slot":7,"name":"","input":"","output":""}
2026-09-15T09:38:07.906002=midi_io_status_generic {"takeover_mode":"None"}
2026-09-15T09:38:07.906019=midi_io_status_inputs {"name":"MiniFuse 4","track":true,"sync":false,"remote":false,"port_type":"","mpe":false,"sync_delay":0.0,"sync_type":"MIDI Clock","mtc_frame_rate":"All","mtc_start_offset":0.0}
2026-09-15T09:38:07.906030=midi_io_status_inputs {"name":"Computer Keyboard","track":true,"sync":false,"remote":false,"port_type":"","mpe":false,"sync_delay":0.0,"sync_type":"MIDI Clock","mtc_frame_rate":"All","mtc_start_offset":0.0}
2026-09-15T09:38:07.906042=midi_io_status_outputs {"name":"MiniFuse 4","track":false,"sync":false,"remote":false,"port_type":"","sync_delay":0.0,"sync_type":"Song","hardware_resync_message":"Stop and Start"}
2026-09-15T09:38:08.414031=device_add {"alg_latency":"0","device_architecture":"Ableton","device_name":"Audio Effect Rack","device_type":"AudioFx","path":"Guitar Recording Rack","preset_name":"Guitar Recording Rack"}
2026-09-15T09:38:08.414069=device_add {"alg_latency":"0","device_architecture":"VST3","device_name":"NAM Rig","device_type":"AudioFx","path":"Guitar Recording Rack | NAM Rig","preset_name":""}
2026-09-15T09:38:08.414086=device_add {"alg_latency":"0","device_architecture":"Ableton","device_name":"Tuner","device_type":"AudioFx","path":"Guitar Recording Rack | Tuner","preset_name":"Default"}
2026-09-15T09:38:08.414100=device_add {"alg_latency":"0","device_architecture":"Ableton","device_name":"EQ Three","device_type":"AudioFx","path":"EQ Three","preset_name":"Default"}
2026-09-15T09:38:08.414114=device_add {"alg_latency":"0","device_architecture":"Ableton","device_name":"Ext. Audio Effect","device_type":"AudioFx","path":"Ext. Audio Effect","preset_name":"Default"}
2026-09-15T09:38:08.414144=device_add {"alg_latency":"0","device_architecture":"Audio Unit","device_name":"Peak Alpine","device_type":"AudioFx","path":"Peak Alpine","preset_name":"Default"}
2026-09-15T09:38:08.414158=device_add {"alg_latency":"0","device_architecture":"VST3","device_name":"Raum","device_type":"AudioFx","path":"Raum","preset_name":""}
2026-09-15T09:38:08.414171=device_add {"alg_latency":"0","device_architecture":"Ableton","device_name":"Utility","device_type":"AudioFx","path":"Utility","preset_name":"Default"}
2026-09-15T09:38:08.414188=device_add {"alg_latency":"0","device_architecture":"Ableton","device_name":"Reverb","device_type":"AudioFx","path":"Reverb","preset_name":"Reverb Default"}
2026-09-15T09:38:08.414204=device_add {"alg_latency":"0","device_architecture":"Ableton","device_name":"Delay","device_type":"AudioFx","path":"Delay","preset_name":"Dotted Eighth Note"}
2026-09-15T09:38:08.414245=au-plugin-bus-config {"manufacturer":"Synth Peak","name":"Peak Alpine","num-input-buses":1,"num-output-buses":1,"is-using-single-bus-model":false}
2026-09-15T09:38:08.423842=device_add {"alg_latency":"0","device_architecture":"VST3","device_name":"SpliceAbletonLive","device_type":"Instrument","path":"SpliceAbletonLive","preset_name":""}
2026-09-15T09:38:08.460263=browser_refresh_start
2026-09-15T09:38:08.807994=browser_refresh_start
2026-09-15T09:38:08.926658=link-status {"enabled":false,"peers":0}
2026-09-15T09:38:10.936471=browser_refresh_start
2026-09-15T09:38:12.036317=browser_refresh_start
2026-09-15T09:38:40.247528=status {"audio_drop_outs":"1","audio_usage_average":"12.64","audio_usage_peak":"21.975","mem_private":"0","mem_resident":"885129216","mem_virtual":"448460488704"}
2026-09-15T09:39:18.520808=screen-properties {"config_change_index":11,"screen_index":0,"left":0,"top":0,"width":1512,"height":982}
2026-09-15T09:39:40.257427=status {"audio_drop_outs":"0","audio_usage_average":"12.61","audio_usage_peak":"21.15","mem_private":"0","mem_resident":"885161984","mem_virtual":"448461062144"}
2026-09-15T09:39:54.880058=device_remove {"alg_latency":"576","device_architecture":"Audio Unit","device_name":"Peak Alpine","device_type":"AudioFx","path":"Peak Alpine","preset_name":"Default"}
2026-09-15T09:39:59.180960=device_add {"alg_latency":"0","device_architecture":"Audio Unit","device_name":"Peak Grain","device_type":"AudioFx","path":"Peak Grain","preset_name":"Default"}
2026-09-15T09:39:59.183739=au-plugin-bus-config {"manufacturer":"Synth Peak","name":"Peak Grain","num-input-buses":1,"num-output-buses":1,"is-using-single-bus-model":false}
2026-09-15T09:40:40.259095=status {"audio_drop_outs":"0","audio_usage_average":"10.7337","audio_usage_peak":"16.125","mem_private":"0","mem_resident":"931479552","mem_virtual":"453249826816"}
2026-09-15T09:41:40.259502=status {"audio_drop_outs":"0","audio_usage_average":"9.58851","audio_usage_peak":"14.1","mem_private":"0","mem_resident":"931479552","mem_virtual":"453250400256"}
2026-09-15T09:42:40.259596=status {"audio_drop_outs":"0","audio_usage_average":"9.65357","audio_usage_peak":"13.275","mem_private":"0","mem_resident":"933756928","mem_virtual":"453308530688"}
2026-09-15T09:43:32.094497=screen-properties {"config_change_index":12,"screen_index":0,"left":0,"top":0,"width":1512,"height":982}
2026-09-15T09:43:40.260419=status {"audio_drop_outs":"0","audio_usage_average":"10.2837","audio_usage_peak":"14.7","mem_private":"0","mem_resident":"933707776","mem_virtual":"453308530688"}
2026-09-15T09:43:40.418278=screen-properties {"config_change_index":13,"screen_index":0,"left":0,"top":0,"width":1512,"height":982}
