anonymous_id=2251f8c41870ceeeb58dbc21acd4ad9a
version=12.4.5
install_variant=Suite
commit_id=225ce5e356e024356d5210512bae46fb466f6968
checksum_1=2a1cea85aa4db1eb250c6415d4b481dc
checksum_2=66eeeaaba613bd21749c789aea2c9840
checksum_3=66eeeaaba613bd21749c789aea2c9840
timestamp=2026-09-15T09:08:40.876924
pid=52979
os=macOS 26.6.2 (25G83), Arch:arm64
language=EN
ram_physical=34359738368
ram_address_space=18446744073709551615
hardware_model=MacBookPro18,3
cpu_name=Apple M1 Pro
cpu_cores=10
cpu_sse2=1
graphics_device_name=
app_wordsize=64
rewire_controlled=0
running_on_native_arch=1
2026-09-15T09:08:41.787421=installed_packs {"names":["Sequencers","Expressive Chords","Beat Selection by Sample Magic","Break Selection by Sample Magic","DM-307A Free Pack by Heavyocity","Drum Booth","Drum Essentials","Glitch and Wash","Build and Drop","Surround Panner","Probability Pack by Sonic Faction","Singularities","Inspired by Nature by Dillon Bastan","Voice Box","Brass Quartet by Spitfire Audio","Granulator III","Trap Drums by Sound Oracle","Generators by Iftah","APC Step Sequencer by Mark Egloff","M4L Big Three"]}
2026-09-15T09:08:42.561329=audio_io_status {"driver-type":"CoreAudio","input_device":"MiniFuse 4 (6 In, 6 Out)","output_device":"MiniFuse 4 (6 In, 6 Out)","input_channels":4,"output_channels":4,"sample_rate":48000.0,"input_buffer_size":64,"input_latency":4.416666507720947,"output_buffer_size":64,"output_latency":1.9166666269302368,"output_latency_with_buffering":1.9166666269302368,"driver_error_compensation_ms":0.0,"overall_latency":6.3333330154418945}
2026-09-15T09:08:42.639574=audio_time_allocations {"allocator":"AudioBuffer","max_capacity":1000,"max_used":0,"num_failures":0}
2026-09-15T09:08:42.639625=audio_time_allocations {"allocator":"AudioBuffer","max_capacity":1956,"max_used":0,"num_failures":0}
2026-09-15T09:08:42.651444=midi_io_status_controlsurface {"slot":1,"name":"Komplete_Kontrol_A","input":"","output":""}
2026-09-15T09:08:42.651494=midi_io_status_controlsurface {"slot":2,"name":"Push2","input":"","output":""}
2026-09-15T09:08:42.651505=midi_io_status_controlsurface {"slot":3,"name":"","input":"","output":""}
2026-09-15T09:08:42.651537=midi_io_status_controlsurface {"slot":4,"name":"","input":"","output":""}
2026-09-15T09:08:42.651552=midi_io_status_controlsurface {"slot":5,"name":"","input":"","output":""}
2026-09-15T09:08:42.651562=midi_io_status_controlsurface {"slot":6,"name":"","input":"","output":""}
2026-09-15T09:08:42.651589=midi_io_status_controlsurface {"slot":7,"name":"","input":"","output":""}
2026-09-15T09:08:42.651630=midi_io_status_generic {"takeover_mode":"None"}
2026-09-15T09:08:42.651646=midi_io_status_inputs {"name":"MiniFuse 4","track":true,"sync":false,"remote":false,"port_type":"","mpe":false,"sync_delay":0.0,"sync_type":"MIDI Clock","mtc_frame_rate":"All","mtc_start_offset":0.0}
2026-09-15T09:08:42.651657=midi_io_status_inputs {"name":"Computer Keyboard","track":true,"sync":false,"remote":false,"port_type":"","mpe":false,"sync_delay":0.0,"sync_type":"MIDI Clock","mtc_frame_rate":"All","mtc_start_offset":0.0}
2026-09-15T09:08:42.651668=midi_io_status_outputs {"name":"MiniFuse 4","track":false,"sync":false,"remote":false,"port_type":"","sync_delay":0.0,"sync_type":"Song","hardware_resync_message":"Stop and Start"}
2026-09-15T09:08:42.670530=rb_tbool_value {"TBool_action":"OnLoad","TBool_name":"SessionAutomationRecordInArmedTracksOnly","TBool_value":"1"}
2026-09-15T09:08:42.670573=rb_tbool_value {"TBool_action":"OnLoad","TBool_name":"StartTransportWithRecord","TBool_value":"1"}
2026-09-15T09:08:42.674910=rb_tbool_value {"TBool_action":"OnLoad","TBool_name":"ArrangementOverdub","TBool_value":"0"}
2026-09-15T09:08:42.785118=audio_time_allocations {"allocator":"Large Sysex Events","max_capacity":7,"max_used":0,"num_failures":0}
2026-09-15T09:08:42.785150=audio_time_allocations {"allocator":"Medium Sysex Events","max_capacity":1985,"max_used":0,"num_failures":0}
2026-09-15T09:08:42.785164=audio_time_allocations {"allocator":"Small Sysex Events","max_capacity":13107,"max_used":0,"num_failures":0}
2026-09-15T09:08:42.785178=audio_time_allocations {"allocator":"Max Remote Automation Events","max_capacity":5041,"max_used":0,"num_failures":0}
2026-09-15T09:08:42.785209=audio_time_allocations {"allocator":"Max Device Automation Events","max_capacity":3196,"max_used":0,"num_failures":0}
2026-09-15T09:08:42.785220=audio_time_allocations {"allocator":"Max Device Midi Events","max_capacity":7710,"max_used":0,"num_failures":0}
2026-09-15T09:08:42.799216=audio_time_allocations {"allocator":"EventBuffering","max_capacity":18724,"max_used":22,"num_failures":0}
2026-09-15T09:08:42.799256=audio_time_allocations {"allocator":"Parameter Compensate Delay","max_capacity":524288,"max_used":0,"num_failures":0}
2026-09-15T09:08:42.834438=midi_io_status_controlsurface {"slot":1,"name":"Komplete_Kontrol_A","input":"","output":""}
2026-09-15T09:08:42.834490=midi_io_status_controlsurface {"slot":2,"name":"Push2","input":"","output":""}
2026-09-15T09:08:42.834500=midi_io_status_controlsurface {"slot":3,"name":"","input":"","output":""}
2026-09-15T09:08:42.834509=midi_io_status_controlsurface {"slot":4,"name":"","input":"","output":""}
2026-09-15T09:08:42.834516=midi_io_status_controlsurface {"slot":5,"name":"","input":"","output":""}
2026-09-15T09:08:42.834523=midi_io_status_controlsurface {"slot":6,"name":"","input":"","output":""}
2026-09-15T09:08:42.834531=midi_io_status_controlsurface {"slot":7,"name":"","input":"","output":""}
2026-09-15T09:08:42.834571=midi_io_status_generic {"takeover_mode":"None"}
2026-09-15T09:08:42.834585=midi_io_status_inputs {"name":"MiniFuse 4","track":true,"sync":false,"remote":false,"port_type":"","mpe":false,"sync_delay":0.0,"sync_type":"MIDI Clock","mtc_frame_rate":"All","mtc_start_offset":0.0}
2026-09-15T09:08:42.834596=midi_io_status_inputs {"name":"Computer Keyboard","track":true,"sync":false,"remote":false,"port_type":"","mpe":false,"sync_delay":0.0,"sync_type":"MIDI Clock","mtc_frame_rate":"All","mtc_start_offset":0.0}
2026-09-15T09:08:42.834606=midi_io_status_outputs {"name":"MiniFuse 4","track":false,"sync":false,"remote":false,"port_type":"","sync_delay":0.0,"sync_type":"Song","hardware_resync_message":"Stop and Start"}
2026-09-15T09:08:44.559325=max_app_status {"version_string":"9.1.5 (3db35fa476d)","max_app_path":"/Applications/Ableton Live 12 Suite.app/Contents/App-Resources/Max/Max.app","patcher_path":"/Applications/Ableton Live 12 Suite.app/Contents/App-Resources/Max/Max.app/Contents/Resources/C74/support/patcher.bundle","checker_path":"/Applications/Ableton Live 12 Suite.app/Contents/App-Resources/Max/Max.app/Contents/Resources/C74/support/maxchecker.bundle","version_major":4,"version_minor":57,"up_and_running":true}
2026-09-15T09:08:44.916907=device_add {"alg_latency":"0","device_architecture":"Ableton","device_name":"Reverb","device_type":"AudioFx","path":"Reverb","preset_name":"Reverb Default"}
2026-09-15T09:08:44.916954=device_add {"alg_latency":"0","device_architecture":"Ableton","device_name":"Delay","device_type":"AudioFx","path":"Delay","preset_name":"Dotted Eighth Note"}
2026-09-15T09:08:44.982073=start
2026-09-15T09:08:44.982128=preferences_loaded {"cpu_multicore_rewire":"0","cpu_multicore_standalone":"1","midi_remote_script_slot_0":"Komplete_Kontrol_A","midi_remote_script_slot_1":"Push2","midi_remote_script_slot_2":"","midi_remote_script_slot_3":"","midi_remote_script_slot_4":"","midi_remote_script_slot_5":"","midi_remote_script_slot_6":""}
2026-09-15T09:08:44.982141=crash_file_upload_data {"collect_crashlog_was_called":"0","found_previous_usage_log":"","found_crash_file":"","copied_crash_file":""}
2026-09-15T09:08:44.982155=device_add {"alg_latency":"0","device_architecture":"Ableton","device_name":"Reverb","device_type":"AudioFx","path":"Reverb","preset_name":"Reverb Default"}
2026-09-15T09:08:44.982167=device_add {"alg_latency":"0","device_architecture":"Ableton","device_name":"Delay","device_type":"AudioFx","path":"Delay","preset_name":"Dotted Eighth Note"}
2026-09-15T09:08:44.982191=status {"audio_usage_average":"","audio_usage_peak":"","mem_private":"0","mem_resident":"781058048","mem_virtual":"448034242560"}
2026-09-15T09:08:45.031473=screen-properties {"config_change_index":0,"screen_index":0,"left":0,"top":0,"width":1512,"height":982}
2026-09-15T09:08:45.140475=audio_time_allocations {"allocator":"Midi Delay","max_capacity":21845,"max_used":0,"num_failures":0}
2026-09-15T09:08:45.140670=link-status {"enabled":false,"peers":0}
2026-09-15T09:08:45.152135=browser_refresh_start
2026-09-15T09:08:45.502175=browser_refresh_start
2026-09-15T09:08:46.130954=device_add {"alg_latency":"0","device_architecture":"VST3","device_name":"SpliceAbletonLive","device_type":"Instrument","path":"SpliceAbletonLive","preset_name":""}
2026-09-15T09:08:46.222393=browser_refresh_start
2026-09-15T09:08:46.722394=browser_refresh_start
2026-09-15T09:08:46.722433=browser_refresh_start
2026-09-15T09:08:47.644296=device_add {"alg_latency":"0","device_architecture":"Audio Unit","device_name":"Peak Grain","device_type":"AudioFx","path":"Peak Grain","preset_name":"Default"}
2026-09-15T09:08:47.644799=au-plugin-bus-config {"manufacturer":"Synth Peak","name":"Peak Grain","num-input-buses":1,"num-output-buses":1,"is-using-single-bus-model":false}
2026-09-15T09:08:49.851629=browser_refresh_start
2026-09-15T09:08:50.822367=browser_refresh_start
2026-09-15T09:09:01.055316=device_remove {"alg_latency":"0","device_architecture":"VST3","device_name":"SpliceAbletonLive","device_type":"Instrument","path":"SpliceAbletonLive","preset_name":""}
2026-09-15T09:09:01.445496=audio_time_allocations {"allocator":"VST3 Parameter Value Changes","max_capacity":3971,"max_used":0,"num_failures":0}
2026-09-15T09:09:01.445537=audio_time_allocations {"allocator":"Large Sysex Events","max_capacity":7,"max_used":0,"num_failures":0}
2026-09-15T09:09:01.445554=audio_time_allocations {"allocator":"Medium Sysex Events","max_capacity":1985,"max_used":0,"num_failures":0}
2026-09-15T09:09:01.445571=audio_time_allocations {"allocator":"Small Sysex Events","max_capacity":13107,"max_used":0,"num_failures":0}
2026-09-15T09:09:01.445587=audio_time_allocations {"allocator":"Max Remote Automation Events","max_capacity":5041,"max_used":0,"num_failures":0}
2026-09-15T09:09:01.445602=audio_time_allocations {"allocator":"Max Device Automation Events","max_capacity":3196,"max_used":0,"num_failures":0}
2026-09-15T09:09:01.445615=audio_time_allocations {"allocator":"Max Device Midi Events","max_capacity":7710,"max_used":0,"num_failures":0}
2026-09-15T09:09:01.467273=audio_time_allocations {"allocator":"Parameter Compensate Delay","max_capacity":524288,"max_used":0,"num_failures":0}
2026-09-15T09:09:01.481228=device_remove {"alg_latency":"0","device_architecture":"Audio Unit","device_name":"Peak Grain","device_type":"AudioFx","path":"Peak Grain","preset_name":"Default"}
2026-09-15T09:09:01.481270=device_remove {"alg_latency":"0","device_architecture":"Ableton","device_name":"Reverb","device_type":"AudioFx","path":"Reverb","preset_name":"Reverb Default"}
2026-09-15T09:09:01.481281=device_remove {"alg_latency":"0","device_architecture":"Ableton","device_name":"Delay","device_type":"AudioFx","path":"Delay","preset_name":"Dotted Eighth Note"}
2026-09-15T09:09:01.485990=midi_io_status_controlsurface {"slot":1,"name":"Komplete_Kontrol_A","input":"","output":""}
2026-09-15T09:09:01.486042=midi_io_status_controlsurface {"slot":2,"name":"Push2","input":"","output":""}
2026-09-15T09:09:01.486055=midi_io_status_controlsurface {"slot":3,"name":"","input":"","output":""}
2026-09-15T09:09:01.486065=midi_io_status_controlsurface {"slot":4,"name":"","input":"","output":""}
2026-09-15T09:09:01.486074=midi_io_status_controlsurface {"slot":5,"name":"","input":"","output":""}
2026-09-15T09:09:01.486083=midi_io_status_controlsurface {"slot":6,"name":"","input":"","output":""}
2026-09-15T09:09:01.486092=midi_io_status_controlsurface {"slot":7,"name":"","input":"","output":""}
2026-09-15T09:09:01.486132=midi_io_status_generic {"takeover_mode":"None"}
2026-09-15T09:09:01.486150=midi_io_status_inputs {"name":"MiniFuse 4","track":true,"sync":false,"remote":false,"port_type":"","mpe":false,"sync_delay":0.0,"sync_type":"MIDI Clock","mtc_frame_rate":"All","mtc_start_offset":0.0}
2026-09-15T09:09:01.486178=midi_io_status_inputs {"name":"Computer Keyboard","track":true,"sync":false,"remote":false,"port_type":"","mpe":false,"sync_delay":0.0,"sync_type":"MIDI Clock","mtc_frame_rate":"All","mtc_start_offset":0.0}
2026-09-15T09:09:01.486190=midi_io_status_outputs {"name":"MiniFuse 4","track":false,"sync":false,"remote":false,"port_type":"","sync_delay":0.0,"sync_type":"Song","hardware_resync_message":"Stop and Start"}
2026-09-15T09:09:01.490540=audio_time_allocations {"allocator":"EventBuffering","max_capacity":18724,"max_used":108,"num_failures":0}
2026-09-15T09:09:01.497290=audio_time_allocations {"allocator":"Large Sysex Events","max_capacity":7,"max_used":0,"num_failures":0}
2026-09-15T09:09:01.497317=audio_time_allocations {"allocator":"Medium Sysex Events","max_capacity":1985,"max_used":0,"num_failures":0}
2026-09-15T09:09:01.497333=audio_time_allocations {"allocator":"Small Sysex Events","max_capacity":13107,"max_used":0,"num_failures":0}
2026-09-15T09:09:01.497347=audio_time_allocations {"allocator":"Max Remote Automation Events","max_capacity":5041,"max_used":0,"num_failures":0}
2026-09-15T09:09:01.497360=audio_time_allocations {"allocator":"Max Device Automation Events","max_capacity":3196,"max_used":0,"num_failures":0}
2026-09-15T09:09:01.497372=audio_time_allocations {"allocator":"Max Device Midi Events","max_capacity":7710,"max_used":0,"num_failures":0}
2026-09-15T09:09:01.499041=audio_time_allocations {"allocator":"Midi Delay","max_capacity":21845,"max_used":0,"num_failures":0}
2026-09-15T09:09:01.514009=audio_time_allocations {"allocator":"EventBuffering","max_capacity":18724,"max_used":39,"num_failures":0}
2026-09-15T09:09:01.514044=audio_time_allocations {"allocator":"Parameter Compensate Delay","max_capacity":524288,"max_used":0,"num_failures":0}
2026-09-15T09:09:01.514423=audio_time_allocations {"allocator":"Midi Delay","max_capacity":21845,"max_used":0,"num_failures":0}
2026-09-15T09:09:01.540999=audio_io_status {"driver-type":"CoreAudio","input_device":"MiniFuse 4 (6 In, 6 Out)","output_device":"MiniFuse 4 (6 In, 6 Out)","input_buffer_size":64,"input_latency":0.0,"driver_error_compensation_ms":0.0,"overall_latency":6.3333330154418945}
2026-09-15T09:09:01.545515=audio_time_allocations {"allocator":"Midi Delay","max_capacity":21845,"max_used":0,"num_failures":0}
2026-09-15T09:09:01.545545=audio_time_allocations {"allocator":"Parameter Compensate Delay","max_capacity":524288,"max_used":0,"num_failures":0}
2026-09-15T09:09:01.545561=audio_time_allocations {"allocator":"EventBuffering","max_capacity":18724,"max_used":6,"num_failures":0}
2026-09-15T09:09:01.670302=message-queue-statistics {"sender":"KGui","receiver":"KAudio","queue-id":"KStandardQueue","max-usage-in-bytes":4560,"size-in-bytes":4194304}
2026-09-15T09:09:01.670327=message-queue-statistics {"sender":"KAudio","receiver":"KAudio","queue-id":"KStandardQueue","max-usage-in-bytes":0,"size-in-bytes":131072}
2026-09-15T09:09:01.670338=message-queue-statistics {"sender":"KAudioCalc","receiver":"KAudio","queue-id":"KStandardQueue","max-usage-in-bytes":32,"size-in-bytes":262144}
2026-09-15T09:09:01.670347=message-queue-statistics {"sender":"KAudio","receiver":"KMidiOut","queue-id":"KStandardQueue","max-usage-in-bytes":0,"size-in-bytes":262144}
2026-09-15T09:09:01.670356=message-queue-statistics {"sender":"KAudio","receiver":"KGui","queue-id":"KStandardQueue","max-usage-in-bytes":11320,"size-in-bytes":4194304}
2026-09-15T09:09:01.670365=message-queue-statistics {"sender":"KAudio","receiver":"KAudioIdle","queue-id":"KStandardQueue","max-usage-in-bytes":136,"size-in-bytes":1048576}
2026-09-15T09:09:01.670374=message-queue-statistics {"sender":"KFile","receiver":"KAudio","queue-id":"KStandardQueue","max-usage-in-bytes":0,"size-in-bytes":32768}
2026-09-15T09:09:01.670381=message-queue-statistics {"sender":"KFile","receiver":"KGui","queue-id":"KStandardQueue","max-usage-in-bytes":0,"size-in-bytes":32768}
2026-09-15T09:09:01.670389=message-queue-statistics {"sender":"KGui","receiver":"KFile","queue-id":"KStandardQueue","max-usage-in-bytes":0,"size-in-bytes":32768}
2026-09-15T09:09:01.670413=message-queue-statistics {"sender":"KMidiIn","receiver":"KAudio","queue-id":"KStandardQueue","max-usage-in-bytes":0,"size-in-bytes":32768}
2026-09-15T09:09:01.670420=message-queue-statistics {"sender":"KMidiIn","receiver":"KGui","queue-id":"KStandardQueue","max-usage-in-bytes":0,"size-in-bytes":32768}
2026-09-15T09:09:01.670428=message-queue-statistics {"sender":"KGui","receiver":"KMidiOut","queue-id":"KStandardQueue","max-usage-in-bytes":0,"size-in-bytes":262144}
2026-09-15T09:09:01.670436=message-queue-statistics {"sender":"KGui","receiver":"KGui","queue-id":"KStandardQueue","max-usage-in-bytes":0,"size-in-bytes":131072}
2026-09-15T09:09:01.670445=message-queue-statistics {"sender":"KGui","receiver":"KAudioIdle","queue-id":"KStandardQueue","max-usage-in-bytes":262140,"size-in-bytes":262144}
2026-09-15T09:09:01.670453=message-queue-statistics {"sender":"KAudioIdle","receiver":"KAudioIdle","queue-id":"KStandardQueue","max-usage-in-bytes":0,"size-in-bytes":131072}
2026-09-15T09:09:01.670461=message-queue-statistics {"sender":"KAudioIdle","receiver":"KAudio","queue-id":"KStandardQueue","max-usage-in-bytes":224,"size-in-bytes":262144}
2026-09-15T09:09:01.670469=message-queue-statistics {"sender":"KAudioIdle","receiver":"KGui","queue-id":"KStandardQueue","max-usage-in-bytes":616,"size-in-bytes":2097152}
2026-09-15T09:09:01.670477=message-queue-statistics {"sender":"KAudioIdle","receiver":"KFile","queue-id":"KStandardQueue","max-usage-in-bytes":0,"size-in-bytes":32768}
2026-09-15T09:09:01.670484=message-queue-statistics {"sender":"KOther","receiver":"KAudioIdle","queue-id":"KStandardQueue","max-usage-in-bytes":0,"size-in-bytes":262144}
2026-09-15T09:09:01.670490=message-queue-statistics {"sender":"KOther","receiver":"KGui","queue-id":"KStandardQueue","max-usage-in-bytes":0,"size-in-bytes":262144}
2026-09-15T09:09:01.670497=message-queue-statistics {"sender":"KOther","receiver":"KAudio","queue-id":"KStandardQueue","max-usage-in-bytes":0,"size-in-bytes":262144}
2026-09-15T09:09:01.670504=message-queue-statistics {"sender":"KOther","receiver":"KFile","queue-id":"KStandardQueue","max-usage-in-bytes":0,"size-in-bytes":32768}
2026-09-15T09:09:01.670512=message-queue-statistics {"sender":"KMidiOut","receiver":"KGui","queue-id":"KStandardQueue","max-usage-in-bytes":0,"size-in-bytes":2048}
2026-09-15T09:09:01.670519=message-queue-statistics {"sender":"KPushMidiIn","receiver":"KAudio","queue-id":"KStandardQueue","max-usage-in-bytes":0,"size-in-bytes":32768}
2026-09-15T09:09:01.670528=message-queue-statistics {"sender":"KGui","receiver":"KAudio","queue-id":"0","max-usage-in-bytes":72,"size-in-bytes":131072}
2026-09-15T09:09:01.670536=message-queue-statistics {"sender":"KAudio","receiver":"KGui","queue-id":"1","max-usage-in-bytes":32,"size-in-bytes":262144}
2026-09-15T09:09:01.670543=message-queue-statistics {"sender":"KFile","receiver":"KAudio","queue-id":"2","max-usage-in-bytes":56,"size-in-bytes":262144}
2026-09-15T09:09:01.670551=message-queue-statistics {"sender":"KAudio","receiver":"KFile","queue-id":"3","max-usage-in-bytes":0,"size-in-bytes":65536}
2026-09-15T09:09:01.670559=message-queue-statistics {"sender":"KAudio","receiver":"KFile","queue-id":"4","max-usage-in-bytes":48,"size-in-bytes":524288}
2026-09-15T09:09:01.670566=message-queue-statistics {"sender":"KInvalidThread","receiver":"KGui","queue-id":"5","max-usage-in-bytes":0,"size-in-bytes":1024}
2026-09-15T09:09:01.692283=audio_time_allocations {"allocator":"AudioBuffer","max_capacity":3744,"max_used":0,"num_failures":0}
2026-09-15T09:09:01.692314=audio_time_allocations {"allocator":"AudioBuffer","max_capacity":6898,"max_used":6,"num_failures":0}
2026-09-15T09:09:01.692360=video_usage {"max_video_clips_in_set":"0"}
2026-09-15T09:09:01.692391=bundle-volume-properties {"free-disk-space":37106417664}
2026-09-15T09:09:01.692400=end
