anonymous_id=2251f8c41870ceeeb58dbc21acd4ad9a
version=12.4.5
install_variant=Suite
commit_id=225ce5e356e024356d5210512bae46fb466f6968
checksum_1=2a1cea85aa4db1eb250c6415d4b481dc
checksum_2=66eeeaaba613bd21749c789aea2c9840
checksum_3=66eeeaaba613bd21749c789aea2c9840
timestamp=2026-09-15T09:44:08.462022
pid=66760
os=macOS 26.6.2 (25G83), Arch:arm64
language=EN
ram_physical=34359738368
ram_address_space=18446744073709551615
hardware_model=MacBookPro18,3
cpu_name=Apple M1 Pro
cpu_cores=10
cpu_sse2=1
graphics_device_name=
app_wordsize=64
rewire_controlled=0
running_on_native_arch=1
2026-09-15T09:44:10.227740=installed_packs {"names":["Sequencers","Expressive Chords","Beat Selection by Sample Magic","Break Selection by Sample Magic","DM-307A Free Pack by Heavyocity","Drum Booth","Drum Essentials","Glitch and Wash","Build and Drop","Surround Panner","Probability Pack by Sonic Faction","Singularities","Inspired by Nature by Dillon Bastan","Voice Box","Brass Quartet by Spitfire Audio","Granulator III","Trap Drums by Sound Oracle","Generators by Iftah","APC Step Sequencer by Mark Egloff","M4L Big Three"]}
2026-09-15T09:44:30.211595=screen-properties {"config_change_index":0,"screen_index":0,"left":0,"top":0,"width":1512,"height":982}
2026-09-15T09:44:32.536100=screen-properties {"config_change_index":1,"screen_index":0,"left":0,"top":0,"width":1512,"height":982}
2026-09-15T09:44:38.543884=screen-properties {"config_change_index":2,"screen_index":0,"left":0,"top":0,"width":1512,"height":982}
2026-09-15T09:45:26.505800=screen-properties {"config_change_index":3,"screen_index":0,"left":0,"top":0,"width":1512,"height":982}
2026-09-15T09:45:34.060384=screen-properties {"config_change_index":4,"screen_index":0,"left":0,"top":0,"width":1512,"height":982}
2026-09-15T09:46:00.389131=screen-properties {"config_change_index":5,"screen_index":0,"left":0,"top":0,"width":1512,"height":982}
2026-09-15T09:46:23.000391=screen-properties {"config_change_index":6,"screen_index":0,"left":0,"top":0,"width":1512,"height":982}
2026-09-15T09:46:38.833626=screen-properties {"config_change_index":7,"screen_index":0,"left":0,"top":0,"width":1512,"height":982}
2026-09-15T09:46:48.133997=screen-properties {"config_change_index":8,"screen_index":0,"left":0,"top":0,"width":1512,"height":982}
2026-09-15T09:46:52.286227=screen-properties {"config_change_index":9,"screen_index":0,"left":0,"top":0,"width":1512,"height":982}
2026-09-15T09:48:02.468516=screen-properties {"config_change_index":10,"screen_index":0,"left":0,"top":0,"width":1512,"height":982}
2026-09-15T09:48:18.913050=screen-properties {"config_change_index":11,"screen_index":0,"left":0,"top":0,"width":1512,"height":982}
2026-09-15T09:49:09.995440=screen-properties {"config_change_index":12,"screen_index":0,"left":0,"top":0,"width":1512,"height":982}
2026-09-15T09:49:10.526572=screen-properties {"config_change_index":13,"screen_index":0,"left":0,"top":0,"width":1512,"height":982}
2026-09-15T09:50:08.178511=audio_io_status {"driver-type":"CoreAudio","input_device":"MiniFuse 4 (6 In, 6 Out)","output_device":"MiniFuse 4 (6 In, 6 Out)","input_channels":4,"output_channels":4,"sample_rate":48000.0,"input_buffer_size":64,"input_latency":4.416666507720947,"output_buffer_size":64,"output_latency":1.9166666269302368,"output_latency_with_buffering":1.9166666269302368,"driver_error_compensation_ms":0.0,"overall_latency":6.3333330154418945}
2026-09-15T09:50:08.254643=audio_time_allocations {"allocator":"AudioBuffer","max_capacity":1000,"max_used":0,"num_failures":0}
2026-09-15T09:50:08.254677=audio_time_allocations {"allocator":"AudioBuffer","max_capacity":1956,"max_used":0,"num_failures":0}
2026-09-15T09:50:08.266107=midi_io_status_controlsurface {"slot":1,"name":"Komplete_Kontrol_A","input":"","output":""}
2026-09-15T09:50:08.266170=midi_io_status_controlsurface {"slot":2,"name":"Push2","input":"","output":""}
2026-09-15T09:50:08.266182=midi_io_status_controlsurface {"slot":3,"name":"","input":"","output":""}
2026-09-15T09:50:08.266193=midi_io_status_controlsurface {"slot":4,"name":"","input":"","output":""}
2026-09-15T09:50:08.266202=midi_io_status_controlsurface {"slot":5,"name":"","input":"","output":""}
2026-09-15T09:50:08.266228=midi_io_status_controlsurface {"slot":6,"name":"","input":"","output":""}
2026-09-15T09:50:08.266237=midi_io_status_controlsurface {"slot":7,"name":"","input":"","output":""}
2026-09-15T09:50:08.266288=midi_io_status_generic {"takeover_mode":"None"}
2026-09-15T09:50:08.266318=midi_io_status_inputs {"name":"MiniFuse 4","track":true,"sync":false,"remote":false,"port_type":"","mpe":false,"sync_delay":0.0,"sync_type":"MIDI Clock","mtc_frame_rate":"All","mtc_start_offset":0.0}
2026-09-15T09:50:08.266343=midi_io_status_inputs {"name":"Computer Keyboard","track":true,"sync":false,"remote":false,"port_type":"","mpe":false,"sync_delay":0.0,"sync_type":"MIDI Clock","mtc_frame_rate":"All","mtc_start_offset":0.0}
2026-09-15T09:50:08.266358=midi_io_status_outputs {"name":"MiniFuse 4","track":false,"sync":false,"remote":false,"port_type":"","sync_delay":0.0,"sync_type":"Song","hardware_resync_message":"Stop and Start"}
2026-09-15T09:50:08.469210=rb_tbool_value {"TBool_action":"OnLoad","TBool_name":"SessionAutomationRecordInArmedTracksOnly","TBool_value":"1"}
2026-09-15T09:50:08.469255=rb_tbool_value {"TBool_action":"OnLoad","TBool_name":"StartTransportWithRecord","TBool_value":"1"}
2026-09-15T09:50:08.480779=rb_tbool_value {"TBool_action":"OnLoad","TBool_name":"ArrangementOverdub","TBool_value":"0"}
2026-09-15T09:50:10.071887=audio_time_allocations {"allocator":"Large Sysex Events","max_capacity":7,"max_used":0,"num_failures":0}
2026-09-15T09:50:10.071917=audio_time_allocations {"allocator":"Medium Sysex Events","max_capacity":1985,"max_used":0,"num_failures":0}
2026-09-15T09:50:10.071930=audio_time_allocations {"allocator":"Small Sysex Events","max_capacity":13107,"max_used":0,"num_failures":0}
2026-09-15T09:50:10.071942=audio_time_allocations {"allocator":"Max Remote Automation Events","max_capacity":5041,"max_used":0,"num_failures":0}
2026-09-15T09:50:10.071953=audio_time_allocations {"allocator":"Max Device Automation Events","max_capacity":3196,"max_used":0,"num_failures":0}
2026-09-15T09:50:10.071963=audio_time_allocations {"allocator":"Max Device Midi Events","max_capacity":7710,"max_used":0,"num_failures":0}
2026-09-15T09:50:10.095271=audio_time_allocations {"allocator":"EventBuffering","max_capacity":18724,"max_used":22,"num_failures":0}
2026-09-15T09:50:10.095305=audio_time_allocations {"allocator":"Parameter Compensate Delay","max_capacity":524288,"max_used":0,"num_failures":0}
2026-09-15T09:50:10.224600=midi_io_status_controlsurface {"slot":1,"name":"Komplete_Kontrol_A","input":"","output":""}
2026-09-15T09:50:10.224651=midi_io_status_controlsurface {"slot":2,"name":"Push2","input":"","output":""}
2026-09-15T09:50:10.224662=midi_io_status_controlsurface {"slot":3,"name":"","input":"","output":""}
2026-09-15T09:50:10.224670=midi_io_status_controlsurface {"slot":4,"name":"","input":"","output":""}
2026-09-15T09:50:10.224678=midi_io_status_controlsurface {"slot":5,"name":"","input":"","output":""}
2026-09-15T09:50:10.224685=midi_io_status_controlsurface {"slot":6,"name":"","input":"","output":""}
2026-09-15T09:50:10.224692=midi_io_status_controlsurface {"slot":7,"name":"","input":"","output":""}
2026-09-15T09:50:10.224728=midi_io_status_generic {"takeover_mode":"None"}
2026-09-15T09:50:10.224745=midi_io_status_inputs {"name":"MiniFuse 4","track":true,"sync":false,"remote":false,"port_type":"","mpe":false,"sync_delay":0.0,"sync_type":"MIDI Clock","mtc_frame_rate":"All","mtc_start_offset":0.0}
2026-09-15T09:50:10.224759=midi_io_status_inputs {"name":"Computer Keyboard","track":true,"sync":false,"remote":false,"port_type":"","mpe":false,"sync_delay":0.0,"sync_type":"MIDI Clock","mtc_frame_rate":"All","mtc_start_offset":0.0}
2026-09-15T09:50:10.224769=midi_io_status_outputs {"name":"MiniFuse 4","track":false,"sync":false,"remote":false,"port_type":"","sync_delay":0.0,"sync_type":"Song","hardware_resync_message":"Stop and Start"}
2026-09-15T09:50:12.198810=max_app_status {"version_string":"9.1.5 (3db35fa476d)","max_app_path":"/Applications/Ableton Live 12 Suite.app/Contents/App-Resources/Max/Max.app","patcher_path":"/Applications/Ableton Live 12 Suite.app/Contents/App-Resources/Max/Max.app/Contents/Resources/C74/support/patcher.bundle","checker_path":"/Applications/Ableton Live 12 Suite.app/Contents/App-Resources/Max/Max.app/Contents/Resources/C74/support/maxchecker.bundle","version_major":4,"version_minor":57,"up_and_running":true}
2026-09-15T09:50:12.430008=device_add {"alg_latency":"0","device_architecture":"Ableton","device_name":"Audio Effect Rack","device_type":"AudioFx","path":"Guitar Recording Rack","preset_name":"Guitar Recording Rack"}
2026-09-15T09:50:12.430061=device_add {"alg_latency":"0","device_architecture":"VST3","device_name":"NAM Rig","device_type":"AudioFx","path":"Guitar Recording Rack | NAM Rig","preset_name":""}
2026-09-15T09:50:12.430082=device_add {"alg_latency":"0","device_architecture":"Ableton","device_name":"Tuner","device_type":"AudioFx","path":"Guitar Recording Rack | Tuner","preset_name":"Default"}
2026-09-15T09:50:12.430101=device_add {"alg_latency":"0","device_architecture":"Ableton","device_name":"EQ Three","device_type":"AudioFx","path":"EQ Three","preset_name":"Default"}
2026-09-15T09:50:12.430118=device_add {"alg_latency":"0","device_architecture":"Ableton","device_name":"Ext. Audio Effect","device_type":"AudioFx","path":"Ext. Audio Effect","preset_name":"Default"}
2026-09-15T09:50:12.430134=device_add {"alg_latency":"0","device_architecture":"VST3","device_name":"Raum","device_type":"AudioFx","path":"Raum","preset_name":""}
2026-09-15T09:50:12.430148=device_add {"alg_latency":"0","device_architecture":"Ableton","device_name":"Utility","device_type":"AudioFx","path":"Utility","preset_name":"Default"}
2026-09-15T09:50:12.430169=device_add {"alg_latency":"0","device_architecture":"Ableton","device_name":"Reverb","device_type":"AudioFx","path":"Reverb","preset_name":"Reverb Default"}
2026-09-15T09:50:12.430188=device_add {"alg_latency":"0","device_architecture":"Ableton","device_name":"Delay","device_type":"AudioFx","path":"Delay","preset_name":"Dotted Eighth Note"}
2026-09-15T09:50:12.430234=device_add {"alg_latency":"0","device_architecture":"Audio Unit","device_name":"Peak Grain","device_type":"AudioFx","path":"Peak Grain","preset_name":"Default"}
2026-09-15T09:50:12.430288=au-plugin-bus-config {"manufacturer":"Synth Peak","name":"Peak Grain","num-input-buses":1,"num-output-buses":1,"is-using-single-bus-model":false}
2026-09-15T09:50:12.826910=start
2026-09-15T09:50:12.826961=preferences_loaded {"cpu_multicore_rewire":"0","cpu_multicore_standalone":"1","midi_remote_script_slot_0":"Komplete_Kontrol_A","midi_remote_script_slot_1":"Push2","midi_remote_script_slot_2":"","midi_remote_script_slot_3":"","midi_remote_script_slot_4":"","midi_remote_script_slot_5":"","midi_remote_script_slot_6":""}
2026-09-15T09:50:12.826979=crash_file_upload_data {"collect_crashlog_was_called":"1","found_previous_usage_log":"/Users/pawelwitkowski/Library/Application Support/Ableton/Live Reports/Usage/20260915T090936_54180.log","found_crash_file":"/Users/pawelwitkowski/Library/Logs/DiagnosticReports/Live-2026-09-11-152425.ips","copied_crash_file":"/Users/pawelwitkowski/Library/Application Support/Ableton/Live Reports/Usage/20260915T090936_54180.crashlog"}
2026-09-15T09:50:12.826996=device_add {"alg_latency":"0","device_architecture":"Ableton","device_name":"Audio Effect Rack","device_type":"AudioFx","path":"Guitar Recording Rack","preset_name":"Guitar Recording Rack"}
2026-09-15T09:50:12.827010=device_add {"alg_latency":"0","device_architecture":"VST3","device_name":"NAM Rig","device_type":"AudioFx","path":"Guitar Recording Rack | NAM Rig","preset_name":""}
2026-09-15T09:50:12.827019=device_add {"alg_latency":"0","device_architecture":"Ableton","device_name":"Tuner","device_type":"AudioFx","path":"Guitar Recording Rack | Tuner","preset_name":"Default"}
2026-09-15T09:50:12.827030=device_add {"alg_latency":"0","device_architecture":"Ableton","device_name":"EQ Three","device_type":"AudioFx","path":"EQ Three","preset_name":"Default"}
2026-09-15T09:50:12.827051=device_add {"alg_latency":"0","device_architecture":"Ableton","device_name":"Ext. Audio Effect","device_type":"AudioFx","path":"Ext. Audio Effect","preset_name":"Default"}
2026-09-15T09:50:12.827061=device_add {"alg_latency":"0","device_architecture":"Audio Unit","device_name":"Peak Grain","device_type":"AudioFx","path":"Peak Grain","preset_name":"Default"}
2026-09-15T09:50:12.827070=device_add {"alg_latency":"0","device_architecture":"VST3","device_name":"Raum","device_type":"AudioFx","path":"Raum","preset_name":""}
2026-09-15T09:50:12.827080=device_add {"alg_latency":"0","device_architecture":"Ableton","device_name":"Utility","device_type":"AudioFx","path":"Utility","preset_name":"Default"}
2026-09-15T09:50:12.827090=device_add {"alg_latency":"0","device_architecture":"Ableton","device_name":"Reverb","device_type":"AudioFx","path":"Reverb","preset_name":"Reverb Default"}
2026-09-15T09:50:12.827098=device_add {"alg_latency":"0","device_architecture":"Ableton","device_name":"Delay","device_type":"AudioFx","path":"Delay","preset_name":"Dotted Eighth Note"}
2026-09-15T09:50:12.827118=status {"audio_usage_average":"","audio_usage_peak":"","mem_private":"0","mem_resident":"1056145408","mem_virtual":"448373866496"}
2026-09-15T09:50:12.867048=screen-properties {"config_change_index":14,"screen_index":0,"left":0,"top":0,"width":1512,"height":982}
2026-09-15T09:50:12.970861=audio_time_allocations {"allocator":"Midi Delay","max_capacity":21845,"max_used":0,"num_failures":0}
2026-09-15T09:50:13.515504=device_add {"alg_latency":"0","device_architecture":"VST3","device_name":"SpliceAbletonLive","device_type":"Instrument","path":"SpliceAbletonLive","preset_name":""}
2026-09-15T09:50:13.540688=link-status {"enabled":false,"peers":0}
2026-09-15T09:50:13.550845=browser_refresh_start
2026-09-15T09:50:13.706241=browser_refresh_start
2026-09-15T09:50:13.706324=browser_refresh_start
2026-09-15T09:50:14.206322=browser_refresh_start
2026-09-15T09:50:14.276985=browser_refresh_start
2026-09-15T09:50:17.146452=browser_refresh_start
2026-09-15T09:51:12.857861=status {"audio_drop_outs":"0","audio_usage_average":"9.90332","audio_usage_peak":"13.275","mem_private":"0","mem_resident":"1234419712","mem_virtual":"453433032704"}
2026-09-15T09:52:07.743423=screen-properties {"config_change_index":15,"screen_index":0,"left":0,"top":0,"width":1512,"height":982}
2026-09-15T09:52:12.859045=status {"audio_drop_outs":"0","audio_usage_average":"10.1258","audio_usage_peak":"15.075","mem_private":"0","mem_resident":"1069973504","mem_virtual":"453433229312"}
2026-09-15T09:53:12.859569=status {"audio_drop_outs":"0","audio_usage_average":"10.2321","audio_usage_peak":"15.45","mem_private":"0","mem_resident":"1070546944","mem_virtual":"453433802752"}
2026-09-15T09:54:12.846892=status {"audio_drop_outs":"0","audio_usage_average":"10.0009","audio_usage_peak":"14.625","mem_private":"0","mem_resident":"981041152","mem_virtual":"453343559680"}
2026-09-15T09:55:12.845452=status {"audio_drop_outs":"0","audio_usage_average":"10.2571","audio_usage_peak":"13.875","mem_private":"0","mem_resident":"981106688","mem_virtual":"453343576064"}
2026-09-15T09:56:12.845317=status {"audio_drop_outs":"0","audio_usage_average":"10.9094","audio_usage_peak":"18.3","mem_private":"0","mem_resident":"980418560","mem_virtual":"453343576064"}
2026-09-15T09:57:12.853702=status {"audio_drop_outs":"0","audio_usage_average":"11.1362","audio_usage_peak":"15.9","mem_private":"0","mem_resident":"980271104","mem_virtual":"453343576064"}
2026-09-15T09:58:12.864743=status {"audio_drop_outs":"0","audio_usage_average":"10.1725","audio_usage_peak":"14.625","mem_private":"0","mem_resident":"980303872","mem_virtual":"453344149504"}
2026-09-15T09:59:12.865172=status {"audio_drop_outs":"0","audio_usage_average":"11.5714","audio_usage_peak":"18.225","mem_private":"0","mem_resident":"979648512","mem_virtual":"453343576064"}
2026-09-15T10:00:12.864700=status {"audio_drop_outs":"0","audio_usage_average":"10.655","audio_usage_peak":"15","mem_private":"0","mem_resident":"979648512","mem_virtual":"453343576064"}
2026-09-15T10:01:12.866362=status {"audio_drop_outs":"0","audio_usage_average":"10.425","audio_usage_peak":"14.475","mem_private":"0","mem_resident":"979681280","mem_virtual":"453343576064"}
2026-09-15T10:02:12.866527=status {"audio_drop_outs":"0","audio_usage_average":"10.7964","audio_usage_peak":"17.325","mem_private":"0","mem_resident":"979697664","mem_virtual":"453344149504"}
2026-09-15T10:03:12.866629=status {"audio_drop_outs":"0","audio_usage_average":"10.1551","audio_usage_peak":"15.825","mem_private":"0","mem_resident":"979697664","mem_virtual":"453344149504"}
2026-09-15T10:04:12.876479=status {"audio_drop_outs":"0","audio_usage_average":"10.6477","audio_usage_peak":"15.3","mem_private":"0","mem_resident":"979730432","mem_virtual":"453344149504"}
2026-09-15T10:05:12.877628=status {"audio_drop_outs":"0","audio_usage_average":"10.3482","audio_usage_peak":"16.95","mem_private":"0","mem_resident":"979714048","mem_virtual":"453344149504"}
2026-09-15T10:06:12.878022=status {"audio_drop_outs":"0","audio_usage_average":"10.8451","audio_usage_peak":"15.225","mem_private":"0","mem_resident":"979812352","mem_virtual":"453343576064"}
2026-09-15T10:07:12.878407=status {"audio_drop_outs":"0","audio_usage_average":"10.3912","audio_usage_peak":"13.95","mem_private":"0","mem_resident":"979828736","mem_virtual":"453343576064"}
2026-09-15T10:08:12.878669=status {"audio_drop_outs":"0","audio_usage_average":"10.4089","audio_usage_peak":"13.65","mem_private":"0","mem_resident":"977584128","mem_virtual":"453344149504"}
2026-09-15T10:09:12.879648=status {"audio_drop_outs":"0","audio_usage_average":"10.5467","audio_usage_peak":"14.325","mem_private":"0","mem_resident":"977534976","mem_virtual":"453344149504"}
2026-09-15T10:10:12.879372=status {"audio_drop_outs":"0","audio_usage_average":"11.3148","audio_usage_peak":"15.675","mem_private":"0","mem_resident":"977534976","mem_virtual":"453344722944"}
2026-09-15T10:11:12.880442=status {"audio_drop_outs":"0","audio_usage_average":"11.065","audio_usage_peak":"16.875","mem_private":"0","mem_resident":"938704896","mem_virtual":"453343608832"}
2026-09-15T10:12:12.881195=status {"audio_drop_outs":"0","audio_usage_average":"10.7691","audio_usage_peak":"16.5","mem_private":"0","mem_resident":"939409408","mem_virtual":"453347131392"}
2026-09-15T10:13:12.890477=status {"audio_drop_outs":"0","audio_usage_average":"12.6719","audio_usage_peak":"16.875","mem_private":"0","mem_resident":"939589632","mem_virtual":"453347131392"}
2026-09-15T10:14:12.891184=status {"audio_drop_outs":"0","audio_usage_average":"9.90996","audio_usage_peak":"13.8","mem_private":"0","mem_resident":"939737088","mem_virtual":"453305122816"}
2026-09-15T10:15:12.893302=status {"audio_drop_outs":"0","audio_usage_average":"12.0584","audio_usage_peak":"16.95","mem_private":"0","mem_resident":"941817856","mem_virtual":"453336465408"}
2026-09-15T10:16:12.892982=status {"audio_drop_outs":"0","audio_usage_average":"10.568","audio_usage_peak":"16.95","mem_private":"0","mem_resident":"941916160","mem_virtual":"453336006656"}
2026-09-15T10:17:12.893660=status {"audio_drop_outs":"0","audio_usage_average":"11.1819","audio_usage_peak":"17.325","mem_private":"0","mem_resident":"940687360","mem_virtual":"453336465408"}
2026-09-15T10:18:12.912020=status {"audio_drop_outs":"0","audio_usage_average":"10.4933","audio_usage_peak":"15","mem_private":"0","mem_resident":"939311104","mem_virtual":"453336465408"}
2026-09-15T10:19:12.912996=status {"audio_drop_outs":"0","audio_usage_average":"10.34","audio_usage_peak":"14.1","mem_private":"0","mem_resident":"871727104","mem_virtual":"453394595840"}
2026-09-15T10:20:12.912832=status {"audio_drop_outs":"0","audio_usage_average":"10.1196","audio_usage_peak":"13.425","mem_private":"0","mem_resident":"871825408","mem_virtual":"453394595840"}
2026-09-15T10:21:12.923424=status {"audio_drop_outs":"0","audio_usage_average":"10.2301","audio_usage_peak":"13.5","mem_private":"0","mem_resident":"872677376","mem_virtual":"453394087936"}
2026-09-15T10:22:12.923802=status {"audio_drop_outs":"0","audio_usage_average":"10.8188","audio_usage_peak":"16.125","mem_private":"0","mem_resident":"872726528","mem_virtual":"453394661376"}
2026-09-15T10:23:12.924625=status {"audio_drop_outs":"0","audio_usage_average":"10.1838","audio_usage_peak":"14.1","mem_private":"0","mem_resident":"872726528","mem_virtual":"453394661376"}
2026-09-15T10:23:58.203618=screen-properties {"config_change_index":16,"screen_index":0,"left":0,"top":0,"width":1512,"height":982}
2026-09-15T10:24:04.614378=screen-properties {"config_change_index":17,"screen_index":0,"left":0,"top":0,"width":1512,"height":982}
2026-09-15T10:24:12.925337=status {"audio_drop_outs":"0","audio_usage_average":"10.1263","audio_usage_peak":"14.775","mem_private":"0","mem_resident":"872988672","mem_virtual":"453394661376"}
2026-09-15T10:24:13.030529=screen-properties {"config_change_index":18,"screen_index":0,"left":0,"top":0,"width":1512,"height":982}
2026-09-15T10:24:24.789486=screen-properties {"config_change_index":19,"screen_index":0,"left":0,"top":0,"width":1512,"height":982}
2026-09-15T10:25:12.926109=status {"audio_drop_outs":"0","audio_usage_average":"10.0308","audio_usage_peak":"15.15","mem_private":"0","mem_resident":"873136128","mem_virtual":"453394661376"}
2026-09-15T10:26:12.926198=status {"audio_drop_outs":"0","audio_usage_average":"9.78291","audio_usage_peak":"13.275","mem_private":"0","mem_resident":"873152512","mem_virtual":"453394661376"}
2026-09-15T10:26:22.578059=screen-properties {"config_change_index":20,"screen_index":0,"left":0,"top":0,"width":1512,"height":982}
2026-09-15T10:26:40.278270=screen-properties {"config_change_index":21,"screen_index":0,"left":0,"top":0,"width":1512,"height":982}
2026-09-15T10:26:40.820550=screen-properties {"config_change_index":22,"screen_index":0,"left":0,"top":0,"width":1512,"height":982}
2026-09-15T10:27:07.887900=screen-properties {"config_change_index":23,"screen_index":0,"left":0,"top":0,"width":1512,"height":982}
2026-09-15T10:27:12.927032=status {"audio_drop_outs":"0","audio_usage_average":"10.073","audio_usage_peak":"15.6","mem_private":"0","mem_resident":"873152512","mem_virtual":"453394661376"}
2026-09-15T10:28:12.927633=status {"audio_drop_outs":"0","audio_usage_average":"10.5524","audio_usage_peak":"17.325","mem_private":"0","mem_resident":"873136128","mem_virtual":"453394661376"}
2026-09-15T10:29:12.928431=status {"audio_drop_outs":"0","audio_usage_average":"9.98895","audio_usage_peak":"15.9","mem_private":"0","mem_resident":"873299968","mem_virtual":"453383045120"}
2026-09-15T10:30:12.928744=status {"audio_drop_outs":"0","audio_usage_average":"10.1563","audio_usage_peak":"14.55","mem_private":"0","mem_resident":"873316352","mem_virtual":"453383045120"}
2026-09-15T10:31:12.939043=status {"audio_drop_outs":"0","audio_usage_average":"10.423","audio_usage_peak":"15.9","mem_private":"0","mem_resident":"873218048","mem_virtual":"453383045120"}
2026-09-15T10:32:12.942811=status {"audio_drop_outs":"0","audio_usage_average":"10.0469","audio_usage_peak":"13.8","mem_private":"0","mem_resident":"873218048","mem_virtual":"453383045120"}
2026-09-15T10:33:12.950750=status {"audio_drop_outs":"0","audio_usage_average":"10.2835","audio_usage_peak":"15.375","mem_private":"0","mem_resident":"873218048","mem_virtual":"453383045120"}
2026-09-15T10:34:12.961452=status {"audio_drop_outs":"0","audio_usage_average":"10.4994","audio_usage_peak":"16.875","mem_private":"0","mem_resident":"873234432","mem_virtual":"453382471680"}
2026-09-15T10:35:09.270576=device_remove {"alg_latency":"0","device_architecture":"VST3","device_name":"SpliceAbletonLive","device_type":"Instrument","path":"SpliceAbletonLive","preset_name":""}
2026-09-15T10:35:10.270063=audio_time_allocations {"allocator":"VST3 Parameter Value Changes","max_capacity":3971,"max_used":0,"num_failures":0}
2026-09-15T10:35:10.270102=audio_time_allocations {"allocator":"Large Sysex Events","max_capacity":7,"max_used":0,"num_failures":0}
2026-09-15T10:35:10.270117=audio_time_allocations {"allocator":"Medium Sysex Events","max_capacity":1985,"max_used":0,"num_failures":0}
2026-09-15T10:35:10.270130=audio_time_allocations {"allocator":"Small Sysex Events","max_capacity":13107,"max_used":0,"num_failures":0}
2026-09-15T10:35:10.270150=audio_time_allocations {"allocator":"Max Remote Automation Events","max_capacity":5041,"max_used":0,"num_failures":0}
2026-09-15T10:35:10.270161=audio_time_allocations {"allocator":"Max Device Automation Events","max_capacity":3196,"max_used":0,"num_failures":0}
2026-09-15T10:35:10.270172=audio_time_allocations {"allocator":"Max Device Midi Events","max_capacity":7710,"max_used":0,"num_failures":0}
2026-09-15T10:35:10.309099=audio_time_allocations {"allocator":"Parameter Compensate Delay","max_capacity":524288,"max_used":38,"num_failures":0}
2026-09-15T10:35:10.472546=device_remove {"alg_latency":"0","device_architecture":"Ableton","device_name":"Audio Effect Rack","device_type":"AudioFx","path":"Guitar Recording Rack","preset_name":"Guitar Recording Rack"}
2026-09-15T10:35:10.472602=device_remove {"alg_latency":"0","device_architecture":"VST3","device_name":"NAM Rig","device_type":"AudioFx","path":"Guitar Recording Rack | NAM Rig","preset_name":""}
2026-09-15T10:35:10.472614=device_remove {"alg_latency":"0","device_architecture":"Ableton","device_name":"Tuner","device_type":"AudioFx","path":"Guitar Recording Rack | Tuner","preset_name":"Default"}
2026-09-15T10:35:10.472624=device_remove {"alg_latency":"0","device_architecture":"Ableton","device_name":"EQ Three","device_type":"AudioFx","path":"EQ Three","preset_name":"Default"}
2026-09-15T10:35:10.472633=device_remove {"alg_latency":"0","device_architecture":"Ableton","device_name":"Ext. Audio Effect","device_type":"AudioFx","path":"Ext. Audio Effect","preset_name":"Default"}
2026-09-15T10:35:10.472642=device_remove {"alg_latency":"0","device_architecture":"Audio Unit","device_name":"Peak Grain","device_type":"AudioFx","path":"Peak Grain","preset_name":"Default"}
2026-09-15T10:35:10.472650=device_remove {"alg_latency":"0","device_architecture":"VST3","device_name":"Raum","device_type":"AudioFx","path":"Raum","preset_name":""}
2026-09-15T10:35:10.472658=device_remove {"alg_latency":"0","device_architecture":"Ableton","device_name":"Utility","device_type":"AudioFx","path":"Utility","preset_name":"Default"}
2026-09-15T10:35:10.472666=device_remove {"alg_latency":"0","device_architecture":"Ableton","device_name":"Reverb","device_type":"AudioFx","path":"Reverb","preset_name":"Reverb Default"}
2026-09-15T10:35:10.472673=device_remove {"alg_latency":"0","device_architecture":"Ableton","device_name":"Delay","device_type":"AudioFx","path":"Delay","preset_name":"Dotted Eighth Note"}
2026-09-15T10:35:10.479411=midi_io_status_controlsurface {"slot":1,"name":"Komplete_Kontrol_A","input":"","output":""}
2026-09-15T10:35:10.479471=midi_io_status_controlsurface {"slot":2,"name":"Push2","input":"","output":""}
2026-09-15T10:35:10.479481=midi_io_status_controlsurface {"slot":3,"name":"","input":"","output":""}
2026-09-15T10:35:10.479490=midi_io_status_controlsurface {"slot":4,"name":"","input":"","output":""}
2026-09-15T10:35:10.479497=midi_io_status_controlsurface {"slot":5,"name":"","input":"","output":""}
2026-09-15T10:35:10.479504=midi_io_status_controlsurface {"slot":6,"name":"","input":"","output":""}
2026-09-15T10:35:10.479511=midi_io_status_controlsurface {"slot":7,"name":"","input":"","output":""}
2026-09-15T10:35:10.479547=midi_io_status_generic {"takeover_mode":"None"}
2026-09-15T10:35:10.479562=midi_io_status_inputs {"name":"MiniFuse 4","track":true,"sync":false,"remote":false,"port_type":"","mpe":false,"sync_delay":0.0,"sync_type":"MIDI Clock","mtc_frame_rate":"All","mtc_start_offset":0.0}
2026-09-15T10:35:10.479573=midi_io_status_inputs {"name":"Computer Keyboard","track":true,"sync":false,"remote":false,"port_type":"","mpe":false,"sync_delay":0.0,"sync_type":"MIDI Clock","mtc_frame_rate":"All","mtc_start_offset":0.0}
2026-09-15T10:35:10.479584=midi_io_status_outputs {"name":"MiniFuse 4","track":false,"sync":false,"remote":false,"port_type":"","sync_delay":0.0,"sync_type":"Song","hardware_resync_message":"Stop and Start"}
2026-09-15T10:35:10.480973=audio_time_allocations {"allocator":"VST3 Parameter Value Changes","max_capacity":3971,"max_used":0,"num_failures":0}
2026-09-15T10:35:10.481024=audio_time_allocations {"allocator":"EventBuffering","max_capacity":18724,"max_used":156,"num_failures":0}
2026-09-15T10:35:10.491266=audio_time_allocations {"allocator":"Large Sysex Events","max_capacity":7,"max_used":0,"num_failures":0}
2026-09-15T10:35:10.491297=audio_time_allocations {"allocator":"Medium Sysex Events","max_capacity":1985,"max_used":0,"num_failures":0}
2026-09-15T10:35:10.491317=audio_time_allocations {"allocator":"Small Sysex Events","max_capacity":13107,"max_used":0,"num_failures":0}
2026-09-15T10:35:10.491333=audio_time_allocations {"allocator":"Max Remote Automation Events","max_capacity":5041,"max_used":0,"num_failures":0}
2026-09-15T10:35:10.491345=audio_time_allocations {"allocator":"Max Device Automation Events","max_capacity":3196,"max_used":0,"num_failures":0}
2026-09-15T10:35:10.491356=audio_time_allocations {"allocator":"Max Device Midi Events","max_capacity":7710,"max_used":0,"num_failures":0}
2026-09-15T10:35:10.492919=audio_time_allocations {"allocator":"Midi Delay","max_capacity":21845,"max_used":0,"num_failures":0}
2026-09-15T10:35:10.517655=audio_time_allocations {"allocator":"EventBuffering","max_capacity":18724,"max_used":39,"num_failures":0}
2026-09-15T10:35:10.517681=audio_time_allocations {"allocator":"Parameter Compensate Delay","max_capacity":524288,"max_used":0,"num_failures":0}
2026-09-15T10:35:10.518974=audio_time_allocations {"allocator":"Midi Delay","max_capacity":21845,"max_used":0,"num_failures":0}
2026-09-15T10:35:10.526205=audio_io_status {"driver-type":"CoreAudio","input_device":"MiniFuse 4 (6 In, 6 Out)","output_device":"MiniFuse 4 (6 In, 6 Out)","input_buffer_size":64,"input_latency":0.0,"driver_error_compensation_ms":0.0,"overall_latency":6.3333330154418945}
2026-09-15T10:35:10.528043=audio_time_allocations {"allocator":"Midi Delay","max_capacity":21845,"max_used":0,"num_failures":0}
2026-09-15T10:35:10.528071=audio_time_allocations {"allocator":"Parameter Compensate Delay","max_capacity":524288,"max_used":0,"num_failures":0}
2026-09-15T10:35:10.528084=audio_time_allocations {"allocator":"EventBuffering","max_capacity":18724,"max_used":6,"num_failures":0}
2026-09-15T10:35:10.784564=message-queue-statistics {"sender":"KGui","receiver":"KAudio","queue-id":"KStandardQueue","max-usage-in-bytes":7640,"size-in-bytes":4194304}
2026-09-15T10:35:10.784612=message-queue-statistics {"sender":"KAudio","receiver":"KAudio","queue-id":"KStandardQueue","max-usage-in-bytes":0,"size-in-bytes":131072}
2026-09-15T10:35:10.784623=message-queue-statistics {"sender":"KAudioCalc","receiver":"KAudio","queue-id":"KStandardQueue","max-usage-in-bytes":436,"size-in-bytes":262144}
2026-09-15T10:35:10.784630=message-queue-statistics {"sender":"KAudio","receiver":"KMidiOut","queue-id":"KStandardQueue","max-usage-in-bytes":0,"size-in-bytes":262144}
2026-09-15T10:35:10.784638=message-queue-statistics {"sender":"KAudio","receiver":"KGui","queue-id":"KStandardQueue","max-usage-in-bytes":11360,"size-in-bytes":4194304}
2026-09-15T10:35:10.784645=message-queue-statistics {"sender":"KAudio","receiver":"KAudioIdle","queue-id":"KStandardQueue","max-usage-in-bytes":184,"size-in-bytes":1048576}
2026-09-15T10:35:10.784655=message-queue-statistics {"sender":"KFile","receiver":"KAudio","queue-id":"KStandardQueue","max-usage-in-bytes":0,"size-in-bytes":32768}
2026-09-15T10:35:10.784664=message-queue-statistics {"sender":"KFile","receiver":"KGui","queue-id":"KStandardQueue","max-usage-in-bytes":0,"size-in-bytes":32768}
2026-09-15T10:35:10.784677=message-queue-statistics {"sender":"KGui","receiver":"KFile","queue-id":"KStandardQueue","max-usage-in-bytes":0,"size-in-bytes":32768}
2026-09-15T10:35:10.784686=message-queue-statistics {"sender":"KMidiIn","receiver":"KAudio","queue-id":"KStandardQueue","max-usage-in-bytes":0,"size-in-bytes":32768}
2026-09-15T10:35:10.784695=message-queue-statistics {"sender":"KMidiIn","receiver":"KGui","queue-id":"KStandardQueue","max-usage-in-bytes":0,"size-in-bytes":32768}
2026-09-15T10:35:10.784721=message-queue-statistics {"sender":"KGui","receiver":"KMidiOut","queue-id":"KStandardQueue","max-usage-in-bytes":0,"size-in-bytes":262144}
2026-09-15T10:35:10.784729=message-queue-statistics {"sender":"KGui","receiver":"KGui","queue-id":"KStandardQueue","max-usage-in-bytes":0,"size-in-bytes":131072}
2026-09-15T10:35:10.784736=message-queue-statistics {"sender":"KGui","receiver":"KAudioIdle","queue-id":"KStandardQueue","max-usage-in-bytes":262140,"size-in-bytes":262144}
2026-09-15T10:35:10.784743=message-queue-statistics {"sender":"KAudioIdle","receiver":"KAudioIdle","queue-id":"KStandardQueue","max-usage-in-bytes":0,"size-in-bytes":131072}
2026-09-15T10:35:10.784751=message-queue-statistics {"sender":"KAudioIdle","receiver":"KAudio","queue-id":"KStandardQueue","max-usage-in-bytes":224,"size-in-bytes":262144}
2026-09-15T10:35:10.784758=message-queue-statistics {"sender":"KAudioIdle","receiver":"KGui","queue-id":"KStandardQueue","max-usage-in-bytes":3064,"size-in-bytes":2097152}
2026-09-15T10:35:10.784765=message-queue-statistics {"sender":"KAudioIdle","receiver":"KFile","queue-id":"KStandardQueue","max-usage-in-bytes":0,"size-in-bytes":32768}
2026-09-15T10:35:10.784772=message-queue-statistics {"sender":"KOther","receiver":"KAudioIdle","queue-id":"KStandardQueue","max-usage-in-bytes":0,"size-in-bytes":262144}
2026-09-15T10:35:10.784779=message-queue-statistics {"sender":"KOther","receiver":"KGui","queue-id":"KStandardQueue","max-usage-in-bytes":0,"size-in-bytes":262144}
2026-09-15T10:35:10.784787=message-queue-statistics {"sender":"KOther","receiver":"KAudio","queue-id":"KStandardQueue","max-usage-in-bytes":0,"size-in-bytes":262144}
2026-09-15T10:35:10.784793=message-queue-statistics {"sender":"KOther","receiver":"KFile","queue-id":"KStandardQueue","max-usage-in-bytes":0,"size-in-bytes":32768}
2026-09-15T10:35:10.784800=message-queue-statistics {"sender":"KMidiOut","receiver":"KGui","queue-id":"KStandardQueue","max-usage-in-bytes":0,"size-in-bytes":2048}
2026-09-15T10:35:10.784807=message-queue-statistics {"sender":"KPushMidiIn","receiver":"KAudio","queue-id":"KStandardQueue","max-usage-in-bytes":0,"size-in-bytes":32768}
2026-09-15T10:35:10.784816=message-queue-statistics {"sender":"KGui","receiver":"KAudio","queue-id":"0","max-usage-in-bytes":2424,"size-in-bytes":131072}
2026-09-15T10:35:10.784823=message-queue-statistics {"sender":"KAudio","receiver":"KGui","queue-id":"1","max-usage-in-bytes":11696,"size-in-bytes":262144}
2026-09-15T10:35:10.784830=message-queue-statistics {"sender":"KFile","receiver":"KAudio","queue-id":"2","max-usage-in-bytes":2324,"size-in-bytes":262144}
2026-09-15T10:35:10.784837=message-queue-statistics {"sender":"KAudio","receiver":"KFile","queue-id":"3","max-usage-in-bytes":1920,"size-in-bytes":65536}
2026-09-15T10:35:10.784844=message-queue-statistics {"sender":"KAudio","receiver":"KFile","queue-id":"4","max-usage-in-bytes":16176,"size-in-bytes":524288}
2026-09-15T10:35:10.784851=message-queue-statistics {"sender":"KInvalidThread","receiver":"KGui","queue-id":"5","max-usage-in-bytes":0,"size-in-bytes":1024}
2026-09-15T10:35:10.805154=audio_time_allocations {"allocator":"AudioBuffer","max_capacity":3744,"max_used":0,"num_failures":0}
2026-09-15T10:35:10.805183=audio_time_allocations {"allocator":"AudioBuffer","max_capacity":6898,"max_used":12,"num_failures":0}
2026-09-15T10:35:10.805258=video_usage {"max_video_clips_in_set":"0"}
2026-09-15T10:35:10.805294=bundle-volume-properties {"free-disk-space":36939210752}
2026-09-15T10:35:10.805301=end
