anonymous_id=2251f8c41870ceeeb58dbc21acd4ad9a
version=12.4.5
install_variant=Suite
commit_id=225ce5e356e024356d5210512bae46fb466f6968
checksum_1=2a1cea85aa4db1eb250c6415d4b481dc
checksum_2=66eeeaaba613bd21749c789aea2c9840
checksum_3=66eeeaaba613bd21749c789aea2c9840
timestamp=2026-09-15T11:13:20.846742
pid=2814
os=macOS 26.6.2 (25G83), Arch:arm64
language=EN
ram_physical=34359738368
ram_address_space=18446744073709551615
hardware_model=MacBookPro18,3
cpu_name=Apple M1 Pro
cpu_cores=10
cpu_sse2=1
graphics_device_name=
app_wordsize=64
rewire_controlled=0
running_on_native_arch=1
2026-09-15T11:13:22.628458=installed_packs {"names":["Sequencers","Expressive Chords","Beat Selection by Sample Magic","Break Selection by Sample Magic","DM-307A Free Pack by Heavyocity","Drum Booth","Drum Essentials","Glitch and Wash","Build and Drop","Surround Panner","Probability Pack by Sonic Faction","Singularities","Inspired by Nature by Dillon Bastan","Voice Box","Brass Quartet by Spitfire Audio","Granulator III","Trap Drums by Sound Oracle","Generators by Iftah","APC Step Sequencer by Mark Egloff","M4L Big Three"]}
2026-09-15T12:03:50.187097=audio_io_status {"driver-type":"CoreAudio","input_device":"MiniFuse 4 (6 In, 6 Out)","output_device":"MiniFuse 4 (6 In, 6 Out)","input_channels":4,"output_channels":4,"sample_rate":48000.0,"input_buffer_size":64,"input_latency":4.416666507720947,"output_buffer_size":64,"output_latency":1.9166666269302368,"output_latency_with_buffering":1.9166666269302368,"driver_error_compensation_ms":0.0,"overall_latency":6.3333330154418945}
2026-09-15T12:03:50.268426=audio_time_allocations {"allocator":"AudioBuffer","max_capacity":1000,"max_used":0,"num_failures":0}
2026-09-15T12:03:50.268466=audio_time_allocations {"allocator":"AudioBuffer","max_capacity":1956,"max_used":0,"num_failures":0}
2026-09-15T12:03:50.281802=midi_io_status_controlsurface {"slot":1,"name":"Komplete_Kontrol_A","input":"","output":""}
2026-09-15T12:03:50.281862=midi_io_status_controlsurface {"slot":2,"name":"Push2","input":"","output":""}
2026-09-15T12:03:50.281884=midi_io_status_controlsurface {"slot":3,"name":"","input":"","output":""}
2026-09-15T12:03:50.281893=midi_io_status_controlsurface {"slot":4,"name":"","input":"","output":""}
2026-09-15T12:03:50.281904=midi_io_status_controlsurface {"slot":5,"name":"","input":"","output":""}
2026-09-15T12:03:50.281912=midi_io_status_controlsurface {"slot":6,"name":"","input":"","output":""}
2026-09-15T12:03:50.281925=midi_io_status_controlsurface {"slot":7,"name":"","input":"","output":""}
2026-09-15T12:03:50.281969=midi_io_status_generic {"takeover_mode":"None"}
2026-09-15T12:03:50.281986=midi_io_status_inputs {"name":"MiniFuse 4","track":true,"sync":false,"remote":false,"port_type":"","mpe":false,"sync_delay":0.0,"sync_type":"MIDI Clock","mtc_frame_rate":"All","mtc_start_offset":0.0}
2026-09-15T12:03:50.281998=midi_io_status_inputs {"name":"Computer Keyboard","track":true,"sync":false,"remote":false,"port_type":"","mpe":false,"sync_delay":0.0,"sync_type":"MIDI Clock","mtc_frame_rate":"All","mtc_start_offset":0.0}
2026-09-15T12:03:50.282013=midi_io_status_outputs {"name":"MiniFuse 4","track":false,"sync":false,"remote":false,"port_type":"","sync_delay":0.0,"sync_type":"Song","hardware_resync_message":"Stop and Start"}
2026-09-15T12:03:50.303490=rb_tbool_value {"TBool_action":"OnLoad","TBool_name":"SessionAutomationRecordInArmedTracksOnly","TBool_value":"1"}
2026-09-15T12:03:50.303538=rb_tbool_value {"TBool_action":"OnLoad","TBool_name":"StartTransportWithRecord","TBool_value":"1"}
2026-09-15T12:03:50.308424=rb_tbool_value {"TBool_action":"OnLoad","TBool_name":"ArrangementOverdub","TBool_value":"0"}
2026-09-15T12:03:50.422015=audio_time_allocations {"allocator":"Large Sysex Events","max_capacity":7,"max_used":0,"num_failures":0}
2026-09-15T12:03:50.422047=audio_time_allocations {"allocator":"Medium Sysex Events","max_capacity":1985,"max_used":0,"num_failures":0}
2026-09-15T12:03:50.422061=audio_time_allocations {"allocator":"Small Sysex Events","max_capacity":13107,"max_used":0,"num_failures":0}
2026-09-15T12:03:50.422075=audio_time_allocations {"allocator":"Max Remote Automation Events","max_capacity":5041,"max_used":0,"num_failures":0}
2026-09-15T12:03:50.422103=audio_time_allocations {"allocator":"Max Device Automation Events","max_capacity":3196,"max_used":0,"num_failures":0}
2026-09-15T12:03:50.422114=audio_time_allocations {"allocator":"Max Device Midi Events","max_capacity":7710,"max_used":0,"num_failures":0}
2026-09-15T12:03:50.436291=audio_time_allocations {"allocator":"EventBuffering","max_capacity":18724,"max_used":22,"num_failures":0}
2026-09-15T12:03:50.436321=audio_time_allocations {"allocator":"Parameter Compensate Delay","max_capacity":524288,"max_used":0,"num_failures":0}
2026-09-15T12:03:50.473337=midi_io_status_controlsurface {"slot":1,"name":"Komplete_Kontrol_A","input":"","output":""}
2026-09-15T12:03:50.473376=midi_io_status_controlsurface {"slot":2,"name":"Push2","input":"","output":""}
2026-09-15T12:03:50.473386=midi_io_status_controlsurface {"slot":3,"name":"","input":"","output":""}
2026-09-15T12:03:50.473394=midi_io_status_controlsurface {"slot":4,"name":"","input":"","output":""}
2026-09-15T12:03:50.473402=midi_io_status_controlsurface {"slot":5,"name":"","input":"","output":""}
2026-09-15T12:03:50.473409=midi_io_status_controlsurface {"slot":6,"name":"","input":"","output":""}
2026-09-15T12:03:50.473416=midi_io_status_controlsurface {"slot":7,"name":"","input":"","output":""}
2026-09-15T12:03:50.473457=midi_io_status_generic {"takeover_mode":"None"}
2026-09-15T12:03:50.473473=midi_io_status_inputs {"name":"MiniFuse 4","track":true,"sync":false,"remote":false,"port_type":"","mpe":false,"sync_delay":0.0,"sync_type":"MIDI Clock","mtc_frame_rate":"All","mtc_start_offset":0.0}
2026-09-15T12:03:50.473484=midi_io_status_inputs {"name":"Computer Keyboard","track":true,"sync":false,"remote":false,"port_type":"","mpe":false,"sync_delay":0.0,"sync_type":"MIDI Clock","mtc_frame_rate":"All","mtc_start_offset":0.0}
2026-09-15T12:03:50.473494=midi_io_status_outputs {"name":"MiniFuse 4","track":false,"sync":false,"remote":false,"port_type":"","sync_delay":0.0,"sync_type":"Song","hardware_resync_message":"Stop and Start"}
2026-09-15T12:03:52.476313=max_app_status {"version_string":"9.1.5 (3db35fa476d)","max_app_path":"/Applications/Ableton Live 12 Suite.app/Contents/App-Resources/Max/Max.app","patcher_path":"/Applications/Ableton Live 12 Suite.app/Contents/App-Resources/Max/Max.app/Contents/Resources/C74/support/patcher.bundle","checker_path":"/Applications/Ableton Live 12 Suite.app/Contents/App-Resources/Max/Max.app/Contents/Resources/C74/support/maxchecker.bundle","version_major":4,"version_minor":57,"up_and_running":true}
2026-09-15T12:03:52.870477=device_add {"alg_latency":"0","device_architecture":"Ableton","device_name":"Reverb","device_type":"AudioFx","path":"Reverb","preset_name":"Reverb Default"}
2026-09-15T12:03:52.870515=device_add {"alg_latency":"0","device_architecture":"Ableton","device_name":"Delay","device_type":"AudioFx","path":"Delay","preset_name":"Dotted Eighth Note"}
2026-09-15T12:03:52.940152=start
2026-09-15T12:03:52.940209=preferences_loaded {"cpu_multicore_rewire":"0","cpu_multicore_standalone":"1","midi_remote_script_slot_0":"Komplete_Kontrol_A","midi_remote_script_slot_1":"Push2","midi_remote_script_slot_2":"","midi_remote_script_slot_3":"","midi_remote_script_slot_4":"","midi_remote_script_slot_5":"","midi_remote_script_slot_6":""}
2026-09-15T12:03:52.940278=crash_file_upload_data {"collect_crashlog_was_called":"1","found_previous_usage_log":"/Users/pawelwitkowski/Library/Application Support/Ableton/Live Reports/Usage/20260915T104015_89232.log","found_crash_file":"/Users/pawelwitkowski/Library/Logs/DiagnosticReports/Live-2026-09-11-152425.ips","copied_crash_file":"/Users/pawelwitkowski/Library/Application Support/Ableton/Live Reports/Usage/20260915T104015_89232.crashlog"}
2026-09-15T12:03:52.940320=device_add {"alg_latency":"0","device_architecture":"Ableton","device_name":"Reverb","device_type":"AudioFx","path":"Reverb","preset_name":"Reverb Default"}
2026-09-15T12:03:52.940332=device_add {"alg_latency":"0","device_architecture":"Ableton","device_name":"Delay","device_type":"AudioFx","path":"Delay","preset_name":"Dotted Eighth Note"}
2026-09-15T12:03:52.940374=status {"audio_usage_average":"","audio_usage_peak":"","mem_private":"0","mem_resident":"708886528","mem_virtual":"448095944704"}
2026-09-15T12:03:52.979715=screen-properties {"config_change_index":0,"screen_index":0,"left":0,"top":0,"width":1512,"height":982}
2026-09-15T12:03:53.010425=link-status {"enabled":false,"peers":0}
2026-09-15T12:03:53.050934=audio_time_allocations {"allocator":"Midi Delay","max_capacity":21845,"max_used":0,"num_failures":0}
2026-09-15T12:03:53.080063=browser_refresh_start
2026-09-15T12:03:53.189924=browser_refresh_start
2026-09-15T12:03:54.070335=device_add {"alg_latency":"0","device_architecture":"VST3","device_name":"SpliceAbletonLive","device_type":"Instrument","path":"SpliceAbletonLive","preset_name":""}
2026-09-15T12:03:54.206813=browser_refresh_start
2026-09-15T12:03:54.700121=browser_refresh_start
2026-09-15T12:03:54.721194=browser_refresh_start
2026-09-15T12:03:57.510446=browser_refresh_start
2026-09-15T12:03:59.483049=device_remove {"alg_latency":"0","device_architecture":"VST3","device_name":"SpliceAbletonLive","device_type":"Instrument","path":"SpliceAbletonLive","preset_name":""}
2026-09-15T12:03:59.501108=audio_time_allocations {"allocator":"Large Sysex Events","max_capacity":7,"max_used":0,"num_failures":0}
2026-09-15T12:03:59.501151=audio_time_allocations {"allocator":"Medium Sysex Events","max_capacity":1985,"max_used":0,"num_failures":0}
2026-09-15T12:03:59.501164=audio_time_allocations {"allocator":"Small Sysex Events","max_capacity":13107,"max_used":0,"num_failures":0}
2026-09-15T12:03:59.501178=audio_time_allocations {"allocator":"Max Remote Automation Events","max_capacity":5041,"max_used":0,"num_failures":0}
2026-09-15T12:03:59.501190=audio_time_allocations {"allocator":"Max Device Automation Events","max_capacity":3196,"max_used":0,"num_failures":0}
2026-09-15T12:03:59.501201=audio_time_allocations {"allocator":"Max Device Midi Events","max_capacity":7710,"max_used":0,"num_failures":0}
2026-09-15T12:03:59.515510=audio_time_allocations {"allocator":"Parameter Compensate Delay","max_capacity":524288,"max_used":0,"num_failures":0}
2026-09-15T12:03:59.530329=device_remove {"alg_latency":"0","device_architecture":"Ableton","device_name":"Reverb","device_type":"AudioFx","path":"Reverb","preset_name":"Reverb Default"}
2026-09-15T12:03:59.530393=device_remove {"alg_latency":"0","device_architecture":"Ableton","device_name":"Delay","device_type":"AudioFx","path":"Delay","preset_name":"Dotted Eighth Note"}
2026-09-15T12:03:59.535226=midi_io_status_controlsurface {"slot":1,"name":"Komplete_Kontrol_A","input":"","output":""}
2026-09-15T12:03:59.535273=midi_io_status_controlsurface {"slot":2,"name":"Push2","input":"","output":""}
2026-09-15T12:03:59.535284=midi_io_status_controlsurface {"slot":3,"name":"","input":"","output":""}
2026-09-15T12:03:59.535293=midi_io_status_controlsurface {"slot":4,"name":"","input":"","output":""}
2026-09-15T12:03:59.535301=midi_io_status_controlsurface {"slot":5,"name":"","input":"","output":""}
2026-09-15T12:03:59.535309=midi_io_status_controlsurface {"slot":6,"name":"","input":"","output":""}
2026-09-15T12:03:59.535317=midi_io_status_controlsurface {"slot":7,"name":"","input":"","output":""}
2026-09-15T12:03:59.535350=midi_io_status_generic {"takeover_mode":"None"}
2026-09-15T12:03:59.535366=midi_io_status_inputs {"name":"MiniFuse 4","track":true,"sync":false,"remote":false,"port_type":"","mpe":false,"sync_delay":0.0,"sync_type":"MIDI Clock","mtc_frame_rate":"All","mtc_start_offset":0.0}
2026-09-15T12:03:59.535378=midi_io_status_inputs {"name":"Computer Keyboard","track":true,"sync":false,"remote":false,"port_type":"","mpe":false,"sync_delay":0.0,"sync_type":"MIDI Clock","mtc_frame_rate":"All","mtc_start_offset":0.0}
2026-09-15T12:03:59.535389=midi_io_status_outputs {"name":"MiniFuse 4","track":false,"sync":false,"remote":false,"port_type":"","sync_delay":0.0,"sync_type":"Song","hardware_resync_message":"Stop and Start"}
2026-09-15T12:03:59.701629=rb_tbool_value {"TBool_action":"OnLoad","TBool_name":"SessionAutomationRecordInArmedTracksOnly","TBool_value":"1"}
2026-09-15T12:03:59.701679=rb_tbool_value {"TBool_action":"OnLoad","TBool_name":"StartTransportWithRecord","TBool_value":"1"}
2026-09-15T12:03:59.712393=rb_tbool_value {"TBool_action":"OnLoad","TBool_name":"ArrangementOverdub","TBool_value":"0"}
2026-09-15T12:04:01.223707=audio_time_allocations {"allocator":"Large Sysex Events","max_capacity":7,"max_used":0,"num_failures":0}
2026-09-15T12:04:01.223737=audio_time_allocations {"allocator":"Medium Sysex Events","max_capacity":1985,"max_used":0,"num_failures":0}
2026-09-15T12:04:01.223749=audio_time_allocations {"allocator":"Small Sysex Events","max_capacity":13107,"max_used":0,"num_failures":0}
2026-09-15T12:04:01.223761=audio_time_allocations {"allocator":"Max Remote Automation Events","max_capacity":5041,"max_used":0,"num_failures":0}
2026-09-15T12:04:01.223771=audio_time_allocations {"allocator":"Max Device Automation Events","max_capacity":3196,"max_used":0,"num_failures":0}
2026-09-15T12:04:01.223782=audio_time_allocations {"allocator":"Max Device Midi Events","max_capacity":7710,"max_used":0,"num_failures":0}
2026-09-15T12:04:01.225294=audio_time_allocations {"allocator":"Midi Delay","max_capacity":21845,"max_used":0,"num_failures":0}
2026-09-15T12:04:01.244332=audio_time_allocations {"allocator":"EventBuffering","max_capacity":18724,"max_used":39,"num_failures":0}
2026-09-15T12:04:01.244369=audio_time_allocations {"allocator":"Parameter Compensate Delay","max_capacity":524288,"max_used":0,"num_failures":0}
2026-09-15T12:04:01.350683=midi_io_status_controlsurface {"slot":1,"name":"Komplete_Kontrol_A","input":"","output":""}
2026-09-15T12:04:01.350726=midi_io_status_controlsurface {"slot":2,"name":"Push2","input":"","output":""}
2026-09-15T12:04:01.350736=midi_io_status_controlsurface {"slot":3,"name":"","input":"","output":""}
2026-09-15T12:04:01.350744=midi_io_status_controlsurface {"slot":4,"name":"","input":"","output":""}
2026-09-15T12:04:01.350751=midi_io_status_controlsurface {"slot":5,"name":"","input":"","output":""}
2026-09-15T12:04:01.350758=midi_io_status_controlsurface {"slot":6,"name":"","input":"","output":""}
2026-09-15T12:04:01.350766=midi_io_status_controlsurface {"slot":7,"name":"","input":"","output":""}
2026-09-15T12:04:01.350801=midi_io_status_generic {"takeover_mode":"None"}
2026-09-15T12:04:01.350815=midi_io_status_inputs {"name":"MiniFuse 4","track":true,"sync":false,"remote":false,"port_type":"","mpe":false,"sync_delay":0.0,"sync_type":"MIDI Clock","mtc_frame_rate":"All","mtc_start_offset":0.0}
2026-09-15T12:04:01.350826=midi_io_status_inputs {"name":"Computer Keyboard","track":true,"sync":false,"remote":false,"port_type":"","mpe":false,"sync_delay":0.0,"sync_type":"MIDI Clock","mtc_frame_rate":"All","mtc_start_offset":0.0}
2026-09-15T12:04:01.350835=midi_io_status_outputs {"name":"MiniFuse 4","track":false,"sync":false,"remote":false,"port_type":"","sync_delay":0.0,"sync_type":"Song","hardware_resync_message":"Stop and Start"}
2026-09-15T12:04:01.549635=device_add {"alg_latency":"0","device_architecture":"Ableton","device_name":"Audio Effect Rack","device_type":"AudioFx","path":"Guitar Recording Rack","preset_name":"Guitar Recording Rack"}
2026-09-15T12:04:01.549684=device_add {"alg_latency":"0","device_architecture":"VST3","device_name":"NAM Rig","device_type":"AudioFx","path":"Guitar Recording Rack | NAM Rig","preset_name":""}
2026-09-15T12:04:01.549701=device_add {"alg_latency":"0","device_architecture":"Ableton","device_name":"Tuner","device_type":"AudioFx","path":"Guitar Recording Rack | Tuner","preset_name":"Default"}
2026-09-15T12:04:01.549716=device_add {"alg_latency":"0","device_architecture":"Ableton","device_name":"EQ Three","device_type":"AudioFx","path":"EQ Three","preset_name":"Default"}
2026-09-15T12:04:01.549731=device_add {"alg_latency":"0","device_architecture":"Ableton","device_name":"Ext. Audio Effect","device_type":"AudioFx","path":"Ext. Audio Effect","preset_name":"Default"}
2026-09-15T12:04:01.549779=device_add {"alg_latency":"0","device_architecture":"Audio Unit","device_name":"Peak Alpine","device_type":"AudioFx","path":"Peak Alpine","preset_name":"Default"}
2026-09-15T12:04:01.549795=device_add {"alg_latency":"0","device_architecture":"VST3","device_name":"Raum","device_type":"AudioFx","path":"Raum","preset_name":""}
2026-09-15T12:04:01.549809=device_add {"alg_latency":"0","device_architecture":"Ableton","device_name":"Utility","device_type":"AudioFx","path":"Utility","preset_name":"Default"}
2026-09-15T12:04:01.549825=device_add {"alg_latency":"0","device_architecture":"Ableton","device_name":"Reverb","device_type":"AudioFx","path":"Reverb","preset_name":"Reverb Default"}
2026-09-15T12:04:01.549842=device_add {"alg_latency":"0","device_architecture":"Ableton","device_name":"Delay","device_type":"AudioFx","path":"Delay","preset_name":"Dotted Eighth Note"}
2026-09-15T12:04:01.549884=au-plugin-bus-config {"manufacturer":"Synth Peak","name":"Peak Alpine","num-input-buses":1,"num-output-buses":1,"is-using-single-bus-model":false}
2026-09-15T12:04:01.560211=device_add {"alg_latency":"0","device_architecture":"VST3","device_name":"SpliceAbletonLive","device_type":"Instrument","path":"SpliceAbletonLive","preset_name":""}
2026-09-15T12:04:01.598296=browser_refresh_start
2026-09-15T12:04:01.598328=browser_refresh_start
2026-09-15T12:04:01.790894=link-status {"enabled":false,"peers":0}
2026-09-15T12:04:01.820731=browser_refresh_start
2026-09-15T12:04:03.100350=screen-properties {"config_change_index":1,"screen_index":0,"left":0,"top":0,"width":1512,"height":982}
2026-09-15T12:04:03.121081=screen-properties {"config_change_index":2,"screen_index":0,"left":0,"top":0,"width":1512,"height":982}
2026-09-15T12:04:03.125440=screen-properties {"config_change_index":3,"screen_index":0,"left":0,"top":0,"width":1512,"height":982}
2026-09-15T12:04:03.133399=screen-properties {"config_change_index":4,"screen_index":0,"left":0,"top":0,"width":1512,"height":982}
2026-09-15T12:04:03.143009=screen-properties {"config_change_index":5,"screen_index":0,"left":0,"top":0,"width":1512,"height":982}
2026-09-15T12:04:03.151568=screen-properties {"config_change_index":6,"screen_index":0,"left":0,"top":0,"width":1512,"height":982}
2026-09-15T12:04:03.159681=screen-properties {"config_change_index":7,"screen_index":0,"left":0,"top":0,"width":1512,"height":982}
2026-09-15T12:04:03.167776=screen-properties {"config_change_index":8,"screen_index":0,"left":0,"top":0,"width":1512,"height":982}
2026-09-15T12:04:03.176177=screen-properties {"config_change_index":9,"screen_index":0,"left":0,"top":0,"width":1512,"height":982}
2026-09-15T12:04:03.184567=screen-properties {"config_change_index":10,"screen_index":0,"left":0,"top":0,"width":1512,"height":982}
2026-09-15T12:04:03.193014=screen-properties {"config_change_index":11,"screen_index":0,"left":0,"top":0,"width":1512,"height":982}
2026-09-15T12:04:03.202101=screen-properties {"config_change_index":12,"screen_index":0,"left":0,"top":0,"width":1512,"height":982}
2026-09-15T12:04:03.209674=screen-properties {"config_change_index":13,"screen_index":0,"left":0,"top":0,"width":1512,"height":982}
2026-09-15T12:04:03.217883=screen-properties {"config_change_index":14,"screen_index":0,"left":0,"top":0,"width":1512,"height":982}
2026-09-15T12:04:03.226436=screen-properties {"config_change_index":15,"screen_index":0,"left":0,"top":0,"width":1512,"height":982}
2026-09-15T12:04:03.234977=screen-properties {"config_change_index":16,"screen_index":0,"left":0,"top":0,"width":1512,"height":982}
2026-09-15T12:04:03.243026=screen-properties {"config_change_index":17,"screen_index":0,"left":0,"top":0,"width":1512,"height":982}
2026-09-15T12:04:03.251276=screen-properties {"config_change_index":18,"screen_index":0,"left":0,"top":0,"width":1512,"height":982}
2026-09-15T12:04:03.259982=screen-properties {"config_change_index":19,"screen_index":0,"left":0,"top":0,"width":1512,"height":982}
2026-09-15T12:04:03.268175=screen-properties {"config_change_index":20,"screen_index":0,"left":0,"top":0,"width":1512,"height":982}
2026-09-15T12:04:03.276323=screen-properties {"config_change_index":21,"screen_index":0,"left":0,"top":0,"width":1512,"height":982}
2026-09-15T12:04:03.284546=screen-properties {"config_change_index":22,"screen_index":0,"left":0,"top":0,"width":1512,"height":982}
2026-09-15T12:04:03.293253=screen-properties {"config_change_index":23,"screen_index":0,"left":0,"top":0,"width":1512,"height":982}
2026-09-15T12:04:03.301837=screen-properties {"config_change_index":24,"screen_index":0,"left":0,"top":0,"width":1512,"height":982}
2026-09-15T12:04:03.309829=screen-properties {"config_change_index":25,"screen_index":0,"left":0,"top":0,"width":1512,"height":982}
2026-09-15T12:04:03.318929=screen-properties {"config_change_index":26,"screen_index":0,"left":0,"top":0,"width":1512,"height":982}
2026-09-15T12:04:03.326653=screen-properties {"config_change_index":27,"screen_index":0,"left":0,"top":0,"width":1512,"height":982}
2026-09-15T12:04:03.334764=screen-properties {"config_change_index":28,"screen_index":0,"left":0,"top":0,"width":1512,"height":982}
2026-09-15T12:04:03.343017=screen-properties {"config_change_index":29,"screen_index":0,"left":0,"top":0,"width":1512,"height":982}
2026-09-15T12:04:03.352118=screen-properties {"config_change_index":30,"screen_index":0,"left":0,"top":0,"width":1512,"height":982}
2026-09-15T12:04:03.360022=screen-properties {"config_change_index":31,"screen_index":0,"left":0,"top":0,"width":1512,"height":982}
2026-09-15T12:04:03.372515=screen-properties {"config_change_index":32,"screen_index":0,"left":0,"top":0,"width":1512,"height":982}
2026-09-15T12:04:03.378053=screen-properties {"config_change_index":33,"screen_index":0,"left":0,"top":0,"width":1512,"height":982}
2026-09-15T12:04:03.384658=screen-properties {"config_change_index":34,"screen_index":0,"left":0,"top":0,"width":1512,"height":982}
2026-09-15T12:04:03.393051=screen-properties {"config_change_index":35,"screen_index":0,"left":0,"top":0,"width":1512,"height":982}
2026-09-15T12:04:03.401843=screen-properties {"config_change_index":36,"screen_index":0,"left":0,"top":0,"width":1512,"height":982}
2026-09-15T12:04:03.409743=screen-properties {"config_change_index":37,"screen_index":0,"left":0,"top":0,"width":1512,"height":982}
2026-09-15T12:04:03.417977=screen-properties {"config_change_index":38,"screen_index":0,"left":0,"top":0,"width":1512,"height":982}
2026-09-15T12:04:03.426400=screen-properties {"config_change_index":39,"screen_index":0,"left":0,"top":0,"width":1512,"height":982}
2026-09-15T12:04:03.434619=screen-properties {"config_change_index":40,"screen_index":0,"left":0,"top":0,"width":1512,"height":982}
2026-09-15T12:04:03.443072=screen-properties {"config_change_index":41,"screen_index":0,"left":0,"top":0,"width":1512,"height":982}
2026-09-15T12:04:03.451260=screen-properties {"config_change_index":42,"screen_index":0,"left":0,"top":0,"width":1512,"height":982}
2026-09-15T12:04:03.459644=screen-properties {"config_change_index":43,"screen_index":0,"left":0,"top":0,"width":1512,"height":982}
2026-09-15T12:04:03.468490=screen-properties {"config_change_index":44,"screen_index":0,"left":0,"top":0,"width":1512,"height":982}
2026-09-15T12:04:03.476314=screen-properties {"config_change_index":45,"screen_index":0,"left":0,"top":0,"width":1512,"height":982}
2026-09-15T12:04:03.484645=screen-properties {"config_change_index":46,"screen_index":0,"left":0,"top":0,"width":1512,"height":982}
2026-09-15T12:04:03.493043=screen-properties {"config_change_index":47,"screen_index":0,"left":0,"top":0,"width":1512,"height":982}
2026-09-15T12:04:03.501394=screen-properties {"config_change_index":48,"screen_index":0,"left":0,"top":0,"width":1512,"height":982}
2026-09-15T12:04:03.509816=screen-properties {"config_change_index":49,"screen_index":0,"left":0,"top":0,"width":1512,"height":982}
2026-09-15T12:04:03.518015=screen-properties {"config_change_index":50,"screen_index":0,"left":0,"top":0,"width":1512,"height":982}
2026-09-15T12:04:03.526289=screen-properties {"config_change_index":51,"screen_index":0,"left":0,"top":0,"width":1512,"height":982}
2026-09-15T12:04:03.535012=screen-properties {"config_change_index":52,"screen_index":0,"left":0,"top":0,"width":1512,"height":982}
2026-09-15T12:04:03.542924=screen-properties {"config_change_index":53,"screen_index":0,"left":0,"top":0,"width":1512,"height":982}
2026-09-15T12:04:03.552283=screen-properties {"config_change_index":54,"screen_index":0,"left":0,"top":0,"width":1512,"height":982}
2026-09-15T12:04:03.559926=screen-properties {"config_change_index":55,"screen_index":0,"left":0,"top":0,"width":1512,"height":982}
2026-09-15T12:04:03.568196=screen-properties {"config_change_index":56,"screen_index":0,"left":0,"top":0,"width":1512,"height":982}
2026-09-15T12:04:03.576470=screen-properties {"config_change_index":57,"screen_index":0,"left":0,"top":0,"width":1512,"height":982}
2026-09-15T12:04:03.584988=screen-properties {"config_change_index":58,"screen_index":0,"left":0,"top":0,"width":1512,"height":982}
2026-09-15T12:04:03.592983=screen-properties {"config_change_index":59,"screen_index":0,"left":0,"top":0,"width":1512,"height":982}
2026-09-15T12:04:03.602033=screen-properties {"config_change_index":60,"screen_index":0,"left":0,"top":0,"width":1512,"height":982}
2026-09-15T12:04:03.609605=screen-properties {"config_change_index":61,"screen_index":0,"left":0,"top":0,"width":1512,"height":982}
2026-09-15T12:04:03.618995=screen-properties {"config_change_index":62,"screen_index":0,"left":0,"top":0,"width":1512,"height":982}
2026-09-15T12:04:03.626206=screen-properties {"config_change_index":63,"screen_index":0,"left":0,"top":0,"width":1512,"height":982}
2026-09-15T12:04:03.634710=screen-properties {"config_change_index":64,"screen_index":0,"left":0,"top":0,"width":1512,"height":982}
2026-09-15T12:04:03.642987=screen-properties {"config_change_index":65,"screen_index":0,"left":0,"top":0,"width":1512,"height":982}
2026-09-15T12:04:03.651208=screen-properties {"config_change_index":66,"screen_index":0,"left":0,"top":0,"width":1512,"height":982}
2026-09-15T12:04:03.659694=screen-properties {"config_change_index":67,"screen_index":0,"left":0,"top":0,"width":1512,"height":982}
2026-09-15T12:04:03.667927=screen-properties {"config_change_index":68,"screen_index":0,"left":0,"top":0,"width":1512,"height":982}
2026-09-15T12:04:03.676392=screen-properties {"config_change_index":69,"screen_index":0,"left":0,"top":0,"width":1512,"height":982}
2026-09-15T12:04:03.685170=screen-properties {"config_change_index":70,"screen_index":0,"left":0,"top":0,"width":1512,"height":982}
2026-09-15T12:04:03.692785=screen-properties {"config_change_index":71,"screen_index":0,"left":0,"top":0,"width":1512,"height":982}
2026-09-15T12:04:03.701629=screen-properties {"config_change_index":72,"screen_index":0,"left":0,"top":0,"width":1512,"height":982}
2026-09-15T12:04:03.709547=screen-properties {"config_change_index":73,"screen_index":0,"left":0,"top":0,"width":1512,"height":982}
2026-09-15T12:04:03.717942=screen-properties {"config_change_index":74,"screen_index":0,"left":0,"top":0,"width":1512,"height":982}
2026-09-15T12:04:03.726308=screen-properties {"config_change_index":75,"screen_index":0,"left":0,"top":0,"width":1512,"height":982}
2026-09-15T12:04:03.735671=screen-properties {"config_change_index":76,"screen_index":0,"left":0,"top":0,"width":1512,"height":982}
2026-09-15T12:04:03.743119=screen-properties {"config_change_index":77,"screen_index":0,"left":0,"top":0,"width":1512,"height":982}
2026-09-15T12:04:03.751228=screen-properties {"config_change_index":78,"screen_index":0,"left":0,"top":0,"width":1512,"height":982}
2026-09-15T12:04:03.759699=screen-properties {"config_change_index":79,"screen_index":0,"left":0,"top":0,"width":1512,"height":982}
2026-09-15T12:04:03.767880=screen-properties {"config_change_index":80,"screen_index":0,"left":0,"top":0,"width":1512,"height":982}
2026-09-15T12:04:03.776371=screen-properties {"config_change_index":81,"screen_index":0,"left":0,"top":0,"width":1512,"height":982}
2026-09-15T12:04:03.784941=screen-properties {"config_change_index":82,"screen_index":0,"left":0,"top":0,"width":1512,"height":982}
2026-09-15T12:04:03.792930=screen-properties {"config_change_index":83,"screen_index":0,"left":0,"top":0,"width":1512,"height":982}
2026-09-15T12:04:03.802223=screen-properties {"config_change_index":84,"screen_index":0,"left":0,"top":0,"width":1512,"height":982}
2026-09-15T12:04:03.809625=screen-properties {"config_change_index":85,"screen_index":0,"left":0,"top":0,"width":1512,"height":982}
2026-09-15T12:04:03.817949=screen-properties {"config_change_index":86,"screen_index":0,"left":0,"top":0,"width":1512,"height":982}
2026-09-15T12:04:03.826648=screen-properties {"config_change_index":87,"screen_index":0,"left":0,"top":0,"width":1512,"height":982}
2026-09-15T12:04:03.834967=screen-properties {"config_change_index":88,"screen_index":0,"left":0,"top":0,"width":1512,"height":982}
2026-09-15T12:04:03.843149=screen-properties {"config_change_index":89,"screen_index":0,"left":0,"top":0,"width":1512,"height":982}
2026-09-15T12:04:03.851268=screen-properties {"config_change_index":90,"screen_index":0,"left":0,"top":0,"width":1512,"height":982}
2026-09-15T12:04:03.859661=screen-properties {"config_change_index":91,"screen_index":0,"left":0,"top":0,"width":1512,"height":982}
2026-09-15T12:04:03.867990=screen-properties {"config_change_index":92,"screen_index":0,"left":0,"top":0,"width":1512,"height":982}
2026-09-15T12:04:03.876160=screen-properties {"config_change_index":93,"screen_index":0,"left":0,"top":0,"width":1512,"height":982}
2026-09-15T12:04:03.885421=screen-properties {"config_change_index":94,"screen_index":0,"left":0,"top":0,"width":1512,"height":982}
2026-09-15T12:04:03.892894=screen-properties {"config_change_index":95,"screen_index":0,"left":0,"top":0,"width":1512,"height":982}
2026-09-15T12:04:03.901234=screen-properties {"config_change_index":96,"screen_index":0,"left":0,"top":0,"width":1512,"height":982}
2026-09-15T12:04:03.909657=screen-properties {"config_change_index":97,"screen_index":0,"left":0,"top":0,"width":1512,"height":982}
2026-09-15T12:04:03.918780=screen-properties {"config_change_index":98,"screen_index":0,"left":0,"top":0,"width":1512,"height":982}
2026-09-15T12:04:03.926541=screen-properties {"config_change_index":99,"screen_index":0,"left":0,"top":0,"width":1512,"height":982}
2026-09-15T12:04:03.934929=screen-properties {"config_change_index":100,"screen_index":0,"left":0,"top":0,"width":1512,"height":982}
2026-09-15T12:04:03.942987=screen-properties {"config_change_index":101,"screen_index":0,"left":0,"top":0,"width":1512,"height":982}
2026-09-15T12:04:03.951184=screen-properties {"config_change_index":102,"screen_index":0,"left":0,"top":0,"width":1512,"height":982}
2026-09-15T12:04:03.959975=screen-properties {"config_change_index":103,"screen_index":0,"left":0,"top":0,"width":1512,"height":982}
2026-09-15T12:04:03.968017=screen-properties {"config_change_index":104,"screen_index":0,"left":0,"top":0,"width":1512,"height":982}
2026-09-15T12:04:03.976163=screen-properties {"config_change_index":105,"screen_index":0,"left":0,"top":0,"width":1512,"height":982}
2026-09-15T12:04:03.980539=browser_refresh_start
2026-09-15T12:04:03.984953=screen-properties {"config_change_index":106,"screen_index":0,"left":0,"top":0,"width":1512,"height":982}
2026-09-15T12:04:03.992746=screen-properties {"config_change_index":107,"screen_index":0,"left":0,"top":0,"width":1512,"height":982}
2026-09-15T12:04:04.002111=screen-properties {"config_change_index":108,"screen_index":0,"left":0,"top":0,"width":1512,"height":982}
2026-09-15T12:04:04.009640=screen-properties {"config_change_index":109,"screen_index":0,"left":0,"top":0,"width":1512,"height":982}
2026-09-15T12:04:04.018308=screen-properties {"config_change_index":110,"screen_index":0,"left":0,"top":0,"width":1512,"height":982}
2026-09-15T12:04:04.026593=screen-properties {"config_change_index":111,"screen_index":0,"left":0,"top":0,"width":1512,"height":982}
2026-09-15T12:04:04.035333=screen-properties {"config_change_index":112,"screen_index":0,"left":0,"top":0,"width":1512,"height":982}
2026-09-15T12:04:04.043168=screen-properties {"config_change_index":113,"screen_index":0,"left":0,"top":0,"width":1512,"height":982}
2026-09-15T12:04:04.051304=screen-properties {"config_change_index":114,"screen_index":0,"left":0,"top":0,"width":1512,"height":982}
2026-09-15T12:04:04.059956=screen-properties {"config_change_index":115,"screen_index":0,"left":0,"top":0,"width":1512,"height":982}
2026-09-15T12:04:04.068413=screen-properties {"config_change_index":116,"screen_index":0,"left":0,"top":0,"width":1512,"height":982}
2026-09-15T12:04:04.076787=screen-properties {"config_change_index":117,"screen_index":0,"left":0,"top":0,"width":1512,"height":982}
2026-09-15T12:04:04.085427=screen-properties {"config_change_index":118,"screen_index":0,"left":0,"top":0,"width":1512,"height":982}
2026-09-15T12:04:04.093109=screen-properties {"config_change_index":119,"screen_index":0,"left":0,"top":0,"width":1512,"height":982}
2026-09-15T12:04:04.101606=screen-properties {"config_change_index":120,"screen_index":0,"left":0,"top":0,"width":1512,"height":982}
2026-09-15T12:04:04.109608=screen-properties {"config_change_index":121,"screen_index":0,"left":0,"top":0,"width":1512,"height":982}
2026-09-15T12:04:04.118282=screen-properties {"config_change_index":122,"screen_index":0,"left":0,"top":0,"width":1512,"height":982}
2026-09-15T12:04:04.126618=screen-properties {"config_change_index":123,"screen_index":0,"left":0,"top":0,"width":1512,"height":982}
2026-09-15T12:04:04.134441=screen-properties {"config_change_index":124,"screen_index":0,"left":0,"top":0,"width":1512,"height":982}
2026-09-15T12:04:04.143025=screen-properties {"config_change_index":125,"screen_index":0,"left":0,"top":0,"width":1512,"height":982}
2026-09-15T12:04:04.151861=screen-properties {"config_change_index":126,"screen_index":0,"left":0,"top":0,"width":1512,"height":982}
2026-09-15T12:04:04.159693=screen-properties {"config_change_index":127,"screen_index":0,"left":0,"top":0,"width":1512,"height":982}
2026-09-15T12:04:04.168521=screen-properties {"config_change_index":128,"screen_index":0,"left":0,"top":0,"width":1512,"height":982}
2026-09-15T12:04:04.176368=screen-properties {"config_change_index":129,"screen_index":0,"left":0,"top":0,"width":1512,"height":982}
2026-09-15T12:04:04.184604=screen-properties {"config_change_index":130,"screen_index":0,"left":0,"top":0,"width":1512,"height":982}
2026-09-15T12:04:04.192985=screen-properties {"config_change_index":131,"screen_index":0,"left":0,"top":0,"width":1512,"height":982}
2026-09-15T12:04:04.201215=screen-properties {"config_change_index":132,"screen_index":0,"left":0,"top":0,"width":1512,"height":982}
2026-09-15T12:04:04.209596=screen-properties {"config_change_index":133,"screen_index":0,"left":0,"top":0,"width":1512,"height":982}
2026-09-15T12:04:04.217828=screen-properties {"config_change_index":134,"screen_index":0,"left":0,"top":0,"width":1512,"height":982}
2026-09-15T12:04:04.226334=screen-properties {"config_change_index":135,"screen_index":0,"left":0,"top":0,"width":1512,"height":982}
2026-09-15T12:04:04.234562=screen-properties {"config_change_index":136,"screen_index":0,"left":0,"top":0,"width":1512,"height":982}
2026-09-15T12:04:04.242857=screen-properties {"config_change_index":137,"screen_index":0,"left":0,"top":0,"width":1512,"height":982}
2026-09-15T12:04:04.251290=screen-properties {"config_change_index":138,"screen_index":0,"left":0,"top":0,"width":1512,"height":982}
2026-09-15T12:04:04.259779=screen-properties {"config_change_index":139,"screen_index":0,"left":0,"top":0,"width":1512,"height":982}
2026-09-15T12:04:04.268371=screen-properties {"config_change_index":140,"screen_index":0,"left":0,"top":0,"width":1512,"height":982}
2026-09-15T12:04:04.276376=screen-properties {"config_change_index":141,"screen_index":0,"left":0,"top":0,"width":1512,"height":982}
2026-09-15T12:04:04.284580=screen-properties {"config_change_index":142,"screen_index":0,"left":0,"top":0,"width":1512,"height":982}
2026-09-15T12:04:04.293120=screen-properties {"config_change_index":143,"screen_index":0,"left":0,"top":0,"width":1512,"height":982}
2026-09-15T12:04:04.301754=screen-properties {"config_change_index":144,"screen_index":0,"left":0,"top":0,"width":1512,"height":982}
2026-09-15T12:04:04.309683=screen-properties {"config_change_index":145,"screen_index":0,"left":0,"top":0,"width":1512,"height":982}
2026-09-15T12:04:04.317861=screen-properties {"config_change_index":146,"screen_index":0,"left":0,"top":0,"width":1512,"height":982}
2026-09-15T12:04:04.326247=screen-properties {"config_change_index":147,"screen_index":0,"left":0,"top":0,"width":1512,"height":982}
2026-09-15T12:04:04.334897=screen-properties {"config_change_index":148,"screen_index":0,"left":0,"top":0,"width":1512,"height":982}
2026-09-15T12:04:04.343231=screen-properties {"config_change_index":149,"screen_index":0,"left":0,"top":0,"width":1512,"height":982}
2026-09-15T12:04:04.351561=screen-properties {"config_change_index":150,"screen_index":0,"left":0,"top":0,"width":1512,"height":982}
2026-09-15T12:04:04.359931=screen-properties {"config_change_index":151,"screen_index":0,"left":0,"top":0,"width":1512,"height":982}
2026-09-15T12:04:04.367997=screen-properties {"config_change_index":152,"screen_index":0,"left":0,"top":0,"width":1512,"height":982}
2026-09-15T12:04:04.376182=screen-properties {"config_change_index":153,"screen_index":0,"left":0,"top":0,"width":1512,"height":982}
2026-09-15T12:04:04.384621=screen-properties {"config_change_index":154,"screen_index":0,"left":0,"top":0,"width":1512,"height":982}
2026-09-15T12:04:04.393329=screen-properties {"config_change_index":155,"screen_index":0,"left":0,"top":0,"width":1512,"height":982}
2026-09-15T12:04:04.401295=screen-properties {"config_change_index":156,"screen_index":0,"left":0,"top":0,"width":1512,"height":982}
2026-09-15T12:04:04.409814=screen-properties {"config_change_index":157,"screen_index":0,"left":0,"top":0,"width":1512,"height":982}
2026-09-15T12:04:04.418798=screen-properties {"config_change_index":158,"screen_index":0,"left":0,"top":0,"width":1512,"height":982}
2026-09-15T12:04:04.426498=screen-properties {"config_change_index":159,"screen_index":0,"left":0,"top":0,"width":1512,"height":982}
2026-09-15T12:04:04.434674=screen-properties {"config_change_index":160,"screen_index":0,"left":0,"top":0,"width":1512,"height":982}
2026-09-15T12:04:04.442962=screen-properties {"config_change_index":161,"screen_index":0,"left":0,"top":0,"width":1512,"height":982}
2026-09-15T12:04:04.451119=screen-properties {"config_change_index":162,"screen_index":0,"left":0,"top":0,"width":1512,"height":982}
2026-09-15T12:04:04.459964=screen-properties {"config_change_index":163,"screen_index":0,"left":0,"top":0,"width":1512,"height":982}
2026-09-15T12:04:04.468582=screen-properties {"config_change_index":164,"screen_index":0,"left":0,"top":0,"width":1512,"height":982}
2026-09-15T12:04:04.476356=screen-properties {"config_change_index":165,"screen_index":0,"left":0,"top":0,"width":1512,"height":982}
2026-09-15T12:04:04.484646=screen-properties {"config_change_index":166,"screen_index":0,"left":0,"top":0,"width":1512,"height":982}
2026-09-15T12:04:04.493189=screen-properties {"config_change_index":167,"screen_index":0,"left":0,"top":0,"width":1512,"height":982}
2026-09-15T12:04:04.501625=screen-properties {"config_change_index":168,"screen_index":0,"left":0,"top":0,"width":1512,"height":982}
2026-09-15T12:04:04.509719=screen-properties {"config_change_index":169,"screen_index":0,"left":0,"top":0,"width":1512,"height":982}
2026-09-15T12:04:04.517917=screen-properties {"config_change_index":170,"screen_index":0,"left":0,"top":0,"width":1512,"height":982}
2026-09-15T12:04:04.526697=screen-properties {"config_change_index":171,"screen_index":0,"left":0,"top":0,"width":1512,"height":982}
2026-09-15T12:04:04.534604=screen-properties {"config_change_index":172,"screen_index":0,"left":0,"top":0,"width":1512,"height":982}
2026-09-15T12:04:04.543129=screen-properties {"config_change_index":173,"screen_index":0,"left":0,"top":0,"width":1512,"height":982}
2026-09-15T12:04:04.551263=screen-properties {"config_change_index":174,"screen_index":0,"left":0,"top":0,"width":1512,"height":982}
2026-09-15T12:04:04.559796=screen-properties {"config_change_index":175,"screen_index":0,"left":0,"top":0,"width":1512,"height":982}
2026-09-15T12:04:04.568324=screen-properties {"config_change_index":176,"screen_index":0,"left":0,"top":0,"width":1512,"height":982}
2026-09-15T12:04:04.576261=screen-properties {"config_change_index":177,"screen_index":0,"left":0,"top":0,"width":1512,"height":982}
2026-09-15T12:04:04.584418=screen-properties {"config_change_index":178,"screen_index":0,"left":0,"top":0,"width":1512,"height":982}
2026-09-15T12:04:04.592938=screen-properties {"config_change_index":179,"screen_index":0,"left":0,"top":0,"width":1512,"height":982}
2026-09-15T12:04:04.601942=screen-properties {"config_change_index":180,"screen_index":0,"left":0,"top":0,"width":1512,"height":982}
2026-09-15T12:04:04.609650=screen-properties {"config_change_index":181,"screen_index":0,"left":0,"top":0,"width":1512,"height":982}
2026-09-15T12:04:04.617880=screen-properties {"config_change_index":182,"screen_index":0,"left":0,"top":0,"width":1512,"height":982}
2026-09-15T12:04:04.626300=screen-properties {"config_change_index":183,"screen_index":0,"left":0,"top":0,"width":1512,"height":982}
2026-09-15T12:04:04.634943=screen-properties {"config_change_index":184,"screen_index":0,"left":0,"top":0,"width":1512,"height":982}
2026-09-15T12:04:04.643436=screen-properties {"config_change_index":185,"screen_index":0,"left":0,"top":0,"width":1512,"height":982}
2026-09-15T12:04:04.652016=screen-properties {"config_change_index":186,"screen_index":0,"left":0,"top":0,"width":1512,"height":982}
2026-09-15T12:04:04.660075=screen-properties {"config_change_index":187,"screen_index":0,"left":0,"top":0,"width":1512,"height":982}
2026-09-15T12:04:04.668459=screen-properties {"config_change_index":188,"screen_index":0,"left":0,"top":0,"width":1512,"height":982}
2026-09-15T12:04:04.676349=screen-properties {"config_change_index":189,"screen_index":0,"left":0,"top":0,"width":1512,"height":982}
2026-09-15T12:04:04.684518=screen-properties {"config_change_index":190,"screen_index":0,"left":0,"top":0,"width":1512,"height":982}
2026-09-15T12:04:04.692903=screen-properties {"config_change_index":191,"screen_index":0,"left":0,"top":0,"width":1512,"height":982}
2026-09-15T12:04:04.702023=screen-properties {"config_change_index":192,"screen_index":0,"left":0,"top":0,"width":1512,"height":982}
2026-09-15T12:04:04.709703=screen-properties {"config_change_index":193,"screen_index":0,"left":0,"top":0,"width":1512,"height":982}
2026-09-15T12:04:04.717985=screen-properties {"config_change_index":194,"screen_index":0,"left":0,"top":0,"width":1512,"height":982}
2026-09-15T12:04:04.726487=screen-properties {"config_change_index":195,"screen_index":0,"left":0,"top":0,"width":1512,"height":982}
2026-09-15T12:04:04.735104=screen-properties {"config_change_index":196,"screen_index":0,"left":0,"top":0,"width":1512,"height":982}
2026-09-15T12:04:04.742976=screen-properties {"config_change_index":197,"screen_index":0,"left":0,"top":0,"width":1512,"height":982}
2026-09-15T12:04:04.751328=screen-properties {"config_change_index":198,"screen_index":0,"left":0,"top":0,"width":1512,"height":982}
2026-09-15T12:04:04.760050=screen-properties {"config_change_index":199,"screen_index":0,"left":0,"top":0,"width":1512,"height":982}
2026-09-15T12:04:04.768341=screen-properties {"config_change_index":200,"screen_index":0,"left":0,"top":0,"width":1512,"height":982}
2026-09-15T12:04:04.776320=screen-properties {"config_change_index":201,"screen_index":0,"left":0,"top":0,"width":1512,"height":982}
2026-09-15T12:04:04.785763=screen-properties {"config_change_index":202,"screen_index":0,"left":0,"top":0,"width":1512,"height":982}
2026-09-15T12:04:04.793138=screen-properties {"config_change_index":203,"screen_index":0,"left":0,"top":0,"width":1512,"height":982}
2026-09-15T12:04:04.801735=screen-properties {"config_change_index":204,"screen_index":0,"left":0,"top":0,"width":1512,"height":982}
2026-09-15T12:04:04.809566=screen-properties {"config_change_index":205,"screen_index":0,"left":0,"top":0,"width":1512,"height":982}
2026-09-15T12:04:04.820717=screen-properties {"config_change_index":206,"screen_index":0,"left":0,"top":0,"width":1512,"height":982}
2026-09-15T12:04:04.826554=screen-properties {"config_change_index":207,"screen_index":0,"left":0,"top":0,"width":1512,"height":982}
2026-09-15T12:04:04.834501=screen-properties {"config_change_index":208,"screen_index":0,"left":0,"top":0,"width":1512,"height":982}
2026-09-15T12:04:04.842963=screen-properties {"config_change_index":209,"screen_index":0,"left":0,"top":0,"width":1512,"height":982}
2026-09-15T12:04:04.851287=screen-properties {"config_change_index":210,"screen_index":0,"left":0,"top":0,"width":1512,"height":982}
2026-09-15T12:04:04.859918=screen-properties {"config_change_index":211,"screen_index":0,"left":0,"top":0,"width":1512,"height":982}
2026-09-15T12:04:04.868272=screen-properties {"config_change_index":212,"screen_index":0,"left":0,"top":0,"width":1512,"height":982}
2026-09-15T12:04:04.876461=screen-properties {"config_change_index":213,"screen_index":0,"left":0,"top":0,"width":1512,"height":982}
2026-09-15T12:04:04.884679=screen-properties {"config_change_index":214,"screen_index":0,"left":0,"top":0,"width":1512,"height":982}
2026-09-15T12:04:04.893324=screen-properties {"config_change_index":215,"screen_index":0,"left":0,"top":0,"width":1512,"height":982}
2026-09-15T12:04:04.902072=screen-properties {"config_change_index":216,"screen_index":0,"left":0,"top":0,"width":1512,"height":982}
2026-09-15T12:04:04.909824=screen-properties {"config_change_index":217,"screen_index":0,"left":0,"top":0,"width":1512,"height":982}
2026-09-15T12:04:04.918772=screen-properties {"config_change_index":218,"screen_index":0,"left":0,"top":0,"width":1512,"height":982}
2026-09-15T12:04:04.942654=screen-properties {"config_change_index":219,"screen_index":0,"left":0,"top":0,"width":1512,"height":982}
2026-09-15T12:04:04.955076=screen-properties {"config_change_index":220,"screen_index":0,"left":0,"top":0,"width":1512,"height":982}
2026-09-15T12:04:04.966064=screen-properties {"config_change_index":221,"screen_index":0,"left":0,"top":0,"width":1512,"height":982}
2026-09-15T12:04:04.978336=screen-properties {"config_change_index":222,"screen_index":0,"left":0,"top":0,"width":1512,"height":982}
2026-09-15T12:04:04.986929=screen-properties {"config_change_index":223,"screen_index":0,"left":0,"top":0,"width":1512,"height":982}
2026-09-15T12:04:04.995487=screen-properties {"config_change_index":224,"screen_index":0,"left":0,"top":0,"width":1512,"height":982}
2026-09-15T12:04:05.003645=screen-properties {"config_change_index":225,"screen_index":0,"left":0,"top":0,"width":1512,"height":982}
2026-09-15T12:04:05.012334=screen-properties {"config_change_index":226,"screen_index":0,"left":0,"top":0,"width":1512,"height":982}
2026-09-15T12:04:05.020054=screen-properties {"config_change_index":227,"screen_index":0,"left":0,"top":0,"width":1512,"height":982}
2026-09-15T12:04:05.028450=screen-properties {"config_change_index":228,"screen_index":0,"left":0,"top":0,"width":1512,"height":982}
2026-09-15T12:04:05.036760=screen-properties {"config_change_index":229,"screen_index":0,"left":0,"top":0,"width":1512,"height":982}
2026-09-15T12:04:05.045156=screen-properties {"config_change_index":230,"screen_index":0,"left":0,"top":0,"width":1512,"height":982}
2026-09-15T12:04:05.053321=screen-properties {"config_change_index":231,"screen_index":0,"left":0,"top":0,"width":1512,"height":982}
2026-09-15T12:04:05.061764=screen-properties {"config_change_index":232,"screen_index":0,"left":0,"top":0,"width":1512,"height":982}
2026-09-15T12:04:05.070335=screen-properties {"config_change_index":233,"screen_index":0,"left":0,"top":0,"width":1512,"height":982}
2026-09-15T12:04:05.078841=screen-properties {"config_change_index":234,"screen_index":0,"left":0,"top":0,"width":1512,"height":982}
2026-09-15T12:04:05.087052=screen-properties {"config_change_index":235,"screen_index":0,"left":0,"top":0,"width":1512,"height":982}
2026-09-15T12:04:05.095708=screen-properties {"config_change_index":236,"screen_index":0,"left":0,"top":0,"width":1512,"height":982}
2026-09-15T12:04:05.103646=screen-properties {"config_change_index":237,"screen_index":0,"left":0,"top":0,"width":1512,"height":982}
2026-09-15T12:04:05.330172=browser_refresh_start
2026-09-15T12:04:51.442700=device_add {"alg_latency":"0","device_architecture":"Audio Unit","device_name":"Peak Grain","device_type":"AudioFx","path":"Peak Grain","preset_name":"Default"}
2026-09-15T12:04:51.443440=au-plugin-bus-config {"manufacturer":"Synth Peak","name":"Peak Grain","num-input-buses":1,"num-output-buses":1,"is-using-single-bus-model":false}
2026-09-15T12:04:52.951048=status {"audio_drop_outs":"2","audio_usage_average":"8.88317","audio_usage_peak":"12.075","mem_private":"0","mem_resident":"1075429376","mem_virtual":"453347590144"}
2026-09-15T12:04:54.281392=device_remove {"alg_latency":"0","device_architecture":"Audio Unit","device_name":"Peak Grain","device_type":"AudioFx","path":"Peak Grain","preset_name":"Default"}
2026-09-15T12:04:58.176590=device_add {"alg_latency":"0","device_architecture":"Audio Unit","device_name":"Peak Grain","device_type":"AudioFx","path":"Peak Grain","preset_name":"Default"}
2026-09-15T12:04:58.176661=au-plugin-bus-config {"manufacturer":"Synth Peak","name":"Peak Grain","num-input-buses":1,"num-output-buses":1,"is-using-single-bus-model":false}
2026-09-15T12:05:52.961263=status {"audio_drop_outs":"0","audio_usage_average":"10.1432","audio_usage_peak":"14.325","mem_private":"0","mem_resident":"1051623424","mem_virtual":"453362401280"}
2026-09-15T12:06:52.961325=status {"audio_drop_outs":"0","audio_usage_average":"10.3867","audio_usage_peak":"15.15","mem_private":"0","mem_resident":"1051983872","mem_virtual":"453353078784"}
2026-09-15T12:07:52.961880=status {"audio_drop_outs":"0","audio_usage_average":"10.1771","audio_usage_peak":"13.8","mem_private":"0","mem_resident":"1052065792","mem_virtual":"453353078784"}
2026-09-15T12:08:52.962528=status {"audio_drop_outs":"0","audio_usage_average":"10.0486","audio_usage_peak":"15.525","mem_private":"0","mem_resident":"988200960","mem_virtual":"453353078784"}
2026-09-15T12:09:52.963676=status {"audio_drop_outs":"0","audio_usage_average":"10.9947","audio_usage_peak":"15.225","mem_private":"0","mem_resident":"988217344","mem_virtual":"453353078784"}
2026-09-15T12:10:52.963600=status {"audio_drop_outs":"0","audio_usage_average":"10.235","audio_usage_peak":"15.975","mem_private":"0","mem_resident":"987873280","mem_virtual":"453353078784"}
2026-09-15T12:11:52.964229=status {"audio_drop_outs":"0","audio_usage_average":"10.2418","audio_usage_peak":"15.6","mem_private":"0","mem_resident":"987856896","mem_virtual":"453354225664"}
2026-09-15T12:12:52.964115=status {"audio_drop_outs":"0","audio_usage_average":"10.7388","audio_usage_peak":"16.2","mem_private":"0","mem_resident":"987987968","mem_virtual":"453354799104"}
2026-09-15T12:13:52.964234=status {"audio_drop_outs":"0","audio_usage_average":"11.0136","audio_usage_peak":"17.775","mem_private":"0","mem_resident":"988004352","mem_virtual":"453354799104"}
2026-09-15T12:14:52.965502=status {"audio_drop_outs":"0","audio_usage_average":"9.82284","audio_usage_peak":"14.025","mem_private":"0","mem_resident":"988037120","mem_virtual":"453333778432"}
2026-09-15T12:15:52.965653=status {"audio_drop_outs":"0","audio_usage_average":"11.1295","audio_usage_peak":"15.75","mem_private":"0","mem_resident":"988168192","mem_virtual":"453334351872"}
2026-09-15T12:16:52.965596=status {"audio_drop_outs":"0","audio_usage_average":"9.93167","audio_usage_peak":"13.5","mem_private":"0","mem_resident":"988119040","mem_virtual":"453333778432"}
2026-09-15T12:17:52.966360=status {"audio_drop_outs":"0","audio_usage_average":"10.1403","audio_usage_peak":"14.625","mem_private":"0","mem_resident":"988168192","mem_virtual":"453334351872"}
2026-09-15T12:18:52.968329=status {"audio_drop_outs":"0","audio_usage_average":"10.4513","audio_usage_peak":"15.9","mem_private":"0","mem_resident":"988168192","mem_virtual":"453334351872"}
2026-09-15T12:19:52.977130=status {"audio_drop_outs":"0","audio_usage_average":"11.0801","audio_usage_peak":"17.1","mem_private":"0","mem_resident":"988217344","mem_virtual":"453334351872"}
2026-09-15T12:20:52.977571=status {"audio_drop_outs":"0","audio_usage_average":"10.2723","audio_usage_peak":"14.85","mem_private":"0","mem_resident":"988217344","mem_virtual":"453334351872"}
2026-09-15T12:21:52.978244=status {"audio_drop_outs":"0","audio_usage_average":"9.97165","audio_usage_peak":"14.4","mem_private":"0","mem_resident":"988217344","mem_virtual":"453334351872"}
2026-09-15T12:22:52.978317=status {"audio_drop_outs":"0","audio_usage_average":"11.8462","audio_usage_peak":"17.025","mem_private":"0","mem_resident":"988233728","mem_virtual":"453333778432"}
2026-09-15T12:23:52.979004=status {"audio_drop_outs":"0","audio_usage_average":"11.6135","audio_usage_peak":"16.35","mem_private":"0","mem_resident":"988250112","mem_virtual":"453333778432"}
2026-09-15T12:24:52.979563=status {"audio_drop_outs":"0","audio_usage_average":"10.3612","audio_usage_peak":"15.6","mem_private":"0","mem_resident":"988266496","mem_virtual":"453333778432"}
2026-09-15T12:25:52.980607=status {"audio_drop_outs":"0","audio_usage_average":"11.3694","audio_usage_peak":"16.725","mem_private":"0","mem_resident":"988282880","mem_virtual":"453333778432"}
2026-09-15T12:26:52.980869=status {"audio_drop_outs":"0","audio_usage_average":"10.9531","audio_usage_peak":"18.3","mem_private":"0","mem_resident":"988282880","mem_virtual":"453333778432"}
